display_lcd.c:66:6:Init_Display	16	static
display_lcd.c:96:6:Display_Render	8	static
display_lcd.c:116:6:Draw_GUI	24	static
display_lcd.c:144:6:Plot_Signal	32	static
display_lcd.c:174:6:Plot_Threshold	16	static
display_lcd.c:182:6:Draw_Signal_Marker	16	static
display_lcd.c:197:6:Draw_Sampling_Target_Marker	8	static
display_lcd.c:203:6:Update_Signal_Labal_Cnt	16	static
display_lcd.c:217:6:active_button	24	static
display_lcd.c:232:6:TouchScreen_Polling	24	static
display_lcd.c:261:9:get_current_plot_ID	4	static
