core_cm7.h:2229:22:SCB_EnableICache	4	static,ignoring_inline_asm
core_cm7.h:2281:22:SCB_EnableDCache	24	static,ignoring_inline_asm
main.c:101:6:declencher_acquisition	8	static
main.c:107:6:HAL_TIM_PeriodElapsedCallback	16	static
main.c:193:5:main	8	static
main.c:302:6:SystemClock_Config	216	static
main.c:373:13:MX_ADC1_Init	24	static
main.c:423:13:MX_DCMI_Init	8	static
main.c:460:13:MX_DMA2D_Init	8	static
main.c:497:13:MX_LTDC_Init	64	static
main.c:559:13:MX_QUADSPI_Init	8	static
main.c:594:13:MX_RTC_Init	80	static
main.c:687:13:MX_SDMMC1_SD_Init	8	static
main.c:723:13:MX_TIM3_Init	40	static
main.c:768:13:MX_TIM7_Init	24	static
main.c:806:13:MX_USART1_UART_Init	8	static
main.c:839:13:MX_DMA_Init	16	static
main.c:851:13:MX_FMC_Init	40	static
main.c:902:13:MX_GPIO_Init	72	static
main.c:1206:6:Error_Handler	4	static
