core_cm7.h:2229:22:SCB_EnableICache	4	static,ignoring_inline_asm
core_cm7.h:2281:22:SCB_EnableDCache	24	static,ignoring_inline_asm
main.c:117:6:declencher_acquisition	8	static
main.c:123:6:crosscorrelation	136	dynamic
main.c:219:6:HAL_ADC_ConvCpltCallback	16	static
main.c:232:6:DMA1_Channel1_IRQHandler	4	static
main.c:242:6:HAL_TIM_PeriodElapsedCallback	16	static
main.c:328:5:main	8	static
main.c:417:6:SystemClock_Config	216	static
main.c:488:13:MX_ADC1_Init	24	static
main.c:538:13:MX_DCMI_Init	8	static
main.c:575:13:MX_DMA2D_Init	8	static
main.c:612:13:MX_LTDC_Init	64	static
main.c:674:13:MX_QUADSPI_Init	8	static
main.c:709:13:MX_RTC_Init	80	static
main.c:802:13:MX_SDMMC1_SD_Init	8	static
main.c:838:13:MX_TIM3_Init	40	static
main.c:883:13:MX_TIM7_Init	24	static
main.c:921:13:MX_USART1_UART_Init	8	static
main.c:954:13:MX_DMA_Init	16	static
main.c:966:13:MX_FMC_Init	40	static
main.c:1017:13:MX_GPIO_Init	72	static
main.c:1321:6:Error_Handler	4	static
