stm32f7xx_hal_msp.c:65:6:HAL_MspInit	16	static
stm32f7xx_hal_msp.c:87:6:HAL_ADC_MspInit	48	static
stm32f7xx_hal_msp.c:142:6:HAL_ADC_MspDeInit	16	static
stm32f7xx_hal_msp.c:175:6:HAL_DCMI_MspInit	64	static
stm32f7xx_hal_msp.c:253:6:HAL_DCMI_MspDeInit	16	static
stm32f7xx_hal_msp.c:300:6:HAL_DMA2D_MspInit	24	static
stm32f7xx_hal_msp.c:325:6:HAL_DMA2D_MspDeInit	16	static
stm32f7xx_hal_msp.c:350:6:HAL_LTDC_MspInit	64	static
stm32f7xx_hal_msp.c:451:6:HAL_LTDC_MspDeInit	16	static
stm32f7xx_hal_msp.c:520:6:HAL_QSPI_MspInit	56	static
stm32f7xx_hal_msp.c:583:6:HAL_QSPI_MspDeInit	16	static
stm32f7xx_hal_msp.c:620:6:HAL_RTC_MspInit	16	static
stm32f7xx_hal_msp.c:642:6:HAL_RTC_MspDeInit	16	static
stm32f7xx_hal_msp.c:664:6:HAL_SD_MspInit	48	static
stm32f7xx_hal_msp.c:713:6:HAL_SD_MspDeInit	16	static
stm32f7xx_hal_msp.c:749:6:HAL_TIM_Base_MspInit	48	static
stm32f7xx_hal_msp.c:801:6:HAL_TIM_Base_MspDeInit	16	static
stm32f7xx_hal_msp.c:845:6:HAL_UART_MspInit	48	static
stm32f7xx_hal_msp.c:889:6:HAL_UART_MspDeInit	16	static
stm32f7xx_hal_msp.c:916:13:HAL_FMC_MspInit	32	static
stm32f7xx_hal_msp.c:1021:6:HAL_SDRAM_MspInit	16	static
stm32f7xx_hal_msp.c:1033:13:HAL_FMC_MspDeInit	8	static
stm32f7xx_hal_msp.c:1107:6:HAL_SDRAM_MspDeInit	16	static
