stm32f7xx_hal_msp.c:66:6:HAL_MspInit	16	static
stm32f7xx_hal_msp.c:88:6:HAL_ADC_MspInit	48	static
stm32f7xx_hal_msp.c:133:6:HAL_ADC_MspDeInit	16	static
stm32f7xx_hal_msp.c:169:6:HAL_CRC_MspInit	24	static
stm32f7xx_hal_msp.c:191:6:HAL_CRC_MspDeInit	16	static
stm32f7xx_hal_msp.c:213:6:HAL_DCMI_MspInit	64	static
stm32f7xx_hal_msp.c:291:6:HAL_DCMI_MspDeInit	16	static
stm32f7xx_hal_msp.c:338:6:HAL_DMA2D_MspInit	24	static
stm32f7xx_hal_msp.c:363:6:HAL_DMA2D_MspDeInit	16	static
stm32f7xx_hal_msp.c:388:6:HAL_ETH_MspInit	64	static
stm32f7xx_hal_msp.c:447:6:HAL_ETH_MspDeInit	16	static
stm32f7xx_hal_msp.c:487:6:HAL_I2C_MspInit	56	static
stm32f7xx_hal_msp.c:547:6:HAL_I2C_MspDeInit	16	static
stm32f7xx_hal_msp.c:594:6:HAL_LTDC_MspInit	64	static
stm32f7xx_hal_msp.c:695:6:HAL_LTDC_MspDeInit	16	static
stm32f7xx_hal_msp.c:764:6:HAL_QSPI_MspInit	56	static
stm32f7xx_hal_msp.c:827:6:HAL_QSPI_MspDeInit	16	static
stm32f7xx_hal_msp.c:864:6:HAL_RTC_MspInit	16	static
stm32f7xx_hal_msp.c:886:6:HAL_RTC_MspDeInit	16	static
stm32f7xx_hal_msp.c:908:6:HAL_SD_MspInit	48	static
stm32f7xx_hal_msp.c:957:6:HAL_SD_MspDeInit	16	static
stm32f7xx_hal_msp.c:993:6:HAL_SPDIFRX_MspInit	48	static
stm32f7xx_hal_msp.c:1028:6:HAL_SPDIFRX_MspDeInit	16	static
stm32f7xx_hal_msp.c:1056:6:HAL_SPI_MspInit	48	static
stm32f7xx_hal_msp.c:1101:6:HAL_SPI_MspDeInit	16	static
stm32f7xx_hal_msp.c:1133:6:HAL_TIM_Base_MspInit	40	static
stm32f7xx_hal_msp.c:1199:6:HAL_TIM_PWM_MspInit	24	static
stm32f7xx_hal_msp.c:1215:6:HAL_TIM_MspPostInit	56	static
stm32f7xx_hal_msp.c:1330:6:HAL_TIM_Base_MspDeInit	16	static
stm32f7xx_hal_msp.c:1396:6:HAL_TIM_PWM_MspDeInit	16	static
stm32f7xx_hal_msp.c:1418:6:HAL_UART_MspInit	56	static
stm32f7xx_hal_msp.c:1486:6:HAL_UART_MspDeInit	16	static
stm32f7xx_hal_msp.c:1531:13:HAL_FMC_MspInit	32	static
stm32f7xx_hal_msp.c:1636:6:HAL_SDRAM_MspInit	16	static
stm32f7xx_hal_msp.c:1648:13:HAL_FMC_MspDeInit	8	static
stm32f7xx_hal_msp.c:1722:6:HAL_SDRAM_MspDeInit	16	static
stm32f7xx_hal_msp.c:1734:6:HAL_SAI_MspInit	48	static
stm32f7xx_hal_msp.c:1784:6:HAL_SAI_MspDeInit	16	static
