stm32f7xx_hal_msp.c:64:6:HAL_MspInit	16	static
stm32f7xx_hal_msp.c:86:6:HAL_DCMI_MspInit	64	static
stm32f7xx_hal_msp.c:164:6:HAL_DCMI_MspDeInit	16	static
stm32f7xx_hal_msp.c:211:6:HAL_DMA2D_MspInit	24	static
stm32f7xx_hal_msp.c:236:6:HAL_DMA2D_MspDeInit	16	static
stm32f7xx_hal_msp.c:261:6:HAL_LTDC_MspInit	64	static
stm32f7xx_hal_msp.c:362:6:HAL_LTDC_MspDeInit	16	static
stm32f7xx_hal_msp.c:431:6:HAL_QSPI_MspInit	56	static
stm32f7xx_hal_msp.c:494:6:HAL_QSPI_MspDeInit	16	static
stm32f7xx_hal_msp.c:531:6:HAL_RTC_MspInit	16	static
stm32f7xx_hal_msp.c:553:6:HAL_RTC_MspDeInit	16	static
stm32f7xx_hal_msp.c:575:6:HAL_SD_MspInit	48	static
stm32f7xx_hal_msp.c:624:6:HAL_SD_MspDeInit	16	static
stm32f7xx_hal_msp.c:660:6:HAL_UART_MspInit	48	static
stm32f7xx_hal_msp.c:704:6:HAL_UART_MspDeInit	16	static
stm32f7xx_hal_msp.c:731:13:HAL_FMC_MspInit	32	static
stm32f7xx_hal_msp.c:836:6:HAL_SDRAM_MspInit	16	static
stm32f7xx_hal_msp.c:848:13:HAL_FMC_MspDeInit	8	static
stm32f7xx_hal_msp.c:922:6:HAL_SDRAM_MspDeInit	16	static
