stm32f7xx_it.c:66:6:SysTick_Handler	8	static
stm32f7xx_it.c:82:6:NMI_Handler	4	static
stm32f7xx_it.c:95:6:HardFault_Handler	4	static
stm32f7xx_it.c:110:6:MemManage_Handler	4	static
stm32f7xx_it.c:125:6:BusFault_Handler	4	static
stm32f7xx_it.c:140:6:UsageFault_Handler	4	static
stm32f7xx_it.c:155:6:SVC_Handler	4	static
stm32f7xx_it.c:168:6:DebugMon_Handler	4	static
stm32f7xx_it.c:181:6:PendSV_Handler	4	static
stm32f7xx_it.c:201:6:ADC_IRQHandler	8	static
stm32f7xx_it.c:215:6:TIM3_IRQHandler	8	static
stm32f7xx_it.c:229:6:TIM7_IRQHandler	8	static
stm32f7xx_it.c:243:6:DMA2_Stream4_IRQHandler	8	static
stm32f7xx_it.c:257:6:LTDC_IRQHandler	8	static
stm32f7xx_it.c:271:6:DMA2D_IRQHandler	8	static
