Archive member included to satisfy reference by file (symbol)

d:/stm32cubeide_1.0.0/stm32cubeide/plugins/com.st.stm32cube.ide.mcu.externaltools.gnu-tools-for-stm32.7-2018-q2-update.win32_1.0.0.201904181610/tools/bin/../lib/gcc/arm-none-eabi/7.3.1/../../../../arm-none-eabi/lib/thumb/v7e-m/fpv4-sp/hard\libc_nano.a(lib_a-errno.o)
                              Src/syscalls.o (__errno)
d:/stm32cubeide_1.0.0/stm32cubeide/plugins/com.st.stm32cube.ide.mcu.externaltools.gnu-tools-for-stm32.7-2018-q2-update.win32_1.0.0.201904181610/tools/bin/../lib/gcc/arm-none-eabi/7.3.1/../../../../arm-none-eabi/lib/thumb/v7e-m/fpv4-sp/hard\libc_nano.a(lib_a-exit.o)
                              d:/stm32cubeide_1.0.0/stm32cubeide/plugins/com.st.stm32cube.ide.mcu.externaltools.gnu-tools-for-stm32.7-2018-q2-update.win32_1.0.0.201904181610/tools/bin/../lib/gcc/arm-none-eabi/7.3.1/../../../../arm-none-eabi/lib/thumb/v7e-m/fpv4-sp/hard/crt0.o (exit)
d:/stm32cubeide_1.0.0/stm32cubeide/plugins/com.st.stm32cube.ide.mcu.externaltools.gnu-tools-for-stm32.7-2018-q2-update.win32_1.0.0.201904181610/tools/bin/../lib/gcc/arm-none-eabi/7.3.1/../../../../arm-none-eabi/lib/thumb/v7e-m/fpv4-sp/hard\libc_nano.a(lib_a-impure.o)
                              d:/stm32cubeide_1.0.0/stm32cubeide/plugins/com.st.stm32cube.ide.mcu.externaltools.gnu-tools-for-stm32.7-2018-q2-update.win32_1.0.0.201904181610/tools/bin/../lib/gcc/arm-none-eabi/7.3.1/../../../../arm-none-eabi/lib/thumb/v7e-m/fpv4-sp/hard\libc_nano.a(lib_a-exit.o) (_global_impure_ptr)
d:/stm32cubeide_1.0.0/stm32cubeide/plugins/com.st.stm32cube.ide.mcu.externaltools.gnu-tools-for-stm32.7-2018-q2-update.win32_1.0.0.201904181610/tools/bin/../lib/gcc/arm-none-eabi/7.3.1/../../../../arm-none-eabi/lib/thumb/v7e-m/fpv4-sp/hard\libc_nano.a(lib_a-init.o)
                              d:/stm32cubeide_1.0.0/stm32cubeide/plugins/com.st.stm32cube.ide.mcu.externaltools.gnu-tools-for-stm32.7-2018-q2-update.win32_1.0.0.201904181610/tools/bin/../lib/gcc/arm-none-eabi/7.3.1/../../../../arm-none-eabi/lib/thumb/v7e-m/fpv4-sp/hard/crt0.o (__libc_init_array)
d:/stm32cubeide_1.0.0/stm32cubeide/plugins/com.st.stm32cube.ide.mcu.externaltools.gnu-tools-for-stm32.7-2018-q2-update.win32_1.0.0.201904181610/tools/bin/../lib/gcc/arm-none-eabi/7.3.1/../../../../arm-none-eabi/lib/thumb/v7e-m/fpv4-sp/hard\libc_nano.a(lib_a-memset.o)
                              d:/stm32cubeide_1.0.0/stm32cubeide/plugins/com.st.stm32cube.ide.mcu.externaltools.gnu-tools-for-stm32.7-2018-q2-update.win32_1.0.0.201904181610/tools/bin/../lib/gcc/arm-none-eabi/7.3.1/../../../../arm-none-eabi/lib/thumb/v7e-m/fpv4-sp/hard/crt0.o (memset)
d:/stm32cubeide_1.0.0/stm32cubeide/plugins/com.st.stm32cube.ide.mcu.externaltools.gnu-tools-for-stm32.7-2018-q2-update.win32_1.0.0.201904181610/tools/bin/../lib/gcc/arm-none-eabi/7.3.1/thumb/v7e-m/fpv4-sp/hard\libgcc.a(_aeabi_uldivmod.o)
                              Drivers/STM32F7xx_HAL_Driver/Src/stm32f7xx_hal_rcc.o (__aeabi_uldivmod)
d:/stm32cubeide_1.0.0/stm32cubeide/plugins/com.st.stm32cube.ide.mcu.externaltools.gnu-tools-for-stm32.7-2018-q2-update.win32_1.0.0.201904181610/tools/bin/../lib/gcc/arm-none-eabi/7.3.1/thumb/v7e-m/fpv4-sp/hard\libgcc.a(_udivmoddi4.o)
                              d:/stm32cubeide_1.0.0/stm32cubeide/plugins/com.st.stm32cube.ide.mcu.externaltools.gnu-tools-for-stm32.7-2018-q2-update.win32_1.0.0.201904181610/tools/bin/../lib/gcc/arm-none-eabi/7.3.1/thumb/v7e-m/fpv4-sp/hard\libgcc.a(_aeabi_uldivmod.o) (__udivmoddi4)
d:/stm32cubeide_1.0.0/stm32cubeide/plugins/com.st.stm32cube.ide.mcu.externaltools.gnu-tools-for-stm32.7-2018-q2-update.win32_1.0.0.201904181610/tools/bin/../lib/gcc/arm-none-eabi/7.3.1/thumb/v7e-m/fpv4-sp/hard\libgcc.a(_dvmd_tls.o)
                              d:/stm32cubeide_1.0.0/stm32cubeide/plugins/com.st.stm32cube.ide.mcu.externaltools.gnu-tools-for-stm32.7-2018-q2-update.win32_1.0.0.201904181610/tools/bin/../lib/gcc/arm-none-eabi/7.3.1/thumb/v7e-m/fpv4-sp/hard\libgcc.a(_aeabi_uldivmod.o) (__aeabi_ldiv0)

Allocating common symbols
Common symbol       size              file

sdramHandle         0x34              Drivers/BSP/STM32746G-Discovery/stm32746g_discovery_sdram.o
htim4               0x40              Src/main.o
hsd1                0x84              Src/main.o
hLtdcHandler        0xa8              Drivers/BSP/STM32746G-Discovery/stm32746g_discovery_lcd.o
button_harmonique   0x1               Src/LCDScreen_generation.o
k                   0x4               Src/main.o
uwTick              0x4               Drivers/STM32F7xx_HAL_Driver/Src/stm32f7xx_hal.o
pFlash              0x1c              Drivers/STM32F7xx_HAL_Driver/Src/stm32f7xx_hal_flash.o
nb_harmoniques      0x4               Src/main.o
hltdc               0xa8              Src/main.o
id_freq             0x1               Src/LCDScreen_generation.o
period_overflow     0x4               Src/main.o
hdcmi               0x50              Src/main.o
id_harmonique       0x1               Src/LCDScreen_generation.o
[...]
Memory Configuration

Name             Origin             Length             Attributes
FLASH            0x0000000008000000 0x0000000000100000 xr
RAM              0x0000000020000000 0x0000000000050000 xrw
*default*        0x0000000000000000 0xffffffffffffffff

Linker script and memory map

LOAD d:/stm32cubeide_1.0.0/stm32cubeide/plugins/com.st.stm32cube.ide.mcu.externaltools.gnu-tools-for-stm32.7-2018-q2-update.win32_1.0.0.201904181610/tools/bin/../lib/gcc/arm-none-eabi/7.3.1/thumb/v7e-m/fpv4-sp/hard/crti.o
LOAD d:/stm32cubeide_1.0.0/stm32cubeide/plugins/com.st.stm32cube.ide.mcu.externaltools.gnu-tools-for-stm32.7-2018-q2-update.win32_1.0.0.201904181610/tools/bin/../lib/gcc/arm-none-eabi/7.3.1/thumb/v7e-m/fpv4-sp/hard/crtbegin.o
LOAD d:/stm32cubeide_1.0.0/stm32cubeide/plugins/com.st.stm32cube.ide.mcu.externaltools.gnu-tools-for-stm32.7-2018-q2-update.win32_1.0.0.201904181610/tools/bin/../lib/gcc/arm-none-eabi/7.3.1/../../../../arm-none-eabi/lib/thumb/v7e-m/fpv4-sp/hard/crt0.o
LOAD Drivers/BSP/Components/adv7533/adv7533.o
LOAD Drivers/BSP/Components/exc7200/exc7200.o
LOAD Drivers/BSP/Components/ft5336/ft5336.o
LOAD Drivers/BSP/Components/ft6x06/ft6x06.o
LOAD Drivers/BSP/Components/mfxstm32l152/mfxstm32l152.o
LOAD Drivers/BSP/Components/otm8009a/otm8009a.o
LOAD Drivers/BSP/Components/ov9655/ov9655.o
LOAD Drivers/BSP/Components/s5k5cag/s5k5cag.o
LOAD Drivers/BSP/Components/st7735/st7735.o
LOAD Drivers/BSP/Components/st7789h2/st7789h2.o
LOAD Drivers/BSP/Components/stmpe811/stmpe811.o
LOAD Drivers/BSP/Components/ts3510/ts3510.o
LOAD Drivers/BSP/Components/wm8994/wm8994.o
LOAD Drivers/BSP/STM32746G-Discovery/stm32746g_discovery.o
LOAD Drivers/BSP/STM32746G-Discovery/stm32746g_discovery_lcd.o
LOAD Drivers/BSP/STM32746G-Discovery/stm32746g_discovery_sdram.o
LOAD Drivers/BSP/STM32746G-Discovery/stm32746g_discovery_ts.o
LOAD Drivers/STM32F7xx_HAL_Driver/Src/stm32f7xx_hal.o
LOAD Drivers/STM32F7xx_HAL_Driver/Src/stm32f7xx_hal_cortex.o
LOAD Drivers/STM32F7xx_HAL_Driver/Src/stm32f7xx_hal_dcmi.o
LOAD Drivers/STM32F7xx_HAL_Driver/Src/stm32f7xx_hal_dcmi_ex.o
LOAD Drivers/STM32F7xx_HAL_Driver/Src/stm32f7xx_hal_dma.o
LOAD Drivers/STM32F7xx_HAL_Driver/Src/stm32f7xx_hal_dma2d.o
LOAD Drivers/STM32F7xx_HAL_Driver/Src/stm32f7xx_hal_dma_ex.o
LOAD Drivers/STM32F7xx_HAL_Driver/Src/stm32f7xx_hal_dsi.o
LOAD Drivers/STM32F7xx_HAL_Driver/Src/stm32f7xx_hal_exti.o
LOAD Drivers/STM32F7xx_HAL_Driver/Src/stm32f7xx_hal_flash.o
LOAD Drivers/STM32F7xx_HAL_Driver/Src/stm32f7xx_hal_flash_ex.o
LOAD Drivers/STM32F7xx_HAL_Driver/Src/stm32f7xx_hal_gpio.o
LOAD Drivers/STM32F7xx_HAL_Driver/Src/stm32f7xx_hal_i2c.o
LOAD Drivers/STM32F7xx_HAL_Driver/Src/stm32f7xx_hal_i2c_ex.o
LOAD Drivers/STM32F7xx_HAL_Driver/Src/stm32f7xx_hal_ltdc.o
LOAD Drivers/STM32F7xx_HAL_Driver/Src/stm32f7xx_hal_ltdc_ex.o
LOAD Drivers/STM32F7xx_HAL_Driver/Src/stm32f7xx_hal_pwr.o
LOAD Drivers/STM32F7xx_HAL_Driver/Src/stm32f7xx_hal_pwr_ex.o
LOAD Drivers/STM32F7xx_HAL_Driver/Src/stm32f7xx_hal_qspi.o
LOAD Drivers/STM32F7xx_HAL_Driver/Src/stm32f7xx_hal_rcc.o
LOAD Drivers/STM32F7xx_HAL_Driver/Src/stm32f7xx_hal_rcc_ex.o
LOAD Drivers/STM32F7xx_HAL_Driver/Src/stm32f7xx_hal_rtc.o
LOAD Drivers/STM32F7xx_HAL_Driver/Src/stm32f7xx_hal_rtc_ex.o
LOAD Drivers/STM32F7xx_HAL_Driver/Src/stm32f7xx_hal_sd.o
LOAD Drivers/STM32F7xx_HAL_Driver/Src/stm32f7xx_hal_sdram.o
LOAD Drivers/STM32F7xx_HAL_Driver/Src/stm32f7xx_hal_tim.o
LOAD Drivers/STM32F7xx_HAL_Driver/Src/stm32f7xx_hal_tim_ex.o
LOAD Drivers/STM32F7xx_HAL_Driver/Src/stm32f7xx_hal_uart.o
LOAD Drivers/STM32F7xx_HAL_Driver/Src/stm32f7xx_hal_uart_ex.o
LOAD Drivers/STM32F7xx_HAL_Driver/Src/stm32f7xx_ll_fmc.o
LOAD Drivers/STM32F7xx_HAL_Driver/Src/stm32f7xx_ll_sdmmc.o
LOAD Src/Generation_son.o
LOAD Src/LCDScreen_generation.o
LOAD Src/TouchScreen_Generation.o
LOAD Src/main.o
LOAD Src/stm32f7xx_hal_msp.o
LOAD Src/stm32f7xx_it.o
LOAD Src/syscalls.o
LOAD Src/sysmem.o
LOAD Src/system_stm32f7xx.o
LOAD Startup/startup_stm32f746nghx.o
START GROUP
LOAD d:/stm32cubeide_1.0.0/stm32cubeide/plugins/com.st.stm32cube.ide.mcu.externaltools.gnu-tools-for-stm32.7-2018-q2-update.win32_1.0.0.201904181610/tools/bin/../lib/gcc/arm-none-eabi/7.3.1/../../../../arm-none-eabi/lib/thumb/v7e-m/fpv4-sp/hard\libc_nano.a
LOAD d:/stm32cubeide_1.0.0/stm32cubeide/plugins/com.st.stm32cube.ide.mcu.externaltools.gnu-tools-for-stm32.7-2018-q2-update.win32_1.0.0.201904181610/tools/bin/../lib/gcc/arm-none-eabi/7.3.1/../../../../arm-none-eabi/lib/thumb/v7e-m/fpv4-sp/hard\libm.a
END GROUP
START GROUP
LOAD d:/stm32cubeide_1.0.0/stm32cubeide/plugins/com.st.stm32cube.ide.mcu.externaltools.gnu-tools-for-stm32.7-2018-q2-update.win32_1.0.0.201904181610/tools/bin/../lib/gcc/arm-none-eabi/7.3.1/thumb/v7e-m/fpv4-sp/hard\libgcc.a
LOAD d:/stm32cubeide_1.0.0/stm32cubeide/plugins/com.st.stm32cube.ide.mcu.externaltools.gnu-tools-for-stm32.7-2018-q2-update.win32_1.0.0.201904181610/tools/bin/../lib/gcc/arm-none-eabi/7.3.1/../../../../arm-none-eabi/lib/thumb/v7e-m/fpv4-sp/hard\libc_nano.a
END GROUP
START GROUP
LOAD d:/stm32cubeide_1.0.0/stm32cubeide/plugins/com.st.stm32cube.ide.mcu.externaltools.gnu-tools-for-stm32.7-2018-q2-update.win32_1.0.0.201904181610/tools/bin/../lib/gcc/arm-none-eabi/7.3.1/thumb/v7e-m/fpv4-sp/hard\libgcc.a
LOAD d:/stm32cubeide_1.0.0/stm32cubeide/plugins/com.st.stm32cube.ide.mcu.externaltools.gnu-tools-for-stm32.7-2018-q2-update.win32_1.0.0.201904181610/tools/bin/../lib/gcc/arm-none-eabi/7.3.1/../../../../arm-none-eabi/lib/thumb/v7e-m/fpv4-sp/hard\libc_nano.a
LOAD d:/stm32cubeide_1.0.0/stm32cubeide/plugins/com.st.stm32cube.ide.mcu.externaltools.gnu-tools-for-stm32.7-2018-q2-update.win32_1.0.0.201904181610/tools/bin/../lib/gcc/arm-none-eabi/7.3.1/../../../../arm-none-eabi/lib/thumb/v7e-m/fpv4-sp/hard\libnosys.a
END GROUP
START GROUP
LOAD d:/stm32cubeide_1.0.0/stm32cubeide/plugins/com.st.stm32cube.ide.mcu.externaltools.gnu-tools-for-stm32.7-2018-q2-update.win32_1.0.0.201904181610/tools/bin/../lib/gcc/arm-none-eabi/7.3.1/thumb/v7e-m/fpv4-sp/hard\libgcc.a
LOAD d:/stm32cubeide_1.0.0/stm32cubeide/plugins/com.st.stm32cube.ide.mcu.externaltools.gnu-tools-for-stm32.7-2018-q2-update.win32_1.0.0.201904181610/tools/bin/../lib/gcc/arm-none-eabi/7.3.1/../../../../arm-none-eabi/lib/thumb/v7e-m/fpv4-sp/hard\libc_nano.a
LOAD d:/stm32cubeide_1.0.0/stm32cubeide/plugins/com.st.stm32cube.ide.mcu.externaltools.gnu-tools-for-stm32.7-2018-q2-update.win32_1.0.0.201904181610/tools/bin/../lib/gcc/arm-none-eabi/7.3.1/../../../../arm-none-eabi/lib/thumb/v7e-m/fpv4-sp/hard\libnosys.a
END GROUP
LOAD d:/stm32cubeide_1.0.0/stm32cubeide/plugins/com.st.stm32cube.ide.mcu.externaltools.gnu-tools-for-stm32.7-2018-q2-update.win32_1.0.0.201904181610/tools/bin/../lib/gcc/arm-none-eabi/7.3.1/thumb/v7e-m/fpv4-sp/hard/crtend.o
LOAD d:/stm32cubeide_1.0.0/stm32cubeide/plugins/com.st.stm32cube.ide.mcu.externaltools.gnu-tools-for-stm32.7-2018-q2-update.win32_1.0.0.201904181610/tools/bin/../lib/gcc/arm-none-eabi/7.3.1/thumb/v7e-m/fpv4-sp/hard/crtn.o
                0x000000002004ffff                _estack = 0x2004ffff
                0x0000000000000200                _Min_Heap_Size = 0x200
                0x0000000000000400                _Min_Stack_Size = 0x400

.isr_vector     0x0000000008000000      0x1c8
                0x0000000008000000                . = ALIGN (0x4)
 *(.isr_vector)
 .isr_vector    0x0000000008000000      0x1c8 Startup/startup_stm32f746nghx.o
                0x0000000008000000                g_pfnVectors
                0x00000000080001c8                . = ALIGN (0x4)

.text           0x00000000080001c8     0xae34
                0x00000000080001c8                . = ALIGN (0x4)
 *(.text)
 .text          0x00000000080001c8       0x40 d:/stm32cubeide_1.0.0/stm32cubeide/plugins/com.st.stm32cube.ide.mcu.externaltools.gnu-tools-for-stm32.7-2018-q2-update.win32_1.0.0.201904181610/tools/bin/../lib/gcc/arm-none-eabi/7.3.1/thumb/v7e-m/fpv4-sp/hard/crtbegin.o
 .text          0x0000000008000208       0x30 d:/stm32cubeide_1.0.0/stm32cubeide/plugins/com.st.stm32cube.ide.mcu.externaltools.gnu-tools-for-stm32.7-2018-q2-update.win32_1.0.0.201904181610/tools/bin/../lib/gcc/arm-none-eabi/7.3.1/thumb/v7e-m/fpv4-sp/hard\libgcc.a(_aeabi_uldivmod.o)
                0x0000000008000208                __aeabi_uldivmod
 .text          0x0000000008000238      0x2cc d:/stm32cubeide_1.0.0/stm32cubeide/plugins/com.st.stm32cube.ide.mcu.externaltools.gnu-tools-for-stm32.7-2018-q2-update.win32_1.0.0.201904181610/tools/bin/../lib/gcc/arm-none-eabi/7.3.1/thumb/v7e-m/fpv4-sp/hard\libgcc.a(_udivmoddi4.o)
                0x0000000008000238                __udivmoddi4
 .text          0x0000000008000504        0x4 d:/stm32cubeide_1.0.0/stm32cubeide/plugins/com.st.stm32cube.ide.mcu.externaltools.gnu-tools-for-stm32.7-2018-q2-update.win32_1.0.0.201904181610/tools/bin/../lib/gcc/arm-none-eabi/7.3.1/thumb/v7e-m/fpv4-sp/hard\libgcc.a(_dvmd_tls.o)
                0x0000000008000504                __aeabi_idiv0
                0x0000000008000504                __aeabi_ldiv0
 *(.text*)
 .text.ft5336_Init
                0x0000000008000508       0x1c Drivers/BSP/Components/ft5336/ft5336.o
                0x0000000008000508                ft5336_Init
 .text.ft5336_Reset
                0x0000000008000524       0x16 Drivers/BSP/Components/ft5336/ft5336.o
                0x0000000008000524                ft5336_Reset
 .text.ft5336_ReadID
                0x000000000800053a       0x5c Drivers/BSP/Components/ft5336/ft5336.o
                0x000000000800053a                ft5336_ReadID
 .text.ft5336_TS_Start
                0x0000000008000596       0x22 Drivers/BSP/Components/ft5336/ft5336.o
                0x0000000008000596                ft5336_TS_Start
 .text.ft5336_TS_DetectTouch
                0x00000000080005b8       0x54 Drivers/BSP/Components/ft5336/ft5336.o
                0x00000000080005b8                ft5336_TS_DetectTouch
 .text.ft5336_TS_GetXY
                0x000000000800060c      0x1e0 Drivers/BSP/Components/ft5336/ft5336.o
                0x000000000800060c                ft5336_TS_GetXY
 .text.ft5336_TS_EnableIT
                0x00000000080007ec       0x28 Drivers/BSP/Components/ft5336/ft5336.o
                0x00000000080007ec                ft5336_TS_EnableIT
 .text.ft5336_TS_DisableIT
                0x0000000008000814       0x28 Drivers/BSP/Components/ft5336/ft5336.o
                0x0000000008000814                ft5336_TS_DisableIT
 .text.ft5336_TS_ITStatus
                0x000000000800083c       0x18 Drivers/BSP/Components/ft5336/ft5336.o
                0x000000000800083c                ft5336_TS_ITStatus
 .text.ft5336_TS_ClearIT
                0x0000000008000854       0x16 Drivers/BSP/Components/ft5336/ft5336.o
                0x0000000008000854                ft5336_TS_ClearIT
 .text.ft5336_TS_GetGestureID
                0x000000000800086a       0x32 Drivers/BSP/Components/ft5336/ft5336.o
                0x000000000800086a                ft5336_TS_GetGestureID
 .text.ft5336_TS_GetTouchInfo
                0x000000000800089c      0x15c Drivers/BSP/Components/ft5336/ft5336.o
                0x000000000800089c                ft5336_TS_GetTouchInfo
 .text.ft5336_Get_I2C_InitializedStatus
                0x00000000080009f8       0x18 Drivers/BSP/Components/ft5336/ft5336.o
 .text.ft5336_I2C_InitializeIfRequired
                0x0000000008000a10       0x20 Drivers/BSP/Components/ft5336/ft5336.o
 .text.ft5336_TS_Configure
                0x0000000008000a30       0x1c Drivers/BSP/Components/ft5336/ft5336.o
 .text.I2Cx_MspInit
                0x0000000008000a4c      0x160 Drivers/BSP/STM32746G-Discovery/stm32746g_discovery.o
 .text.I2Cx_Init
                0x0000000008000bac       0x78 Drivers/BSP/STM32746G-Discovery/stm32746g_discovery.o
 .text.I2Cx_ReadMultiple
                0x0000000008000c24       0x5a Drivers/BSP/STM32746G-Discovery/stm32746g_discovery.o
 .text.I2Cx_WriteMultiple
                0x0000000008000c7e       0x5a Drivers/BSP/STM32746G-Discovery/stm32746g_discovery.o
 .text.I2Cx_Error
                0x0000000008000cd8       0x20 Drivers/BSP/STM32746G-Discovery/stm32746g_discovery.o
 .text.TS_IO_Init
                0x0000000008000cf8       0x14 Drivers/BSP/STM32746G-Discovery/stm32746g_discovery.o
                0x0000000008000cf8                TS_IO_Init
 .text.TS_IO_Write
                0x0000000008000d0c       0x34 Drivers/BSP/STM32746G-Discovery/stm32746g_discovery.o
                0x0000000008000d0c                TS_IO_Write
 .text.TS_IO_Read
                0x0000000008000d40       0x3c Drivers/BSP/STM32746G-Discovery/stm32746g_discovery.o
                0x0000000008000d40                TS_IO_Read
 .text.TS_IO_Delay
                0x0000000008000d7c       0x16 Drivers/BSP/STM32746G-Discovery/stm32746g_discovery.o
                0x0000000008000d7c                TS_IO_Delay
 *fill*         0x0000000008000d92        0x2 
 .text.BSP_LCD_Init
                0x0000000008000d94       0xe0 Drivers/BSP/STM32746G-Discovery/stm32746g_discovery_lcd.o
                0x0000000008000d94                BSP_LCD_Init
 .text.BSP_LCD_GetXSize
                0x0000000008000e74       0x28 Drivers/BSP/STM32746G-Discovery/stm32746g_discovery_lcd.o
                0x0000000008000e74                BSP_LCD_GetXSize
 .text.BSP_LCD_GetYSize
                0x0000000008000e9c       0x28 Drivers/BSP/STM32746G-Discovery/stm32746g_discovery_lcd.o
                0x0000000008000e9c                BSP_LCD_GetYSize
 .text.BSP_LCD_LayerDefaultInit
                0x0000000008000ec4       0xc0 Drivers/BSP/STM32746G-Discovery/stm32746g_discovery_lcd.o
                0x0000000008000ec4                BSP_LCD_LayerDefaultInit
 .text.BSP_LCD_SelectLayer
                0x0000000008000f84       0x20 Drivers/BSP/STM32746G-Discovery/stm32746g_discovery_lcd.o
                0x0000000008000f84                BSP_LCD_SelectLayer
 .text.BSP_LCD_SetTextColor
                0x0000000008000fa4       0x30 Drivers/BSP/STM32746G-Discovery/stm32746g_discovery_lcd.o
                0x0000000008000fa4                BSP_LCD_SetTextColor
 .text.BSP_LCD_SetBackColor
                0x0000000008000fd4       0x34 Drivers/BSP/STM32746G-Discovery/stm32746g_discovery_lcd.o
                0x0000000008000fd4                BSP_LCD_SetBackColor
 .text.BSP_LCD_SetFont
                0x0000000008001008       0x34 Drivers/BSP/STM32746G-Discovery/stm32746g_discovery_lcd.o
                0x0000000008001008                BSP_LCD_SetFont
 .text.BSP_LCD_Clear
                0x000000000800103c       0x50 Drivers/BSP/STM32746G-Discovery/stm32746g_discovery_lcd.o
                0x000000000800103c                BSP_LCD_Clear
 .text.BSP_LCD_DisplayChar
                0x000000000800108c       0x88 Drivers/BSP/STM32746G-Discovery/stm32746g_discovery_lcd.o
                0x000000000800108c                BSP_LCD_DisplayChar
 .text.BSP_LCD_DisplayStringAt
                0x0000000008001114      0x188 Drivers/BSP/STM32746G-Discovery/stm32746g_discovery_lcd.o
                0x0000000008001114                BSP_LCD_DisplayStringAt
 .text.BSP_LCD_DrawHLine
                0x000000000800129c       0xbc Drivers/BSP/STM32746G-Discovery/stm32746g_discovery_lcd.o
                0x000000000800129c                BSP_LCD_DrawHLine
 .text.BSP_LCD_DrawVLine
                0x0000000008001358       0xc4 Drivers/BSP/STM32746G-Discovery/stm32746g_discovery_lcd.o
                0x0000000008001358                BSP_LCD_DrawVLine
 .text.BSP_LCD_DrawRect
                0x000000000800141c       0x62 Drivers/BSP/STM32746G-Discovery/stm32746g_discovery_lcd.o
                0x000000000800141c                BSP_LCD_DrawRect
 *fill*         0x000000000800147e        0x2 
 .text.BSP_LCD_DrawPixel
                0x0000000008001480       0x90 Drivers/BSP/STM32746G-Discovery/stm32746g_discovery_lcd.o
                0x0000000008001480                BSP_LCD_DrawPixel
 .text.BSP_LCD_FillRect
                0x0000000008001510       0xf4 Drivers/BSP/STM32746G-Discovery/stm32746g_discovery_lcd.o
                0x0000000008001510                BSP_LCD_FillRect
 .text.BSP_LCD_DisplayOn
                0x0000000008001604       0x3c Drivers/BSP/STM32746G-Discovery/stm32746g_discovery_lcd.o
                0x0000000008001604                BSP_LCD_DisplayOn
 .text.BSP_LCD_MspInit
                0x0000000008001640      0x1b4 Drivers/BSP/STM32746G-Discovery/stm32746g_discovery_lcd.o
                0x0000000008001640                BSP_LCD_MspInit
 .text.BSP_LCD_ClockConfig
                0x00000000080017f4       0x38 Drivers/BSP/STM32746G-Discovery/stm32746g_discovery_lcd.o
                0x00000000080017f4                BSP_LCD_ClockConfig
 .text.DrawChar
                0x000000000800182c      0x170 Drivers/BSP/STM32746G-Discovery/stm32746g_discovery_lcd.o
 .text.LL_FillBuffer
                0x000000000800199c       0x98 Drivers/BSP/STM32746G-Discovery/stm32746g_discovery_lcd.o
 .text.BSP_SDRAM_Init
                0x0000000008001a34       0xbc Drivers/BSP/STM32746G-Discovery/stm32746g_discovery_sdram.o
                0x0000000008001a34                BSP_SDRAM_Init
 .text.BSP_SDRAM_Initialization_sequence
                0x0000000008001af0       0xc0 Drivers/BSP/STM32746G-Discovery/stm32746g_discovery_sdram.o
                0x0000000008001af0                BSP_SDRAM_Initialization_sequence
 .text.BSP_SDRAM_MspInit
                0x0000000008001bb0      0x1f0 Drivers/BSP/STM32746G-Discovery/stm32746g_discovery_sdram.o
                0x0000000008001bb0                BSP_SDRAM_MspInit
 .text.BSP_TS_Init
                0x0000000008001da0       0x80 Drivers/BSP/STM32746G-Discovery/stm32746g_discovery_ts.o
                0x0000000008001da0                BSP_TS_Init
 .text.BSP_TS_GetState
                0x0000000008001e20      0x3ac Drivers/BSP/STM32746G-Discovery/stm32746g_discovery_ts.o
                0x0000000008001e20                BSP_TS_GetState
 .text.BSP_TS_Get_GestureId
                0x00000000080021cc       0x94 Drivers/BSP/STM32746G-Discovery/stm32746g_discovery_ts.o
                0x00000000080021cc                BSP_TS_Get_GestureId
 .text.HAL_Init
                0x0000000008002260       0x1a Drivers/STM32F7xx_HAL_Driver/Src/stm32f7xx_hal.o
                0x0000000008002260                HAL_Init
 *fill*         0x000000000800227a        0x2 
 .text.HAL_InitTick
                0x000000000800227c       0x60 Drivers/STM32F7xx_HAL_Driver/Src/stm32f7xx_hal.o
                0x000000000800227c                HAL_InitTick
 .text.HAL_IncTick
                0x00000000080022dc       0x28 Drivers/STM32F7xx_HAL_Driver/Src/stm32f7xx_hal.o
                0x00000000080022dc                HAL_IncTick
 .text.HAL_GetTick
                0x0000000008002304       0x18 Drivers/STM32F7xx_HAL_Driver/Src/stm32f7xx_hal.o
                0x0000000008002304                HAL_GetTick
 .text.HAL_Delay
                0x000000000800231c       0x44 Drivers/STM32F7xx_HAL_Driver/Src/stm32f7xx_hal.o
                0x000000000800231c                HAL_Delay
 .text.__NVIC_SetPriorityGrouping
                0x0000000008002360       0x48 Drivers/STM32F7xx_HAL_Driver/Src/stm32f7xx_hal_cortex.o
 .text.__NVIC_GetPriorityGrouping
                0x00000000080023a8       0x1c Drivers/STM32F7xx_HAL_Driver/Src/stm32f7xx_hal_cortex.o
 .text.__NVIC_EnableIRQ
                0x00000000080023c4       0x3c Drivers/STM32F7xx_HAL_Driver/Src/stm32f7xx_hal_cortex.o
 .text.__NVIC_SetPriority
                0x0000000008002400       0x54 Drivers/STM32F7xx_HAL_Driver/Src/stm32f7xx_hal_cortex.o
 .text.NVIC_EncodePriority
                0x0000000008002454       0x66 Drivers/STM32F7xx_HAL_Driver/Src/stm32f7xx_hal_cortex.o
 *fill*         0x00000000080024ba        0x2 
 .text.SysTick_Config
                0x00000000080024bc       0x44 Drivers/STM32F7xx_HAL_Driver/Src/stm32f7xx_hal_cortex.o
 .text.HAL_NVIC_SetPriorityGrouping
                0x0000000008002500       0x16 Drivers/STM32F7xx_HAL_Driver/Src/stm32f7xx_hal_cortex.o
                0x0000000008002500                HAL_NVIC_SetPriorityGrouping
 .text.HAL_NVIC_SetPriority
                0x0000000008002516       0x38 Drivers/STM32F7xx_HAL_Driver/Src/stm32f7xx_hal_cortex.o
                0x0000000008002516                HAL_NVIC_SetPriority
 .text.HAL_NVIC_EnableIRQ
                0x000000000800254e       0x1c Drivers/STM32F7xx_HAL_Driver/Src/stm32f7xx_hal_cortex.o
                0x000000000800254e                HAL_NVIC_EnableIRQ
 .text.HAL_SYSTICK_Config
                0x000000000800256a       0x18 Drivers/STM32F7xx_HAL_Driver/Src/stm32f7xx_hal_cortex.o
                0x000000000800256a                HAL_SYSTICK_Config
 *fill*         0x0000000008002582        0x2 
 .text.HAL_DCMI_Init
                0x0000000008002584       0xe4 Drivers/STM32F7xx_HAL_Driver/Src/stm32f7xx_hal_dcmi.o
                0x0000000008002584                HAL_DCMI_Init
 .text.HAL_DMA_Init
                0x0000000008002668      0x15c Drivers/STM32F7xx_HAL_Driver/Src/stm32f7xx_hal_dma.o
                0x0000000008002668                HAL_DMA_Init
 .text.HAL_DMA_DeInit
                0x00000000080027c4       0xbc Drivers/STM32F7xx_HAL_Driver/Src/stm32f7xx_hal_dma.o
                0x00000000080027c4                HAL_DMA_DeInit
 .text.DMA_CalcBaseAndBitshift
                0x0000000008002880       0x6c Drivers/STM32F7xx_HAL_Driver/Src/stm32f7xx_hal_dma.o
 .text.DMA_CheckFifoParam
                0x00000000080028ec       0xf4 Drivers/STM32F7xx_HAL_Driver/Src/stm32f7xx_hal_dma.o
 .text.HAL_DMA2D_Init
                0x00000000080029e0       0x94 Drivers/STM32F7xx_HAL_Driver/Src/stm32f7xx_hal_dma2d.o
                0x00000000080029e0                HAL_DMA2D_Init
 .text.HAL_DMA2D_Start
                0x0000000008002a74       0x56 Drivers/STM32F7xx_HAL_Driver/Src/stm32f7xx_hal_dma2d.o
                0x0000000008002a74                HAL_DMA2D_Start
 .text.HAL_DMA2D_PollForTransfer
                0x0000000008002aca      0x1d2 Drivers/STM32F7xx_HAL_Driver/Src/stm32f7xx_hal_dma2d.o
                0x0000000008002aca                HAL_DMA2D_PollForTransfer
 .text.HAL_DMA2D_IRQHandler
                0x0000000008002c9c      0x1f8 Drivers/STM32F7xx_HAL_Driver/Src/stm32f7xx_hal_dma2d.o
                0x0000000008002c9c                HAL_DMA2D_IRQHandler
 .text.HAL_DMA2D_LineEventCallback
                0x0000000008002e94       0x14 Drivers/STM32F7xx_HAL_Driver/Src/stm32f7xx_hal_dma2d.o
                0x0000000008002e94                HAL_DMA2D_LineEventCallback
 .text.HAL_DMA2D_CLUTLoadingCpltCallback
                0x0000000008002ea8       0x14 Drivers/STM32F7xx_HAL_Driver/Src/stm32f7xx_hal_dma2d.o
                0x0000000008002ea8                HAL_DMA2D_CLUTLoadingCpltCallback
 .text.HAL_DMA2D_ConfigLayer
                0x0000000008002ebc      0x124 Drivers/STM32F7xx_HAL_Driver/Src/stm32f7xx_hal_dma2d.o
                0x0000000008002ebc                HAL_DMA2D_ConfigLayer
 .text.DMA2D_SetConfig
                0x0000000008002fe0      0x138 Drivers/STM32F7xx_HAL_Driver/Src/stm32f7xx_hal_dma2d.o
 .text.HAL_GPIO_Init
                0x0000000008003118      0x354 Drivers/STM32F7xx_HAL_Driver/Src/stm32f7xx_hal_gpio.o
                0x0000000008003118                HAL_GPIO_Init
 .text.HAL_GPIO_WritePin
                0x000000000800346c       0x32 Drivers/STM32F7xx_HAL_Driver/Src/stm32f7xx_hal_gpio.o
                0x000000000800346c                HAL_GPIO_WritePin
 *fill*         0x000000000800349e        0x2 
 .text.HAL_I2C_Init
                0x00000000080034a0      0x120 Drivers/STM32F7xx_HAL_Driver/Src/stm32f7xx_hal_i2c.o
                0x00000000080034a0                HAL_I2C_Init
 .text.HAL_I2C_DeInit
                0x00000000080035c0       0x5e Drivers/STM32F7xx_HAL_Driver/Src/stm32f7xx_hal_i2c.o
                0x00000000080035c0                HAL_I2C_DeInit
 .text.HAL_I2C_MspInit
                0x000000000800361e       0x14 Drivers/STM32F7xx_HAL_Driver/Src/stm32f7xx_hal_i2c.o
                0x000000000800361e                HAL_I2C_MspInit
 .text.HAL_I2C_MspDeInit
                0x0000000008003632       0x14 Drivers/STM32F7xx_HAL_Driver/Src/stm32f7xx_hal_i2c.o
                0x0000000008003632                HAL_I2C_MspDeInit
 *fill*         0x0000000008003646        0x2 
 .text.HAL_I2C_Mem_Write
                0x0000000008003648      0x228 Drivers/STM32F7xx_HAL_Driver/Src/stm32f7xx_hal_i2c.o
                0x0000000008003648                HAL_I2C_Mem_Write
 .text.HAL_I2C_Mem_Read
                0x0000000008003870      0x234 Drivers/STM32F7xx_HAL_Driver/Src/stm32f7xx_hal_i2c.o
                0x0000000008003870                HAL_I2C_Mem_Read
 .text.HAL_I2C_GetState
                0x0000000008003aa4       0x1c Drivers/STM32F7xx_HAL_Driver/Src/stm32f7xx_hal_i2c.o
                0x0000000008003aa4                HAL_I2C_GetState
 .text.I2C_RequestMemoryWrite
                0x0000000008003ac0       0xa8 Drivers/STM32F7xx_HAL_Driver/Src/stm32f7xx_hal_i2c.o
 .text.I2C_RequestMemoryRead
                0x0000000008003b68       0xa8 Drivers/STM32F7xx_HAL_Driver/Src/stm32f7xx_hal_i2c.o
 .text.I2C_Flush_TXDR
                0x0000000008003c10       0x48 Drivers/STM32F7xx_HAL_Driver/Src/stm32f7xx_hal_i2c.o
 .text.I2C_WaitOnFlagUntilTimeout
                0x0000000008003c58       0x80 Drivers/STM32F7xx_HAL_Driver/Src/stm32f7xx_hal_i2c.o
 .text.I2C_WaitOnTXISFlagUntilTimeout
                0x0000000008003cd8       0x80 Drivers/STM32F7xx_HAL_Driver/Src/stm32f7xx_hal_i2c.o
 .text.I2C_WaitOnSTOPFlagUntilTimeout
                0x0000000008003d58       0x78 Drivers/STM32F7xx_HAL_Driver/Src/stm32f7xx_hal_i2c.o
 .text.I2C_IsAcknowledgeFailed
                0x0000000008003dd0       0xcc Drivers/STM32F7xx_HAL_Driver/Src/stm32f7xx_hal_i2c.o
 .text.I2C_TransferConfig
                0x0000000008003e9c       0x5c Drivers/STM32F7xx_HAL_Driver/Src/stm32f7xx_hal_i2c.o
 .text.HAL_LTDC_Init
                0x0000000008003ef8      0x1a0 Drivers/STM32F7xx_HAL_Driver/Src/stm32f7xx_hal_ltdc.o
                0x0000000008003ef8                HAL_LTDC_Init
 .text.HAL_LTDC_IRQHandler
                0x0000000008004098      0x148 Drivers/STM32F7xx_HAL_Driver/Src/stm32f7xx_hal_ltdc.o
                0x0000000008004098                HAL_LTDC_IRQHandler
 .text.HAL_LTDC_ErrorCallback
                0x00000000080041e0       0x14 Drivers/STM32F7xx_HAL_Driver/Src/stm32f7xx_hal_ltdc.o
                0x00000000080041e0                HAL_LTDC_ErrorCallback
 .text.HAL_LTDC_LineEventCallback
                0x00000000080041f4       0x14 Drivers/STM32F7xx_HAL_Driver/Src/stm32f7xx_hal_ltdc.o
                0x00000000080041f4                HAL_LTDC_LineEventCallback
 .text.HAL_LTDC_ReloadEventCallback
                0x0000000008004208       0x14 Drivers/STM32F7xx_HAL_Driver/Src/stm32f7xx_hal_ltdc.o
                0x0000000008004208                HAL_LTDC_ReloadEventCallback
 .text.HAL_LTDC_ConfigLayer
                0x000000000800421c       0x7c Drivers/STM32F7xx_HAL_Driver/Src/stm32f7xx_hal_ltdc.o
                0x000000000800421c                HAL_LTDC_ConfigLayer
 .text.HAL_LTDC_GetState
                0x0000000008004298       0x1c Drivers/STM32F7xx_HAL_Driver/Src/stm32f7xx_hal_ltdc.o
                0x0000000008004298                HAL_LTDC_GetState
 .text.LTDC_SetConfig
                0x00000000080042b4      0x334 Drivers/STM32F7xx_HAL_Driver/Src/stm32f7xx_hal_ltdc.o
 .text.HAL_PWR_EnableBkUpAccess
                0x00000000080045e8       0x20 Drivers/STM32F7xx_HAL_Driver/Src/stm32f7xx_hal_pwr.o
                0x00000000080045e8                HAL_PWR_EnableBkUpAccess
 .text.HAL_PWREx_EnableOverDrive
                0x0000000008004608       0xa0 Drivers/STM32F7xx_HAL_Driver/Src/stm32f7xx_hal_pwr_ex.o
                0x0000000008004608                HAL_PWREx_EnableOverDrive
 .text.HAL_QSPI_Init
                0x00000000080046a8      0x114 Drivers/STM32F7xx_HAL_Driver/Src/stm32f7xx_hal_qspi.o
                0x00000000080046a8                HAL_QSPI_Init
 .text.HAL_QSPI_SetTimeout
                0x00000000080047bc       0x1c Drivers/STM32F7xx_HAL_Driver/Src/stm32f7xx_hal_qspi.o
                0x00000000080047bc                HAL_QSPI_SetTimeout
 .text.QSPI_WaitFlagStateUntilTimeout
                0x00000000080047d8       0x6e Drivers/STM32F7xx_HAL_Driver/Src/stm32f7xx_hal_qspi.o
 *fill*         0x0000000008004846        0x2 
 .text.HAL_RCC_OscConfig
                0x0000000008004848      0x4e0 Drivers/STM32F7xx_HAL_Driver/Src/stm32f7xx_hal_rcc.o
                0x0000000008004848                HAL_RCC_OscConfig
 .text.HAL_RCC_ClockConfig
                0x0000000008004d28      0x1d0 Drivers/STM32F7xx_HAL_Driver/Src/stm32f7xx_hal_rcc.o
                0x0000000008004d28                HAL_RCC_ClockConfig
 .text.HAL_RCC_GetSysClockFreq
                0x0000000008004ef8      0x164 Drivers/STM32F7xx_HAL_Driver/Src/stm32f7xx_hal_rcc.o
                0x0000000008004ef8                HAL_RCC_GetSysClockFreq
 .text.HAL_RCC_GetHCLKFreq
                0x000000000800505c       0x18 Drivers/STM32F7xx_HAL_Driver/Src/stm32f7xx_hal_rcc.o
                0x000000000800505c                HAL_RCC_GetHCLKFreq
 .text.HAL_RCC_GetPCLK1Freq
                0x0000000008005074       0x28 Drivers/STM32F7xx_HAL_Driver/Src/stm32f7xx_hal_rcc.o
                0x0000000008005074                HAL_RCC_GetPCLK1Freq
 .text.HAL_RCC_GetPCLK2Freq
                0x000000000800509c       0x28 Drivers/STM32F7xx_HAL_Driver/Src/stm32f7xx_hal_rcc.o
                0x000000000800509c                HAL_RCC_GetPCLK2Freq
 .text.HAL_RCCEx_PeriphCLKConfig
                0x00000000080050c4      0x7dc Drivers/STM32F7xx_HAL_Driver/Src/stm32f7xx_hal_rcc_ex.o
                0x00000000080050c4                HAL_RCCEx_PeriphCLKConfig
 .text.HAL_RTC_Init
                0x00000000080058a0       0xf8 Drivers/STM32F7xx_HAL_Driver/Src/stm32f7xx_hal_rtc.o
                0x00000000080058a0                HAL_RTC_Init
 .text.HAL_RTC_SetTime
                0x0000000008005998      0x17c Drivers/STM32F7xx_HAL_Driver/Src/stm32f7xx_hal_rtc.o
                0x0000000008005998                HAL_RTC_SetTime
 .text.HAL_RTC_SetDate
                0x0000000008005b14      0x150 Drivers/STM32F7xx_HAL_Driver/Src/stm32f7xx_hal_rtc.o
                0x0000000008005b14                HAL_RTC_SetDate
 .text.HAL_RTC_SetAlarm
                0x0000000008005c64      0x230 Drivers/STM32F7xx_HAL_Driver/Src/stm32f7xx_hal_rtc.o
                0x0000000008005c64                HAL_RTC_SetAlarm
 .text.HAL_RTC_WaitForSynchro
                0x0000000008005e94       0x50 Drivers/STM32F7xx_HAL_Driver/Src/stm32f7xx_hal_rtc.o
                0x0000000008005e94                HAL_RTC_WaitForSynchro
 .text.RTC_EnterInitMode
                0x0000000008005ee4       0x58 Drivers/STM32F7xx_HAL_Driver/Src/stm32f7xx_hal_rtc.o
                0x0000000008005ee4                RTC_EnterInitMode
 .text.RTC_ByteToBcd2
                0x0000000008005f3c       0x3c Drivers/STM32F7xx_HAL_Driver/Src/stm32f7xx_hal_rtc.o
                0x0000000008005f3c                RTC_ByteToBcd2
 .text.HAL_RTCEx_SetTimeStamp
                0x0000000008005f78       0xac Drivers/STM32F7xx_HAL_Driver/Src/stm32f7xx_hal_rtc_ex.o
                0x0000000008005f78                HAL_RTCEx_SetTimeStamp
 .text.HAL_SD_Init
                0x0000000008006024       0x56 Drivers/STM32F7xx_HAL_Driver/Src/stm32f7xx_hal_sd.o
                0x0000000008006024                HAL_SD_Init
 .text.HAL_SD_InitCard
                0x000000000800607a       0xc8 Drivers/STM32F7xx_HAL_Driver/Src/stm32f7xx_hal_sd.o
                0x000000000800607a                HAL_SD_InitCard
 .text.HAL_SD_GetCardCSD
                0x0000000008006142      0x450 Drivers/STM32F7xx_HAL_Driver/Src/stm32f7xx_hal_sd.o
                0x0000000008006142                HAL_SD_GetCardCSD
 .text.HAL_SD_ConfigWideBusOperation
                0x0000000008006592       0xf8 Drivers/STM32F7xx_HAL_Driver/Src/stm32f7xx_hal_sd.o
                0x0000000008006592                HAL_SD_ConfigWideBusOperation
 .text.SD_InitCard
                0x000000000800668a      0x192 Drivers/STM32F7xx_HAL_Driver/Src/stm32f7xx_hal_sd.o
 .text.SD_PowerON
                0x000000000800681c      0x150 Drivers/STM32F7xx_HAL_Driver/Src/stm32f7xx_hal_sd.o
 .text.SD_WideBus_Enable
                0x000000000800696c       0x9a Drivers/STM32F7xx_HAL_Driver/Src/stm32f7xx_hal_sd.o
 .text.SD_WideBus_Disable
                0x0000000008006a06       0x9a Drivers/STM32F7xx_HAL_Driver/Src/stm32f7xx_hal_sd.o
 .text.SD_FindSCR
                0x0000000008006aa0      0x192 Drivers/STM32F7xx_HAL_Driver/Src/stm32f7xx_hal_sd.o
 .text.HAL_SDRAM_Init
                0x0000000008006c32       0x68 Drivers/STM32F7xx_HAL_Driver/Src/stm32f7xx_hal_sdram.o
                0x0000000008006c32                HAL_SDRAM_Init
 .text.HAL_SDRAM_SendCommand
                0x0000000008006c9a       0x56 Drivers/STM32F7xx_HAL_Driver/Src/stm32f7xx_hal_sdram.o
                0x0000000008006c9a                HAL_SDRAM_SendCommand
 .text.HAL_SDRAM_ProgramRefreshRate
                0x0000000008006cf0       0x40 Drivers/STM32F7xx_HAL_Driver/Src/stm32f7xx_hal_sdram.o
                0x0000000008006cf0                HAL_SDRAM_ProgramRefreshRate
 .text.HAL_TIM_Base_Init
                0x0000000008006d30       0x56 Drivers/STM32F7xx_HAL_Driver/Src/stm32f7xx_hal_tim.o
                0x0000000008006d30                HAL_TIM_Base_Init
 *fill*         0x0000000008006d86        0x2 
 .text.HAL_TIM_Base_Start_IT
                0x0000000008006d88       0x54 Drivers/STM32F7xx_HAL_Driver/Src/stm32f7xx_hal_tim.o
                0x0000000008006d88                HAL_TIM_Base_Start_IT
 .text.HAL_TIM_PWM_Init
                0x0000000008006ddc       0x56 Drivers/STM32F7xx_HAL_Driver/Src/stm32f7xx_hal_tim.o
                0x0000000008006ddc                HAL_TIM_PWM_Init
 *fill*         0x0000000008006e32        0x2 
 .text.HAL_TIM_PWM_Start
                0x0000000008006e34       0x88 Drivers/STM32F7xx_HAL_Driver/Src/stm32f7xx_hal_tim.o
                0x0000000008006e34                HAL_TIM_PWM_Start
 .text.HAL_TIM_IRQHandler
                0x0000000008006ebc      0x23e Drivers/STM32F7xx_HAL_Driver/Src/stm32f7xx_hal_tim.o
                0x0000000008006ebc                HAL_TIM_IRQHandler
 *fill*         0x00000000080070fa        0x2 
 .text.HAL_TIM_PWM_ConfigChannel
                0x00000000080070fc      0x230 Drivers/STM32F7xx_HAL_Driver/Src/stm32f7xx_hal_tim.o
                0x00000000080070fc                HAL_TIM_PWM_ConfigChannel
 .text.HAL_TIM_OC_DelayElapsedCallback
                0x000000000800732c       0x14 Drivers/STM32F7xx_HAL_Driver/Src/stm32f7xx_hal_tim.o
                0x000000000800732c                HAL_TIM_OC_DelayElapsedCallback
 .text.HAL_TIM_IC_CaptureCallback
                0x0000000008007340       0x14 Drivers/STM32F7xx_HAL_Driver/Src/stm32f7xx_hal_tim.o
                0x0000000008007340                HAL_TIM_IC_CaptureCallback
 .text.HAL_TIM_PWM_PulseFinishedCallback
                0x0000000008007354       0x14 Drivers/STM32F7xx_HAL_Driver/Src/stm32f7xx_hal_tim.o
                0x0000000008007354                HAL_TIM_PWM_PulseFinishedCallback
 .text.HAL_TIM_TriggerCallback
                0x0000000008007368       0x14 Drivers/STM32F7xx_HAL_Driver/Src/stm32f7xx_hal_tim.o
                0x0000000008007368                HAL_TIM_TriggerCallback
 .text.TIM_Base_SetConfig
                0x000000000800737c      0x140 Drivers/STM32F7xx_HAL_Driver/Src/stm32f7xx_hal_tim.o
                0x000000000800737c                TIM_Base_SetConfig
 .text.TIM_OC1_SetConfig
                0x00000000080074bc       0xe4 Drivers/STM32F7xx_HAL_Driver/Src/stm32f7xx_hal_tim.o
 .text.TIM_OC2_SetConfig
                0x00000000080075a0       0xf0 Drivers/STM32F7xx_HAL_Driver/Src/stm32f7xx_hal_tim.o
                0x00000000080075a0                TIM_OC2_SetConfig
 .text.TIM_OC3_SetConfig
                0x0000000008007690       0xec Drivers/STM32F7xx_HAL_Driver/Src/stm32f7xx_hal_tim.o
 .text.TIM_OC4_SetConfig
                0x000000000800777c       0xb0 Drivers/STM32F7xx_HAL_Driver/Src/stm32f7xx_hal_tim.o
 .text.TIM_OC5_SetConfig
                0x000000000800782c       0xa4 Drivers/STM32F7xx_HAL_Driver/Src/stm32f7xx_hal_tim.o
 .text.TIM_OC6_SetConfig
                0x00000000080078d0       0xa8 Drivers/STM32F7xx_HAL_Driver/Src/stm32f7xx_hal_tim.o
 .text.TIM_CCxChannelCmd
                0x0000000008007978       0x4a Drivers/STM32F7xx_HAL_Driver/Src/stm32f7xx_hal_tim.o
                0x0000000008007978                TIM_CCxChannelCmd
 *fill*         0x00000000080079c2        0x2 
 .text.HAL_TIMEx_MasterConfigSynchronization
                0x00000000080079c4       0xb8 Drivers/STM32F7xx_HAL_Driver/Src/stm32f7xx_hal_tim_ex.o
                0x00000000080079c4                HAL_TIMEx_MasterConfigSynchronization
 .text.HAL_TIMEx_CommutCallback
                0x0000000008007a7c       0x14 Drivers/STM32F7xx_HAL_Driver/Src/stm32f7xx_hal_tim_ex.o
                0x0000000008007a7c                HAL_TIMEx_CommutCallback
 .text.HAL_TIMEx_BreakCallback
                0x0000000008007a90       0x14 Drivers/STM32F7xx_HAL_Driver/Src/stm32f7xx_hal_tim_ex.o
                0x0000000008007a90                HAL_TIMEx_BreakCallback
 .text.HAL_TIMEx_Break2Callback
                0x0000000008007aa4       0x14 Drivers/STM32F7xx_HAL_Driver/Src/stm32f7xx_hal_tim_ex.o
                0x0000000008007aa4                HAL_TIMEx_Break2Callback
 .text.HAL_UART_Init
                0x0000000008007ab8       0x9c Drivers/STM32F7xx_HAL_Driver/Src/stm32f7xx_hal_uart.o
                0x0000000008007ab8                HAL_UART_Init
 .text.UART_SetConfig
                0x0000000008007b54      0x548 Drivers/STM32F7xx_HAL_Driver/Src/stm32f7xx_hal_uart.o
                0x0000000008007b54                UART_SetConfig
 .text.UART_AdvFeatureConfig
                0x000000000800809c      0x144 Drivers/STM32F7xx_HAL_Driver/Src/stm32f7xx_hal_uart.o
                0x000000000800809c                UART_AdvFeatureConfig
 .text.UART_CheckIdleState
                0x00000000080081e0       0x5e Drivers/STM32F7xx_HAL_Driver/Src/stm32f7xx_hal_uart.o
                0x00000000080081e0                UART_CheckIdleState
 .text.UART_WaitOnFlagUntilTimeout
                0x000000000800823e       0x90 Drivers/STM32F7xx_HAL_Driver/Src/stm32f7xx_hal_uart.o
                0x000000000800823e                UART_WaitOnFlagUntilTimeout
 *fill*         0x00000000080082ce        0x2 
 .text.FMC_SDRAM_Init
                0x00000000080082d0       0xe4 Drivers/STM32F7xx_HAL_Driver/Src/stm32f7xx_ll_fmc.o
                0x00000000080082d0                FMC_SDRAM_Init
 .text.FMC_SDRAM_Timing_Init
                0x00000000080083b4      0x100 Drivers/STM32F7xx_HAL_Driver/Src/stm32f7xx_ll_fmc.o
                0x00000000080083b4                FMC_SDRAM_Timing_Init
 .text.FMC_SDRAM_SendCommand
                0x00000000080084b4       0x42 Drivers/STM32F7xx_HAL_Driver/Src/stm32f7xx_ll_fmc.o
                0x00000000080084b4                FMC_SDRAM_SendCommand
 .text.FMC_SDRAM_ProgramRefreshRate
                0x00000000080084f6       0x26 Drivers/STM32F7xx_HAL_Driver/Src/stm32f7xx_ll_fmc.o
                0x00000000080084f6                FMC_SDRAM_ProgramRefreshRate
 .text.SDMMC_Init
                0x000000000800851c       0x58 Drivers/STM32F7xx_HAL_Driver/Src/stm32f7xx_ll_sdmmc.o
                0x000000000800851c                SDMMC_Init
 .text.SDMMC_ReadFIFO
                0x0000000008008574       0x1a Drivers/STM32F7xx_HAL_Driver/Src/stm32f7xx_ll_sdmmc.o
                0x0000000008008574                SDMMC_ReadFIFO
 .text.SDMMC_PowerState_ON
                0x000000000800858e       0x1c Drivers/STM32F7xx_HAL_Driver/Src/stm32f7xx_ll_sdmmc.o
                0x000000000800858e                SDMMC_PowerState_ON
 .text.SDMMC_GetPowerState
                0x00000000080085aa       0x1c Drivers/STM32F7xx_HAL_Driver/Src/stm32f7xx_ll_sdmmc.o
                0x00000000080085aa                SDMMC_GetPowerState
 *fill*         0x00000000080085c6        0x2 
 .text.SDMMC_SendCommand
                0x00000000080085c8       0x54 Drivers/STM32F7xx_HAL_Driver/Src/stm32f7xx_ll_sdmmc.o
                0x00000000080085c8                SDMMC_SendCommand
 .text.SDMMC_GetCommandResponse
                0x000000000800861c       0x1a Drivers/STM32F7xx_HAL_Driver/Src/stm32f7xx_ll_sdmmc.o
                0x000000000800861c                SDMMC_GetCommandResponse
 .text.SDMMC_GetResponse
                0x0000000008008636       0x2a Drivers/STM32F7xx_HAL_Driver/Src/stm32f7xx_ll_sdmmc.o
                0x0000000008008636                SDMMC_GetResponse
 .text.SDMMC_ConfigData
                0x0000000008008660       0x58 Drivers/STM32F7xx_HAL_Driver/Src/stm32f7xx_ll_sdmmc.o
                0x0000000008008660                SDMMC_ConfigData
 .text.SDMMC_CmdBlockLength
                0x00000000080086b8       0x48 Drivers/STM32F7xx_HAL_Driver/Src/stm32f7xx_ll_sdmmc.o
                0x00000000080086b8                SDMMC_CmdBlockLength
 .text.SDMMC_CmdSelDesel
                0x0000000008008700       0x4a Drivers/STM32F7xx_HAL_Driver/Src/stm32f7xx_ll_sdmmc.o
                0x0000000008008700                SDMMC_CmdSelDesel
 .text.SDMMC_CmdGoIdleState
                0x000000000800874a       0x40 Drivers/STM32F7xx_HAL_Driver/Src/stm32f7xx_ll_sdmmc.o
                0x000000000800874a                SDMMC_CmdGoIdleState
 .text.SDMMC_CmdOperCond
                0x000000000800878a       0x42 Drivers/STM32F7xx_HAL_Driver/Src/stm32f7xx_ll_sdmmc.o
                0x000000000800878a                SDMMC_CmdOperCond
 .text.SDMMC_CmdAppCommand
                0x00000000080087cc       0x48 Drivers/STM32F7xx_HAL_Driver/Src/stm32f7xx_ll_sdmmc.o
                0x00000000080087cc                SDMMC_CmdAppCommand
 .text.SDMMC_CmdAppOperCommand
                0x0000000008008814       0x4c Drivers/STM32F7xx_HAL_Driver/Src/stm32f7xx_ll_sdmmc.o
                0x0000000008008814                SDMMC_CmdAppOperCommand
 .text.SDMMC_CmdBusWidth
                0x0000000008008860       0x48 Drivers/STM32F7xx_HAL_Driver/Src/stm32f7xx_ll_sdmmc.o
                0x0000000008008860                SDMMC_CmdBusWidth
 .text.SDMMC_CmdSendSCR
                0x00000000080088a8       0x46 Drivers/STM32F7xx_HAL_Driver/Src/stm32f7xx_ll_sdmmc.o
                0x00000000080088a8                SDMMC_CmdSendSCR
 .text.SDMMC_CmdSendCID
                0x00000000080088ee       0x40 Drivers/STM32F7xx_HAL_Driver/Src/stm32f7xx_ll_sdmmc.o
                0x00000000080088ee                SDMMC_CmdSendCID
 .text.SDMMC_CmdSendCSD
                0x000000000800892e       0x42 Drivers/STM32F7xx_HAL_Driver/Src/stm32f7xx_ll_sdmmc.o
                0x000000000800892e                SDMMC_CmdSendCSD
 .text.SDMMC_CmdSetRelAdd
                0x0000000008008970       0x46 Drivers/STM32F7xx_HAL_Driver/Src/stm32f7xx_ll_sdmmc.o
                0x0000000008008970                SDMMC_CmdSetRelAdd
 *fill*         0x00000000080089b6        0x2 
 .text.SDMMC_GetCmdError
                0x00000000080089b8       0x54 Drivers/STM32F7xx_HAL_Driver/Src/stm32f7xx_ll_sdmmc.o
 .text.SDMMC_GetCmdResp1
                0x0000000008008a0c      0x1cc Drivers/STM32F7xx_HAL_Driver/Src/stm32f7xx_ll_sdmmc.o
 .text.SDMMC_GetCmdResp2
                0x0000000008008bd8       0x80 Drivers/STM32F7xx_HAL_Driver/Src/stm32f7xx_ll_sdmmc.o
 .text.SDMMC_GetCmdResp3
                0x0000000008008c58       0x68 Drivers/STM32F7xx_HAL_Driver/Src/stm32f7xx_ll_sdmmc.o
 .text.SDMMC_GetCmdResp6
                0x0000000008008cc0       0xdc Drivers/STM32F7xx_HAL_Driver/Src/stm32f7xx_ll_sdmmc.o
 .text.SDMMC_GetCmdResp7
                0x0000000008008d9c       0x74 Drivers/STM32F7xx_HAL_Driver/Src/stm32f7xx_ll_sdmmc.o
 .text.Init_LCD
                0x0000000008008e10       0x54 Src/LCDScreen_generation.o
                0x0000000008008e10                Init_LCD
 .text.Draw_Button
                0x0000000008008e64      0x288 Src/LCDScreen_generation.o
                0x0000000008008e64                Draw_Button
 .text.TouchScreen_Polling
                0x00000000080090ec      0x1ac Src/LCDScreen_generation.o
                0x00000000080090ec                TouchScreen_Polling
 .text.Active_Button
                0x0000000008009298       0xbc Src/LCDScreen_generation.o
                0x0000000008009298                Active_Button
 .text.Signal   0x0000000008009354       0xac Src/LCDScreen_generation.o
                0x0000000008009354                Signal
 .text.HAL_TIM_PeriodElapsedCallback
                0x0000000008009400      0x148 Src/main.o
                0x0000000008009400                HAL_TIM_PeriodElapsedCallback
 .text.Generate_signal
                0x0000000008009548       0xb8 Src/main.o
                0x0000000008009548                Generate_signal
 .text.Generate_noise
                0x0000000008009600       0x14 Src/main.o
                0x0000000008009600                Generate_noise
 .text.main     0x0000000008009614       0x58 Src/main.o
                0x0000000008009614                main
 .text.SystemClock_Config
                0x000000000800966c      0x15c Src/main.o
                0x000000000800966c                SystemClock_Config
 .text.MX_DCMI_Init
                0x00000000080097c8       0x68 Src/main.o
 .text.MX_DMA2D_Init
                0x0000000008009830       0x64 Src/main.o
 .text.MX_LTDC_Init
                0x0000000008009894      0x104 Src/main.o
 .text.MX_QUADSPI_Init
                0x0000000008009998       0x58 Src/main.o
 .text.MX_RTC_Init
                0x00000000080099f0      0x150 Src/main.o
 .text.MX_SDMMC1_SD_Init
                0x0000000008009b40       0x60 Src/main.o
 .text.MX_TIM2_Init
                0x0000000008009ba0       0xb4 Src/main.o
 .text.MX_TIM4_Init
                0x0000000008009c54       0xb4 Src/main.o
 .text.MX_TIM6_Init
                0x0000000008009d08       0x70 Src/main.o
 .text.MX_TIM7_Init
                0x0000000008009d78       0x6c Src/main.o
 .text.MX_USART1_UART_Init
                0x0000000008009de4       0x60 Src/main.o
 .text.MX_FMC_Init
                0x0000000008009e44       0xa0 Src/main.o
 .text.MX_GPIO_Init
                0x0000000008009ee4      0x5d8 Src/main.o
 .text.Error_Handler
                0x000000000800a4bc        0xe Src/main.o
                0x000000000800a4bc                Error_Handler
 *fill*         0x000000000800a4ca        0x2 
 .text.HAL_MspInit
                0x000000000800a4cc       0x48 Src/stm32f7xx_hal_msp.o
                0x000000000800a4cc                HAL_MspInit
 .text.HAL_DCMI_MspInit
                0x000000000800a514      0x17c Src/stm32f7xx_hal_msp.o
                0x000000000800a514                HAL_DCMI_MspInit
 .text.HAL_DMA2D_MspInit
                0x000000000800a690       0x4c Src/stm32f7xx_hal_msp.o
                0x000000000800a690                HAL_DMA2D_MspInit
 .text.HAL_LTDC_MspInit
                0x000000000800a6dc      0x190 Src/stm32f7xx_hal_msp.o
                0x000000000800a6dc                HAL_LTDC_MspInit
 .text.HAL_QSPI_MspInit
                0x000000000800a86c      0x120 Src/stm32f7xx_hal_msp.o
                0x000000000800a86c                HAL_QSPI_MspInit
 .text.HAL_RTC_MspInit
                0x000000000800a98c       0x34 Src/stm32f7xx_hal_msp.o
                0x000000000800a98c                HAL_RTC_MspInit
 .text.HAL_SD_MspInit
                0x000000000800a9c0       0xc4 Src/stm32f7xx_hal_msp.o
                0x000000000800a9c0                HAL_SD_MspInit
 .text.HAL_TIM_PWM_MspInit
                0x000000000800aa84       0x64 Src/stm32f7xx_hal_msp.o
                0x000000000800aa84                HAL_TIM_PWM_MspInit
 .text.HAL_TIM_Base_MspInit
                0x000000000800aae8       0x84 Src/stm32f7xx_hal_msp.o
                0x000000000800aae8                HAL_TIM_Base_MspInit
 .text.HAL_TIM_MspPostInit
                0x000000000800ab6c       0xbc Src/stm32f7xx_hal_msp.o
                0x000000000800ab6c                HAL_TIM_MspPostInit
 .text.HAL_UART_MspInit
                0x000000000800ac28       0xc4 Src/stm32f7xx_hal_msp.o
                0x000000000800ac28                HAL_UART_MspInit
 .text.HAL_FMC_MspInit
                0x000000000800acec      0x120 Src/stm32f7xx_hal_msp.o
 .text.HAL_SDRAM_MspInit
                0x000000000800ae0c       0x14 Src/stm32f7xx_hal_msp.o
                0x000000000800ae0c                HAL_SDRAM_MspInit
 .text.SysTick_Handler
                0x000000000800ae20        0xc Src/stm32f7xx_it.o
                0x000000000800ae20                SysTick_Handler
 .text.NMI_Handler
                0x000000000800ae2c        0xe Src/stm32f7xx_it.o
                0x000000000800ae2c                NMI_Handler
 .text.HardFault_Handler
                0x000000000800ae3a        0x6 Src/stm32f7xx_it.o
                0x000000000800ae3a                HardFault_Handler
 .text.MemManage_Handler
                0x000000000800ae40        0x6 Src/stm32f7xx_it.o
                0x000000000800ae40                MemManage_Handler
 .text.BusFault_Handler
                0x000000000800ae46        0x6 Src/stm32f7xx_it.o
                0x000000000800ae46                BusFault_Handler
 .text.UsageFault_Handler
                0x000000000800ae4c        0x6 Src/stm32f7xx_it.o
                0x000000000800ae4c                UsageFault_Handler
 .text.SVC_Handler
                0x000000000800ae52        0xe Src/stm32f7xx_it.o
                0x000000000800ae52                SVC_Handler
 .text.DebugMon_Handler
                0x000000000800ae60        0xe Src/stm32f7xx_it.o
                0x000000000800ae60                DebugMon_Handler
 .text.PendSV_Handler
                0x000000000800ae6e        0xe Src/stm32f7xx_it.o
                0x000000000800ae6e                PendSV_Handler
 .text.TIM6_DAC_IRQHandler
                0x000000000800ae7c       0x14 Src/stm32f7xx_it.o
                0x000000000800ae7c                TIM6_DAC_IRQHandler
 .text.TIM7_IRQHandler
                0x000000000800ae90       0x14 Src/stm32f7xx_it.o
                0x000000000800ae90                TIM7_IRQHandler
 .text.LTDC_IRQHandler
                0x000000000800aea4       0x14 Src/stm32f7xx_it.o
                0x000000000800aea4                LTDC_IRQHandler
 .text.DMA2D_IRQHandler
                0x000000000800aeb8       0x14 Src/stm32f7xx_it.o
                0x000000000800aeb8                DMA2D_IRQHandler
 .text.SystemInit
                0x000000000800aecc       0x6c Src/system_stm32f7xx.o
                0x000000000800aecc                SystemInit
 .text.Reset_Handler
                0x000000000800af38       0x50 Startup/startup_stm32f746nghx.o
                0x000000000800af38                Reset_Handler
 .text.Default_Handler
                0x000000000800af88        0x2 Startup/startup_stm32f746nghx.o
                0x000000000800af88                RTC_Alarm_IRQHandler
                0x000000000800af88                EXTI2_IRQHandler
                0x000000000800af88                TIM8_CC_IRQHandler
                0x000000000800af88                UART8_IRQHandler
                0x000000000800af88                SPI4_IRQHandler
                0x000000000800af88                TIM1_CC_IRQHandler
                0x000000000800af88                DMA2_Stream5_IRQHandler
                0x000000000800af88                DMA1_Stream5_IRQHandler
                0x000000000800af88                PVD_IRQHandler
                0x000000000800af88                TAMP_STAMP_IRQHandler
                0x000000000800af88                CAN2_RX1_IRQHandler
                0x000000000800af88                EXTI3_IRQHandler
                0x000000000800af88                TIM8_TRG_COM_TIM14_IRQHandler
                0x000000000800af88                TIM1_UP_TIM10_IRQHandler
                0x000000000800af88                TIM8_UP_TIM13_IRQHandler
                0x000000000800af88                I2C3_ER_IRQHandler
                0x000000000800af88                EXTI0_IRQHandler
                0x000000000800af88                I2C2_EV_IRQHandler
                0x000000000800af88                DMA1_Stream2_IRQHandler
                0x000000000800af88                CAN1_RX0_IRQHandler
                0x000000000800af88                FPU_IRQHandler
                0x000000000800af88                OTG_HS_WKUP_IRQHandler
                0x000000000800af88                LTDC_ER_IRQHandler
                0x000000000800af88                CAN2_SCE_IRQHandler
                0x000000000800af88                DMA2_Stream2_IRQHandler
                0x000000000800af88                SPI1_IRQHandler
                0x000000000800af88                TIM1_BRK_TIM9_IRQHandler
                0x000000000800af88                DCMI_IRQHandler
                0x000000000800af88                CAN2_RX0_IRQHandler
                0x000000000800af88                DMA2_Stream3_IRQHandler
                0x000000000800af88                SAI2_IRQHandler
                0x000000000800af88                USART6_IRQHandler
                0x000000000800af88                USART3_IRQHandler
                0x000000000800af88                CAN1_RX1_IRQHandler
                0x000000000800af88                UART5_IRQHandler
                0x000000000800af88                DMA2_Stream0_IRQHandler
                0x000000000800af88                TIM4_IRQHandler
                0x000000000800af88                QUADSPI_IRQHandler
                0x000000000800af88                I2C1_EV_IRQHandler
                0x000000000800af88                DMA1_Stream6_IRQHandler
                0x000000000800af88                DMA1_Stream1_IRQHandler
                0x000000000800af88                UART4_IRQHandler
                0x000000000800af88                TIM3_IRQHandler
                0x000000000800af88                RCC_IRQHandler
                0x000000000800af88                TIM8_BRK_TIM12_IRQHandler
                0x000000000800af88                Default_Handler
                0x000000000800af88                CEC_IRQHandler
                0x000000000800af88                EXTI15_10_IRQHandler
                0x000000000800af88                ADC_IRQHandler
                0x000000000800af88                DMA1_Stream7_IRQHandler
                0x000000000800af88                SPI5_IRQHandler
                0x000000000800af88                SDMMC1_IRQHandler
                0x000000000800af88                CAN2_TX_IRQHandler
                0x000000000800af88                TIM5_IRQHandler
                0x000000000800af88                DMA2_Stream7_IRQHandler
                0x000000000800af88                I2C3_EV_IRQHandler
                0x000000000800af88                EXTI9_5_IRQHandler
                0x000000000800af88                RTC_WKUP_IRQHandler
                0x000000000800af88                ETH_WKUP_IRQHandler
                0x000000000800af88                SPDIF_RX_IRQHandler
                0x000000000800af88                SPI2_IRQHandler
                0x000000000800af88                OTG_HS_EP1_IN_IRQHandler
                0x000000000800af88                DMA1_Stream0_IRQHandler
                0x000000000800af88                CAN1_TX_IRQHandler
                0x000000000800af88                EXTI4_IRQHandler
                0x000000000800af88                RNG_IRQHandler
                0x000000000800af88                ETH_IRQHandler
                0x000000000800af88                OTG_HS_EP1_OUT_IRQHandler
                0x000000000800af88                WWDG_IRQHandler
                0x000000000800af88                SPI6_IRQHandler
                0x000000000800af88                I2C4_EV_IRQHandler
                0x000000000800af88                TIM2_IRQHandler
                0x000000000800af88                OTG_FS_WKUP_IRQHandler
                0x000000000800af88                TIM1_TRG_COM_TIM11_IRQHandler
                0x000000000800af88                OTG_HS_IRQHandler
                0x000000000800af88                EXTI1_IRQHandler
                0x000000000800af88                UART7_IRQHandler
                0x000000000800af88                USART2_IRQHandler
                0x000000000800af88                I2C2_ER_IRQHandler
                0x000000000800af88                DMA2_Stream1_IRQHandler
                0x000000000800af88                CAN1_SCE_IRQHandler
                0x000000000800af88                FLASH_IRQHandler
                0x000000000800af88                DMA2_Stream4_IRQHandler
                0x000000000800af88                USART1_IRQHandler
                0x000000000800af88                OTG_FS_IRQHandler
                0x000000000800af88                SPI3_IRQHandler
                0x000000000800af88                DMA1_Stream4_IRQHandler
                0x000000000800af88                I2C1_ER_IRQHandler
                0x000000000800af88                FMC_IRQHandler
                0x000000000800af88                LPTIM1_IRQHandler
                0x000000000800af88                I2C4_ER_IRQHandler
                0x000000000800af88                DMA2_Stream6_IRQHandler
                0x000000000800af88                SAI1_IRQHandler
                0x000000000800af88                DMA1_Stream3_IRQHandler
 *fill*         0x000000000800af8a        0x2 
 .text.__libc_init_array
                0x000000000800af8c       0x48 d:/stm32cubeide_1.0.0/stm32cubeide/plugins/com.st.stm32cube.ide.mcu.externaltools.gnu-tools-for-stm32.7-2018-q2-update.win32_1.0.0.201904181610/tools/bin/../lib/gcc/arm-none-eabi/7.3.1/../../../../arm-none-eabi/lib/thumb/v7e-m/fpv4-sp/hard\libc_nano.a(lib_a-init.o)
                0x000000000800af8c                __libc_init_array
 .text.memset   0x000000000800afd4       0x10 d:/stm32cubeide_1.0.0/stm32cubeide/plugins/com.st.stm32cube.ide.mcu.externaltools.gnu-tools-for-stm32.7-2018-q2-update.win32_1.0.0.201904181610/tools/bin/../lib/gcc/arm-none-eabi/7.3.1/../../../../arm-none-eabi/lib/thumb/v7e-m/fpv4-sp/hard\libc_nano.a(lib_a-memset.o)
                0x000000000800afd4                memset
 *(.glue_7)
 .glue_7        0x000000000800afe4        0x0 linker stubs
 *(.glue_7t)
 .glue_7t       0x000000000800afe4        0x0 linker stubs
 *(.eh_frame)
 .eh_frame      0x000000000800afe4        0x0 d:/stm32cubeide_1.0.0/stm32cubeide/plugins/com.st.stm32cube.ide.mcu.externaltools.gnu-tools-for-stm32.7-2018-q2-update.win32_1.0.0.201904181610/tools/bin/../lib/gcc/arm-none-eabi/7.3.1/thumb/v7e-m/fpv4-sp/hard/crtbegin.o
 *(.init)
 .init          0x000000000800afe4        0x4 d:/stm32cubeide_1.0.0/stm32cubeide/plugins/com.st.stm32cube.ide.mcu.externaltools.gnu-tools-for-stm32.7-2018-q2-update.win32_1.0.0.201904181610/tools/bin/../lib/gcc/arm-none-eabi/7.3.1/thumb/v7e-m/fpv4-sp/hard/crti.o
                0x000000000800afe4                _init
 .init          0x000000000800afe8        0x8 d:/stm32cubeide_1.0.0/stm32cubeide/plugins/com.st.stm32cube.ide.mcu.externaltools.gnu-tools-for-stm32.7-2018-q2-update.win32_1.0.0.201904181610/tools/bin/../lib/gcc/arm-none-eabi/7.3.1/thumb/v7e-m/fpv4-sp/hard/crtn.o
 *(.fini)
 .fini          0x000000000800aff0        0x4 d:/stm32cubeide_1.0.0/stm32cubeide/plugins/com.st.stm32cube.ide.mcu.externaltools.gnu-tools-for-stm32.7-2018-q2-update.win32_1.0.0.201904181610/tools/bin/../lib/gcc/arm-none-eabi/7.3.1/thumb/v7e-m/fpv4-sp/hard/crti.o
                0x000000000800aff0                _fini
 .fini          0x000000000800aff4        0x8 d:/stm32cubeide_1.0.0/stm32cubeide/plugins/com.st.stm32cube.ide.mcu.externaltools.gnu-tools-for-stm32.7-2018-q2-update.win32_1.0.0.201904181610/tools/bin/../lib/gcc/arm-none-eabi/7.3.1/thumb/v7e-m/fpv4-sp/hard/crtn.o
                0x000000000800affc                . = ALIGN (0x4)
                0x000000000800affc                _etext = .

.vfp11_veneer   0x000000000800affc        0x0
 .vfp11_veneer  0x000000000800affc        0x0 linker stubs

.v4_bx          0x000000000800affc        0x0
 .v4_bx         0x000000000800affc        0x0 linker stubs

.iplt           0x000000000800affc        0x0
 .iplt          0x000000000800affc        0x0 d:/stm32cubeide_1.0.0/stm32cubeide/plugins/com.st.stm32cube.ide.mcu.externaltools.gnu-tools-for-stm32.7-2018-q2-update.win32_1.0.0.201904181610/tools/bin/../lib/gcc/arm-none-eabi/7.3.1/thumb/v7e-m/fpv4-sp/hard/crtbegin.o

.rodata         0x000000000800affc     0x2010
                0x000000000800affc                . = ALIGN (0x4)
 *(.rodata)
 .rodata        0x000000000800affc       0x3e Src/LCDScreen_generation.o
 *(.rodata*)
 *fill*         0x000000000800b03a        0x2 
 .rodata.Font24_Table
                0x000000000800b03c     0x1ab8 Drivers/BSP/STM32746G-Discovery/stm32746g_discovery_lcd.o
                0x000000000800b03c                Font24_Table
 .rodata.Font8_Table
                0x000000000800caf4      0x2f8 Drivers/BSP/STM32746G-Discovery/stm32746g_discovery_lcd.o
                0x000000000800caf4                Font8_Table
 .rodata.flagBitshiftOffset.10061
                0x000000000800cdec        0x8 Drivers/STM32F7xx_HAL_Driver/Src/stm32f7xx_hal_dma.o
 .rodata.sine_wave_array
                0x000000000800cdf4      0x200 Src/main.o
                0x000000000800cdf4                sine_wave_array
 .rodata.AHBPrescTable
                0x000000000800cff4       0x10 Src/system_stm32f7xx.o
                0x000000000800cff4                AHBPrescTable
 .rodata.APBPrescTable
                0x000000000800d004        0x8 Src/system_stm32f7xx.o
                0x000000000800d004                APBPrescTable
                0x000000000800d00c                . = ALIGN (0x4)

.ARM.extab      0x000000000800d00c        0x0
                0x000000000800d00c                . = ALIGN (0x4)
 *(.ARM.extab* .gnu.linkonce.armextab.*)
                0x000000000800d00c                . = ALIGN (0x4)

.ARM            0x000000000800d00c        0x8
                0x000000000800d00c                . = ALIGN (0x4)
                0x000000000800d00c                __exidx_start = .
 *(.ARM.exidx*)
 .ARM.exidx     0x000000000800d00c        0x8 d:/stm32cubeide_1.0.0/stm32cubeide/plugins/com.st.stm32cube.ide.mcu.externaltools.gnu-tools-for-stm32.7-2018-q2-update.win32_1.0.0.201904181610/tools/bin/../lib/gcc/arm-none-eabi/7.3.1/thumb/v7e-m/fpv4-sp/hard\libgcc.a(_udivmoddi4.o)
                0x000000000800d014                __exidx_end = .
                0x000000000800d014                . = ALIGN (0x4)

.rel.dyn        0x000000000800d014        0x0
 .rel.iplt      0x000000000800d014        0x0 d:/stm32cubeide_1.0.0/stm32cubeide/plugins/com.st.stm32cube.ide.mcu.externaltools.gnu-tools-for-stm32.7-2018-q2-update.win32_1.0.0.201904181610/tools/bin/../lib/gcc/arm-none-eabi/7.3.1/thumb/v7e-m/fpv4-sp/hard/crtbegin.o

.preinit_array  0x000000000800d014        0x0
                0x000000000800d014                . = ALIGN (0x4)
                0x000000000800d014                PROVIDE (__preinit_array_start = .)
 *(.preinit_array*)
                0x000000000800d014                PROVIDE (__preinit_array_end = .)
                0x000000000800d014                . = ALIGN (0x4)

.init_array     0x000000000800d014        0x4
                0x000000000800d014                . = ALIGN (0x4)
                0x000000000800d014                PROVIDE (__init_array_start = .)
 *(SORT_BY_NAME(.init_array.*))
 *(.init_array*)
 .init_array    0x000000000800d014        0x4 d:/stm32cubeide_1.0.0/stm32cubeide/plugins/com.st.stm32cube.ide.mcu.externaltools.gnu-tools-for-stm32.7-2018-q2-update.win32_1.0.0.201904181610/tools/bin/../lib/gcc/arm-none-eabi/7.3.1/thumb/v7e-m/fpv4-sp/hard/crtbegin.o
                0x000000000800d018                PROVIDE (__init_array_end = .)
                0x000000000800d018                . = ALIGN (0x4)

.fini_array     0x000000000800d018        0x4
                0x000000000800d018                . = ALIGN (0x4)
                [!provide]                        PROVIDE (__fini_array_start = .)
 *(SORT_BY_NAME(.fini_array.*))
 *(.fini_array*)
 .fini_array    0x000000000800d018        0x4 d:/stm32cubeide_1.0.0/stm32cubeide/plugins/com.st.stm32cube.ide.mcu.externaltools.gnu-tools-for-stm32.7-2018-q2-update.win32_1.0.0.201904181610/tools/bin/../lib/gcc/arm-none-eabi/7.3.1/thumb/v7e-m/fpv4-sp/hard/crtbegin.o
                [!provide]                        PROVIDE (__fini_array_end = .)
                0x000000000800d01c                . = ALIGN (0x4)
                0x000000000800d01c                _sidata = LOADADDR (.data)

.data           0x0000000020000000      0x308 load address 0x000000000800d01c
                0x0000000020000000                . = ALIGN (0x4)
                0x0000000020000000                _sdata = .
 *(.data)
 *(.data*)
 .data.ft5336_ts_drv
                0x0000000020000000       0x28 Drivers/BSP/Components/ft5336/ft5336.o
                0x0000000020000000                ft5336_ts_drv
 .data.Font24   0x0000000020000028        0x8 Drivers/BSP/STM32746G-Discovery/stm32746g_discovery_lcd.o
                0x0000000020000028                Font24
 .data.Font8    0x0000000020000030        0x8 Drivers/BSP/STM32746G-Discovery/stm32746g_discovery_lcd.o
                0x0000000020000030                Font8
 .data.sdramstatus.9977
                0x0000000020000038        0x1 Drivers/BSP/STM32746G-Discovery/stm32746g_discovery_sdram.o
 *fill*         0x0000000020000039        0x3 
 .data.uwTickPrio
                0x000000002000003c        0x4 Drivers/STM32F7xx_HAL_Driver/Src/stm32f7xx_hal.o
                0x000000002000003c                uwTickPrio
 .data.uwTickFreq
                0x0000000020000040        0x1 Drivers/STM32F7xx_HAL_Driver/Src/stm32f7xx_hal.o
                0x0000000020000040                uwTickFreq
 *fill*         0x0000000020000041        0x3 
 .data.button_list
                0x0000000020000044       0x64 Src/LCDScreen_generation.o
                0x0000000020000044                button_list
 .data.harmonique
                0x00000000200000a8       0x3c Src/LCDScreen_generation.o
                0x00000000200000a8                harmonique
 .data.sine_wave_noise
                0x00000000200000e4      0x200 Src/main.o
                0x00000000200000e4                sine_wave_noise
 .data.periode_PWM
                0x00000000200002e4        0x2 Src/main.o
                0x00000000200002e4                periode_PWM
 *fill*         0x00000000200002e6        0x2 
 .data.freq_timer7
                0x00000000200002e8        0x4 Src/main.o
                0x00000000200002e8                freq_timer7
 .data.nbr_points
                0x00000000200002ec        0x2 Src/main.o
                0x00000000200002ec                nbr_points
 *fill*         0x00000000200002ee        0x2 
 .data.harmonics
                0x00000000200002f0       0x14 Src/main.o
                0x00000000200002f0                harmonics
 .data.SystemCoreClock
                0x0000000020000304        0x4 Src/system_stm32f7xx.o
                0x0000000020000304                SystemCoreClock
                0x0000000020000308                . = ALIGN (0x4)
                0x0000000020000308                _edata = .

.igot.plt       0x0000000020000308        0x0 load address 0x000000000800d324
 .igot.plt      0x0000000020000308        0x0 d:/stm32cubeide_1.0.0/stm32cubeide/plugins/com.st.stm32cube.ide.mcu.externaltools.gnu-tools-for-stm32.7-2018-q2-update.win32_1.0.0.201904181610/tools/bin/../lib/gcc/arm-none-eabi/7.3.1/thumb/v7e-m/fpv4-sp/hard/crtbegin.o
                0x0000000020000308                . = ALIGN (0x4)

.bss            0x0000000020000308      0x718 load address 0x000000000800d324
                0x0000000020000308                _sbss = .
                0x0000000020000308                __bss_start__ = _sbss
 *(.bss)
 .bss           0x0000000020000308       0x1c d:/stm32cubeide_1.0.0/stm32cubeide/plugins/com.st.stm32cube.ide.mcu.externaltools.gnu-tools-for-stm32.7-2018-q2-update.win32_1.0.0.201904181610/tools/bin/../lib/gcc/arm-none-eabi/7.3.1/thumb/v7e-m/fpv4-sp/hard/crtbegin.o
 *(.bss*)
 .bss.ft5336_handle
                0x0000000020000324        0x3 Drivers/BSP/Components/ft5336/ft5336.o
 *fill*         0x0000000020000327        0x1 
 .bss.coord.5529
                0x0000000020000328        0x2 Drivers/BSP/Components/ft5336/ft5336.o
 *fill*         0x000000002000032a        0x2 
 .bss.hI2cAudioHandler
                0x000000002000032c       0x4c Drivers/BSP/STM32746G-Discovery/stm32746g_discovery.o
 .bss.hDma2dHandler
                0x0000000020000378       0x40 Drivers/BSP/STM32746G-Discovery/stm32746g_discovery_lcd.o
 .bss.ActiveLayer
                0x00000000200003b8        0x4 Drivers/BSP/STM32746G-Discovery/stm32746g_discovery_lcd.o
 .bss.DrawProp  0x00000000200003bc       0x18 Drivers/BSP/STM32746G-Discovery/stm32746g_discovery_lcd.o
 .bss.periph_clk_init_struct.10564
                0x00000000200003d4       0x84 Drivers/BSP/STM32746G-Discovery/stm32746g_discovery_lcd.o
 .bss.Timing    0x0000000020000458       0x1c Drivers/BSP/STM32746G-Discovery/stm32746g_discovery_sdram.o
 .bss.Command   0x0000000020000474       0x10 Drivers/BSP/STM32746G-Discovery/stm32746g_discovery_sdram.o
 .bss.dma_handle.10013
                0x0000000020000484       0x60 Drivers/BSP/STM32746G-Discovery/stm32746g_discovery_sdram.o
 .bss.tsDriver  0x00000000200004e4        0x4 Drivers/BSP/STM32746G-Discovery/stm32746g_discovery_ts.o
 .bss.tsXBoundary
                0x00000000200004e8        0x2 Drivers/BSP/STM32746G-Discovery/stm32746g_discovery_ts.o
 .bss.tsYBoundary
                0x00000000200004ea        0x2 Drivers/BSP/STM32746G-Discovery/stm32746g_discovery_ts.o
 .bss.tsOrientation
                0x00000000200004ec        0x1 Drivers/BSP/STM32746G-Discovery/stm32746g_discovery_ts.o
 .bss.I2cAddress
                0x00000000200004ed        0x1 Drivers/BSP/STM32746G-Discovery/stm32746g_discovery_ts.o
 *fill*         0x00000000200004ee        0x2 
 .bss._x.10129  0x00000000200004f0       0x14 Drivers/BSP/STM32746G-Discovery/stm32746g_discovery_ts.o
 .bss._y.10130  0x0000000020000504       0x14 Drivers/BSP/STM32746G-Discovery/stm32746g_discovery_ts.o
 .bss.TS_State  0x0000000020000518       0x2c Src/LCDScreen_generation.o
 .bss.FMC_Initialized
                0x0000000020000544        0x4 Src/stm32f7xx_hal_msp.o
 *(COMMON)
 COMMON         0x0000000020000548       0xa8 Drivers/BSP/STM32746G-Discovery/stm32746g_discovery_lcd.o
                0x0000000020000548                hLtdcHandler
 COMMON         0x00000000200005f0       0x34 Drivers/BSP/STM32746G-Discovery/stm32746g_discovery_sdram.o
                0x00000000200005f0                sdramHandle
 COMMON         0x0000000020000624        0x4 Drivers/STM32F7xx_HAL_Driver/Src/stm32f7xx_hal.o
                0x0000000020000624                uwTick
 COMMON         0x0000000020000628        0x4 Src/LCDScreen_generation.o
                0x0000000020000628                button_harmonique
                0x0000000020000629                id_freq
                0x000000002000062a                id_harmonique
                0x000000002000062b                button_freq
 COMMON         0x000000002000062c      0x3f4 Src/main.o
                0x000000002000062c                htim4
                0x000000002000066c                hsd1
                0x00000000200006f0                k
                0x00000000200006f4                nb_harmoniques
                0x00000000200006f8                hltdc
                0x00000000200007a0                period_overflow
                0x00000000200007a4                hdcmi
                0x00000000200007f4                pulse_width
                0x00000000200007f8                huart1
                0x0000000020000878                hrtc
                0x0000000020000898                htim6
                0x00000000200008d8                pulse_width_noise
                0x00000000200008dc                hdma2d
                0x000000002000091c                htim2
                0x000000002000095c                a
                0x0000000020000960                hsdram1
                0x0000000020000994                htim7
                0x00000000200009d4                hqspi
                0x0000000020000a20                . = ALIGN (0x4)
                0x0000000020000a20                _ebss = .
                0x0000000020000a20                __bss_end__ = _ebss

._user_heap_stack
                0x0000000020000a20      0x600 load address 0x000000000800d324
                0x0000000020000a20                . = ALIGN (0x8)
                0x0000000020000a20                PROVIDE (end = .)
                [!provide]                        PROVIDE (_end = .)
                0x0000000020000c20                . = (. + _Min_Heap_Size)
 *fill*         0x0000000020000a20      0x200 
                0x0000000020001020                . = (. + _Min_Stack_Size)
 *fill*         0x0000000020000c20      0x400 
                0x0000000020001020                . = ALIGN (0x8)

/DISCARD/
 libc.a(*)
 libm.a(*)
 libgcc.a(*)

.ARM.attributes
                0x0000000000000000       0x30
 *(.ARM.attributes)
 .ARM.attributes
                0x0000000000000000       0x22 d:/stm32cubeide_1.0.0/stm32cubeide/plugins/com.st.stm32cube.ide.mcu.externaltools.gnu-tools-for-stm32.7-2018-q2-update.win32_1.0.0.201904181610/tools/bin/../lib/gcc/arm-none-eabi/7.3.1/thumb/v7e-m/fpv4-sp/hard/crti.o
 .ARM.attributes
                0x0000000000000022       0x34 d:/stm32cubeide_1.0.0/stm32cubeide/plugins/com.st.stm32cube.ide.mcu.externaltools.gnu-tools-for-stm32.7-2018-q2-update.win32_1.0.0.201904181610/tools/bin/../lib/gcc/arm-none-eabi/7.3.1/thumb/v7e-m/fpv4-sp/hard/crtbegin.o
 .ARM.attributes
                0x0000000000000056       0x39 Drivers/BSP/Components/ft5336/ft5336.o
 .ARM.attributes
                0x000000000000008f       0x39 Drivers/BSP/STM32746G-Discovery/stm32746g_discovery.o
 .ARM.attributes
                0x00000000000000c8       0x39 Drivers/BSP/STM32746G-Discovery/stm32746g_discovery_lcd.o
 .ARM.attributes
                0x0000000000000101       0x39 Drivers/BSP/STM32746G-Discovery/stm32746g_discovery_sdram.o
 .ARM.attributes
                0x000000000000013a       0x39 Drivers/BSP/STM32746G-Discovery/stm32746g_discovery_ts.o
 .ARM.attributes
                0x0000000000000173       0x39 Drivers/STM32F7xx_HAL_Driver/Src/stm32f7xx_hal.o
 .ARM.attributes
                0x00000000000001ac       0x39 Drivers/STM32F7xx_HAL_Driver/Src/stm32f7xx_hal_cortex.o
 .ARM.attributes
                0x00000000000001e5       0x39 Drivers/STM32F7xx_HAL_Driver/Src/stm32f7xx_hal_dcmi.o
 .ARM.attributes
                0x000000000000021e       0x39 Drivers/STM32F7xx_HAL_Driver/Src/stm32f7xx_hal_dma.o
 .ARM.attributes
                0x0000000000000257       0x39 Drivers/STM32F7xx_HAL_Driver/Src/stm32f7xx_hal_dma2d.o
 .ARM.attributes
                0x0000000000000290       0x39 Drivers/STM32F7xx_HAL_Driver/Src/stm32f7xx_hal_gpio.o
 .ARM.attributes
                0x00000000000002c9       0x39 Drivers/STM32F7xx_HAL_Driver/Src/stm32f7xx_hal_i2c.o
 .ARM.attributes
                0x0000000000000302       0x39 Drivers/STM32F7xx_HAL_Driver/Src/stm32f7xx_hal_ltdc.o
 .ARM.attributes
                0x000000000000033b       0x39 Drivers/STM32F7xx_HAL_Driver/Src/stm32f7xx_hal_pwr.o
 .ARM.attributes
                0x0000000000000374       0x39 Drivers/STM32F7xx_HAL_Driver/Src/stm32f7xx_hal_pwr_ex.o
 .ARM.attributes
                0x00000000000003ad       0x39 Drivers/STM32F7xx_HAL_Driver/Src/stm32f7xx_hal_qspi.o
 .ARM.attributes
                0x00000000000003e6       0x39 Drivers/STM32F7xx_HAL_Driver/Src/stm32f7xx_hal_rcc.o
 .ARM.attributes
                0x000000000000041f       0x39 Drivers/STM32F7xx_HAL_Driver/Src/stm32f7xx_hal_rcc_ex.o
 .ARM.attributes
                0x0000000000000458       0x39 Drivers/STM32F7xx_HAL_Driver/Src/stm32f7xx_hal_rtc.o
 .ARM.attributes
                0x0000000000000491       0x39 Drivers/STM32F7xx_HAL_Driver/Src/stm32f7xx_hal_rtc_ex.o
 .ARM.attributes
                0x00000000000004ca       0x39 Drivers/STM32F7xx_HAL_Driver/Src/stm32f7xx_hal_sd.o
 .ARM.attributes
                0x0000000000000503       0x39 Drivers/STM32F7xx_HAL_Driver/Src/stm32f7xx_hal_sdram.o
 .ARM.attributes
                0x000000000000053c       0x39 Drivers/STM32F7xx_HAL_Driver/Src/stm32f7xx_hal_tim.o
 .ARM.attributes
                0x0000000000000575       0x39 Drivers/STM32F7xx_HAL_Driver/Src/stm32f7xx_hal_tim_ex.o
 .ARM.attributes
                0x00000000000005ae       0x39 Drivers/STM32F7xx_HAL_Driver/Src/stm32f7xx_hal_uart.o
 .ARM.attributes
                0x00000000000005e7       0x39 Drivers/STM32F7xx_HAL_Driver/Src/stm32f7xx_ll_fmc.o
 .ARM.attributes
                0x0000000000000620       0x39 Drivers/STM32F7xx_HAL_Driver/Src/stm32f7xx_ll_sdmmc.o
 .ARM.attributes
                0x0000000000000659       0x39 Src/LCDScreen_generation.o
 .ARM.attributes
                0x0000000000000692       0x39 Src/main.o
 .ARM.attributes
                0x00000000000006cb       0x39 Src/stm32f7xx_hal_msp.o
 .ARM.attributes
                0x0000000000000704       0x39 Src/stm32f7xx_it.o
 .ARM.attributes
                0x000000000000073d       0x39 Src/system_stm32f7xx.o
 .ARM.attributes
                0x0000000000000776       0x21 Startup/startup_stm32f746nghx.o
 .ARM.attributes
                0x0000000000000797       0x34 d:/stm32cubeide_1.0.0/stm32cubeide/plugins/com.st.stm32cube.ide.mcu.externaltools.gnu-tools-for-stm32.7-2018-q2-update.win32_1.0.0.201904181610/tools/bin/../lib/gcc/arm-none-eabi/7.3.1/../../../../arm-none-eabi/lib/thumb/v7e-m/fpv4-sp/hard\libc_nano.a(lib_a-init.o)
 .ARM.attributes
                0x00000000000007cb       0x34 d:/stm32cubeide_1.0.0/stm32cubeide/plugins/com.st.stm32cube.ide.mcu.externaltools.gnu-tools-for-stm32.7-2018-q2-update.win32_1.0.0.201904181610/tools/bin/../lib/gcc/arm-none-eabi/7.3.1/../../../../arm-none-eabi/lib/thumb/v7e-m/fpv4-sp/hard\libc_nano.a(lib_a-memset.o)
 .ARM.attributes
                0x00000000000007ff       0x22 d:/stm32cubeide_1.0.0/stm32cubeide/plugins/com.st.stm32cube.ide.mcu.externaltools.gnu-tools-for-stm32.7-2018-q2-update.win32_1.0.0.201904181610/tools/bin/../lib/gcc/arm-none-eabi/7.3.1/thumb/v7e-m/fpv4-sp/hard\libgcc.a(_aeabi_uldivmod.o)
 .ARM.attributes
                0x0000000000000821       0x34 d:/stm32cubeide_1.0.0/stm32cubeide/plugins/com.st.stm32cube.ide.mcu.externaltools.gnu-tools-for-stm32.7-2018-q2-update.win32_1.0.0.201904181610/tools/bin/../lib/gcc/arm-none-eabi/7.3.1/thumb/v7e-m/fpv4-sp/hard\libgcc.a(_udivmoddi4.o)
 .ARM.attributes
                0x0000000000000855       0x22 d:/stm32cubeide_1.0.0/stm32cubeide/plugins/com.st.stm32cube.ide.mcu.externaltools.gnu-tools-for-stm32.7-2018-q2-update.win32_1.0.0.201904181610/tools/bin/../lib/gcc/arm-none-eabi/7.3.1/thumb/v7e-m/fpv4-sp/hard\libgcc.a(_dvmd_tls.o)
 .ARM.attributes
                0x0000000000000877       0x22 d:/stm32cubeide_1.0.0/stm32cubeide/plugins/com.st.stm32cube.ide.mcu.externaltools.gnu-tools-for-stm32.7-2018-q2-update.win32_1.0.0.201904181610/tools/bin/../lib/gcc/arm-none-eabi/7.3.1/thumb/v7e-m/fpv4-sp/hard/crtn.o
OUTPUT(IHM_Generation2.elf elf32-littlearm)

.debug_info     0x0000000000000000    0x22c45
 .debug_info    0x0000000000000000      0x58d Drivers/BSP/Components/ft5336/ft5336.o
 .debug_info    0x000000000000058d     0x19bb Drivers/BSP/STM32746G-Discovery/stm32746g_discovery.o
 .debug_info    0x0000000000001f48     0x2264 Drivers/BSP/STM32746G-Discovery/stm32746g_discovery_lcd.o
 .debug_info    0x00000000000041ac      0xf1e Drivers/BSP/STM32746G-Discovery/stm32746g_discovery_sdram.o
 .debug_info    0x00000000000050ca      0x9dd Drivers/BSP/STM32746G-Discovery/stm32746g_discovery_ts.o
 .debug_info    0x0000000000005aa7      0x9c4 Drivers/STM32F7xx_HAL_Driver/Src/stm32f7xx_hal.o
 .debug_info    0x000000000000646b     0x104a Drivers/STM32F7xx_HAL_Driver/Src/stm32f7xx_hal_cortex.o
 .debug_info    0x00000000000074b5      0xa81 Drivers/STM32F7xx_HAL_Driver/Src/stm32f7xx_hal_dcmi.o
 .debug_info    0x0000000000007f36      0x968 Drivers/STM32F7xx_HAL_Driver/Src/stm32f7xx_hal_dma.o
 .debug_info    0x000000000000889e      0xee9 Drivers/STM32F7xx_HAL_Driver/Src/stm32f7xx_hal_dma2d.o
 .debug_info    0x0000000000009787      0x7dc Drivers/STM32F7xx_HAL_Driver/Src/stm32f7xx_hal_gpio.o
 .debug_info    0x0000000000009f63     0x1fb9 Drivers/STM32F7xx_HAL_Driver/Src/stm32f7xx_hal_i2c.o
 .debug_info    0x000000000000bf1c     0x1104 Drivers/STM32F7xx_HAL_Driver/Src/stm32f7xx_hal_ltdc.o
 .debug_info    0x000000000000d020      0x9b4 Drivers/STM32F7xx_HAL_Driver/Src/stm32f7xx_hal_pwr.o
 .debug_info    0x000000000000d9d4      0x96b Drivers/STM32F7xx_HAL_Driver/Src/stm32f7xx_hal_pwr_ex.o
 .debug_info    0x000000000000e33f     0x1224 Drivers/STM32F7xx_HAL_Driver/Src/stm32f7xx_hal_qspi.o
 .debug_info    0x000000000000f563      0x926 Drivers/STM32F7xx_HAL_Driver/Src/stm32f7xx_hal_rcc.o
 .debug_info    0x000000000000fe89      0x7ad Drivers/STM32F7xx_HAL_Driver/Src/stm32f7xx_hal_rcc_ex.o
 .debug_info    0x0000000000010636      0xc56 Drivers/STM32F7xx_HAL_Driver/Src/stm32f7xx_hal_rtc.o
 .debug_info    0x000000000001128c      0xff7 Drivers/STM32F7xx_HAL_Driver/Src/stm32f7xx_hal_rtc_ex.o
 .debug_info    0x0000000000012283     0x17c8 Drivers/STM32F7xx_HAL_Driver/Src/stm32f7xx_hal_sd.o
 .debug_info    0x0000000000013a4b      0xca1 Drivers/STM32F7xx_HAL_Driver/Src/stm32f7xx_hal_sdram.o
 .debug_info    0x00000000000146ec     0x25a0 Drivers/STM32F7xx_HAL_Driver/Src/stm32f7xx_hal_tim.o
 .debug_info    0x0000000000016c8c     0x121c Drivers/STM32F7xx_HAL_Driver/Src/stm32f7xx_hal_tim_ex.o
 .debug_info    0x0000000000017ea8     0x1639 Drivers/STM32F7xx_HAL_Driver/Src/stm32f7xx_hal_uart.o
 .debug_info    0x00000000000194e1      0xccd Drivers/STM32F7xx_HAL_Driver/Src/stm32f7xx_ll_fmc.o
 .debug_info    0x000000000001a1ae     0x10bd Drivers/STM32F7xx_HAL_Driver/Src/stm32f7xx_ll_sdmmc.o
 .debug_info    0x000000000001b26b      0x6ab Src/LCDScreen_generation.o
 .debug_info    0x000000000001b916     0x350a Src/main.o
 .debug_info    0x000000000001ee20     0x2924 Src/stm32f7xx_hal_msp.o
 .debug_info    0x0000000000021744      0xda2 Src/stm32f7xx_it.o
 .debug_info    0x00000000000224e6      0x73d Src/system_stm32f7xx.o
 .debug_info    0x0000000000022c23       0x22 Startup/startup_stm32f746nghx.o

.debug_abbrev   0x0000000000000000     0x40c6
 .debug_abbrev  0x0000000000000000      0x1ea Drivers/BSP/Components/ft5336/ft5336.o
 .debug_abbrev  0x00000000000001ea      0x287 Drivers/BSP/STM32746G-Discovery/stm32746g_discovery.o
 .debug_abbrev  0x0000000000000471      0x298 Drivers/BSP/STM32746G-Discovery/stm32746g_discovery_lcd.o
 .debug_abbrev  0x0000000000000709      0x218 Drivers/BSP/STM32746G-Discovery/stm32746g_discovery_sdram.o
 .debug_abbrev  0x0000000000000921      0x22b Drivers/BSP/STM32746G-Discovery/stm32746g_discovery_ts.o
 .debug_abbrev  0x0000000000000b4c      0x1c7 Drivers/STM32F7xx_HAL_Driver/Src/stm32f7xx_hal.o
 .debug_abbrev  0x0000000000000d13      0x2fa Drivers/STM32F7xx_HAL_Driver/Src/stm32f7xx_hal_cortex.o
 .debug_abbrev  0x000000000000100d      0x202 Drivers/STM32F7xx_HAL_Driver/Src/stm32f7xx_hal_dcmi.o
 .debug_abbrev  0x000000000000120f      0x229 Drivers/STM32F7xx_HAL_Driver/Src/stm32f7xx_hal_dma.o
 .debug_abbrev  0x0000000000001438      0x211 Drivers/STM32F7xx_HAL_Driver/Src/stm32f7xx_hal_dma2d.o
 .debug_abbrev  0x0000000000001649      0x1c9 Drivers/STM32F7xx_HAL_Driver/Src/stm32f7xx_hal_gpio.o
 .debug_abbrev  0x0000000000001812      0x22a Drivers/STM32F7xx_HAL_Driver/Src/stm32f7xx_hal_i2c.o
 .debug_abbrev  0x0000000000001a3c      0x209 Drivers/STM32F7xx_HAL_Driver/Src/stm32f7xx_hal_ltdc.o
 .debug_abbrev  0x0000000000001c45      0x1b6 Drivers/STM32F7xx_HAL_Driver/Src/stm32f7xx_hal_pwr.o
 .debug_abbrev  0x0000000000001dfb      0x1b8 Drivers/STM32F7xx_HAL_Driver/Src/stm32f7xx_hal_pwr_ex.o
 .debug_abbrev  0x0000000000001fb3      0x22e Drivers/STM32F7xx_HAL_Driver/Src/stm32f7xx_hal_qspi.o
 .debug_abbrev  0x00000000000021e1      0x21a Drivers/STM32F7xx_HAL_Driver/Src/stm32f7xx_hal_rcc.o
 .debug_abbrev  0x00000000000023fb      0x1ad Drivers/STM32F7xx_HAL_Driver/Src/stm32f7xx_hal_rcc_ex.o
 .debug_abbrev  0x00000000000025a8      0x1be Drivers/STM32F7xx_HAL_Driver/Src/stm32f7xx_hal_rtc.o
 .debug_abbrev  0x0000000000002766      0x1e9 Drivers/STM32F7xx_HAL_Driver/Src/stm32f7xx_hal_rtc_ex.o
 .debug_abbrev  0x000000000000294f      0x23d Drivers/STM32F7xx_HAL_Driver/Src/stm32f7xx_hal_sd.o
 .debug_abbrev  0x0000000000002b8c      0x1f7 Drivers/STM32F7xx_HAL_Driver/Src/stm32f7xx_hal_sdram.o
 .debug_abbrev  0x0000000000002d83      0x230 Drivers/STM32F7xx_HAL_Driver/Src/stm32f7xx_hal_tim.o
 .debug_abbrev  0x0000000000002fb3      0x21e Drivers/STM32F7xx_HAL_Driver/Src/stm32f7xx_hal_tim_ex.o
 .debug_abbrev  0x00000000000031d1      0x205 Drivers/STM32F7xx_HAL_Driver/Src/stm32f7xx_hal_uart.o
 .debug_abbrev  0x00000000000033d6      0x170 Drivers/STM32F7xx_HAL_Driver/Src/stm32f7xx_ll_fmc.o
 .debug_abbrev  0x0000000000003546      0x1cd Drivers/STM32F7xx_HAL_Driver/Src/stm32f7xx_ll_sdmmc.o
 .debug_abbrev  0x0000000000003713      0x1b1 Src/LCDScreen_generation.o
 .debug_abbrev  0x00000000000038c4      0x2d3 Src/main.o
 .debug_abbrev  0x0000000000003b97      0x251 Src/stm32f7xx_hal_msp.o
 .debug_abbrev  0x0000000000003de8      0x185 Src/stm32f7xx_it.o
 .debug_abbrev  0x0000000000003f6d      0x147 Src/system_stm32f7xx.o
 .debug_abbrev  0x00000000000040b4       0x12 Startup/startup_stm32f746nghx.o

.debug_aranges  0x0000000000000000     0x2068
 .debug_aranges
                0x0000000000000000       0x90 Drivers/BSP/Components/ft5336/ft5336.o
 .debug_aranges
                0x0000000000000090      0x128 Drivers/BSP/STM32746G-Discovery/stm32746g_discovery.o
 .debug_aranges
                0x00000000000001b8      0x1d8 Drivers/BSP/STM32746G-Discovery/stm32746g_discovery_lcd.o
 .debug_aranges
                0x0000000000000390       0x68 Drivers/BSP/STM32746G-Discovery/stm32746g_discovery_sdram.o
 .debug_aranges
                0x00000000000003f8       0x58 Drivers/BSP/STM32746G-Discovery/stm32746g_discovery_ts.o
 .debug_aranges
                0x0000000000000450      0x100 Drivers/STM32F7xx_HAL_Driver/Src/stm32f7xx_hal.o
 .debug_aranges
                0x0000000000000550      0x118 Drivers/STM32F7xx_HAL_Driver/Src/stm32f7xx_hal_cortex.o
 .debug_aranges
                0x0000000000000668       0xb8 Drivers/STM32F7xx_HAL_Driver/Src/stm32f7xx_hal_dcmi.o
 .debug_aranges
                0x0000000000000720       0x90 Drivers/STM32F7xx_HAL_Driver/Src/stm32f7xx_hal_dma.o
 .debug_aranges
                0x00000000000007b0      0x108 Drivers/STM32F7xx_HAL_Driver/Src/stm32f7xx_hal_dma2d.o
 .debug_aranges
                0x00000000000008b8       0x58 Drivers/STM32F7xx_HAL_Driver/Src/stm32f7xx_hal_gpio.o
 .debug_aranges
                0x0000000000000910      0x288 Drivers/STM32F7xx_HAL_Driver/Src/stm32f7xx_hal_i2c.o
 .debug_aranges
                0x0000000000000b98      0x158 Drivers/STM32F7xx_HAL_Driver/Src/stm32f7xx_hal_ltdc.o
 .debug_aranges
                0x0000000000000cf0       0xa0 Drivers/STM32F7xx_HAL_Driver/Src/stm32f7xx_hal_pwr.o
 .debug_aranges
                0x0000000000000d90       0x80 Drivers/STM32F7xx_HAL_Driver/Src/stm32f7xx_hal_pwr_ex.o
 .debug_aranges
                0x0000000000000e10      0x160 Drivers/STM32F7xx_HAL_Driver/Src/stm32f7xx_hal_qspi.o
 .debug_aranges
                0x0000000000000f70       0x88 Drivers/STM32F7xx_HAL_Driver/Src/stm32f7xx_hal_rcc.o
 .debug_aranges
                0x0000000000000ff8       0x50 Drivers/STM32F7xx_HAL_Driver/Src/stm32f7xx_hal_rcc_ex.o
 .debug_aranges
                0x0000000000001048       0xb8 Drivers/STM32F7xx_HAL_Driver/Src/stm32f7xx_hal_rtc.o
 .debug_aranges
                0x0000000000001100      0x140 Drivers/STM32F7xx_HAL_Driver/Src/stm32f7xx_hal_rtc_ex.o
 .debug_aranges
                0x0000000000001240      0x168 Drivers/STM32F7xx_HAL_Driver/Src/stm32f7xx_hal_sd.o
 .debug_aranges
                0x00000000000013a8       0xd0 Drivers/STM32F7xx_HAL_Driver/Src/stm32f7xx_hal_sdram.o
 .debug_aranges
                0x0000000000001478      0x3b8 Drivers/STM32F7xx_HAL_Driver/Src/stm32f7xx_hal_tim.o
 .debug_aranges
                0x0000000000001830      0x160 Drivers/STM32F7xx_HAL_Driver/Src/stm32f7xx_hal_tim_ex.o
 .debug_aranges
                0x0000000000001990      0x1f8 Drivers/STM32F7xx_HAL_Driver/Src/stm32f7xx_hal_uart.o
 .debug_aranges
                0x0000000000001b88       0xc8 Drivers/STM32F7xx_HAL_Driver/Src/stm32f7xx_ll_fmc.o
 .debug_aranges
                0x0000000000001c50      0x178 Drivers/STM32F7xx_HAL_Driver/Src/stm32f7xx_ll_sdmmc.o
 .debug_aranges
                0x0000000000001dc8       0x40 Src/LCDScreen_generation.o
 .debug_aranges
                0x0000000000001e08       0xb8 Src/main.o
 .debug_aranges
                0x0000000000001ec0       0xd8 Src/stm32f7xx_hal_msp.o
 .debug_aranges
                0x0000000000001f98       0x80 Src/stm32f7xx_it.o
 .debug_aranges
                0x0000000000002018       0x28 Src/system_stm32f7xx.o
 .debug_aranges
                0x0000000000002040       0x28 Startup/startup_stm32f746nghx.o

.debug_ranges   0x0000000000000000     0x1e60
 .debug_ranges  0x0000000000000000       0x80 Drivers/BSP/Components/ft5336/ft5336.o
 .debug_ranges  0x0000000000000080      0x118 Drivers/BSP/STM32746G-Discovery/stm32746g_discovery.o
 .debug_ranges  0x0000000000000198      0x1c8 Drivers/BSP/STM32746G-Discovery/stm32746g_discovery_lcd.o
 .debug_ranges  0x0000000000000360       0x58 Drivers/BSP/STM32746G-Discovery/stm32746g_discovery_sdram.o
 .debug_ranges  0x00000000000003b8       0x48 Drivers/BSP/STM32746G-Discovery/stm32746g_discovery_ts.o
 .debug_ranges  0x0000000000000400       0xf0 Drivers/STM32F7xx_HAL_Driver/Src/stm32f7xx_hal.o
 .debug_ranges  0x00000000000004f0      0x108 Drivers/STM32F7xx_HAL_Driver/Src/stm32f7xx_hal_cortex.o
 .debug_ranges  0x00000000000005f8       0xa8 Drivers/STM32F7xx_HAL_Driver/Src/stm32f7xx_hal_dcmi.o
 .debug_ranges  0x00000000000006a0       0x80 Drivers/STM32F7xx_HAL_Driver/Src/stm32f7xx_hal_dma.o
 .debug_ranges  0x0000000000000720       0xf8 Drivers/STM32F7xx_HAL_Driver/Src/stm32f7xx_hal_dma2d.o
 .debug_ranges  0x0000000000000818       0x48 Drivers/STM32F7xx_HAL_Driver/Src/stm32f7xx_hal_gpio.o
 .debug_ranges  0x0000000000000860      0x278 Drivers/STM32F7xx_HAL_Driver/Src/stm32f7xx_hal_i2c.o
 .debug_ranges  0x0000000000000ad8      0x148 Drivers/STM32F7xx_HAL_Driver/Src/stm32f7xx_hal_ltdc.o
 .debug_ranges  0x0000000000000c20       0x90 Drivers/STM32F7xx_HAL_Driver/Src/stm32f7xx_hal_pwr.o
 .debug_ranges  0x0000000000000cb0       0x70 Drivers/STM32F7xx_HAL_Driver/Src/stm32f7xx_hal_pwr_ex.o
 .debug_ranges  0x0000000000000d20      0x150 Drivers/STM32F7xx_HAL_Driver/Src/stm32f7xx_hal_qspi.o
 .debug_ranges  0x0000000000000e70       0x78 Drivers/STM32F7xx_HAL_Driver/Src/stm32f7xx_hal_rcc.o
 .debug_ranges  0x0000000000000ee8       0x40 Drivers/STM32F7xx_HAL_Driver/Src/stm32f7xx_hal_rcc_ex.o
 .debug_ranges  0x0000000000000f28       0xa8 Drivers/STM32F7xx_HAL_Driver/Src/stm32f7xx_hal_rtc.o
 .debug_ranges  0x0000000000000fd0      0x130 Drivers/STM32F7xx_HAL_Driver/Src/stm32f7xx_hal_rtc_ex.o
 .debug_ranges  0x0000000000001100      0x158 Drivers/STM32F7xx_HAL_Driver/Src/stm32f7xx_hal_sd.o
 .debug_ranges  0x0000000000001258       0xc0 Drivers/STM32F7xx_HAL_Driver/Src/stm32f7xx_hal_sdram.o
 .debug_ranges  0x0000000000001318      0x3a8 Drivers/STM32F7xx_HAL_Driver/Src/stm32f7xx_hal_tim.o
 .debug_ranges  0x00000000000016c0      0x150 Drivers/STM32F7xx_HAL_Driver/Src/stm32f7xx_hal_tim_ex.o
 .debug_ranges  0x0000000000001810      0x1e8 Drivers/STM32F7xx_HAL_Driver/Src/stm32f7xx_hal_uart.o
 .debug_ranges  0x00000000000019f8       0xb8 Drivers/STM32F7xx_HAL_Driver/Src/stm32f7xx_ll_fmc.o
 .debug_ranges  0x0000000000001ab0      0x168 Drivers/STM32F7xx_HAL_Driver/Src/stm32f7xx_ll_sdmmc.o
 .debug_ranges  0x0000000000001c18       0x30 Src/LCDScreen_generation.o
 .debug_ranges  0x0000000000001c48       0xa8 Src/main.o
 .debug_ranges  0x0000000000001cf0       0xc8 Src/stm32f7xx_hal_msp.o
 .debug_ranges  0x0000000000001db8       0x70 Src/stm32f7xx_it.o
 .debug_ranges  0x0000000000001e28       0x18 Src/system_stm32f7xx.o
 .debug_ranges  0x0000000000001e40       0x20 Startup/startup_stm32f746nghx.o

.debug_macro    0x0000000000000000    0x29eb7
 .debug_macro   0x0000000000000000       0x7b Drivers/BSP/Components/ft5336/ft5336.o
 .debug_macro   0x000000000000007b       0x10 Drivers/BSP/Components/ft5336/ft5336.o
 .debug_macro   0x000000000000008b      0x39e Drivers/BSP/Components/ft5336/ft5336.o
 .debug_macro   0x0000000000000429      0x295 Drivers/BSP/STM32746G-Discovery/stm32746g_discovery.o
 .debug_macro   0x00000000000006be      0x1b3 Drivers/BSP/STM32746G-Discovery/stm32746g_discovery.o
 .debug_macro   0x0000000000000871       0x2e Drivers/BSP/STM32746G-Discovery/stm32746g_discovery.o
 .debug_macro   0x000000000000089f       0x3b Drivers/BSP/STM32746G-Discovery/stm32746g_discovery.o
 .debug_macro   0x00000000000008da       0x1c Drivers/BSP/STM32746G-Discovery/stm32746g_discovery.o
 .debug_macro   0x00000000000008f6       0x22 Drivers/BSP/STM32746G-Discovery/stm32746g_discovery.o
 .debug_macro   0x0000000000000918       0xdf Drivers/BSP/STM32746G-Discovery/stm32746g_discovery.o
 .debug_macro   0x00000000000009f7     0x12cd Drivers/BSP/STM32746G-Discovery/stm32746g_discovery.o
 .debug_macro   0x0000000000001cc4      0x11f Drivers/BSP/STM32746G-Discovery/stm32746g_discovery.o
 .debug_macro   0x0000000000001de3       0x19 Drivers/BSP/STM32746G-Discovery/stm32746g_discovery.o
 .debug_macro   0x0000000000001dfc    0x1882d Drivers/BSP/STM32746G-Discovery/stm32746g_discovery.o
 .debug_macro   0x000000000001a629       0x43 Drivers/BSP/STM32746G-Discovery/stm32746g_discovery.o
 .debug_macro   0x000000000001a66c     0x363d Drivers/BSP/STM32746G-Discovery/stm32746g_discovery.o
 .debug_macro   0x000000000001dca9      0x174 Drivers/BSP/STM32746G-Discovery/stm32746g_discovery.o
 .debug_macro   0x000000000001de1d       0x61 Drivers/BSP/STM32746G-Discovery/stm32746g_discovery.o
 .debug_macro   0x000000000001de7e     0x18ad Drivers/BSP/STM32746G-Discovery/stm32746g_discovery.o
 .debug_macro   0x000000000001f72b      0x6c4 Drivers/BSP/STM32746G-Discovery/stm32746g_discovery.o
 .debug_macro   0x000000000001fdef      0x103 Drivers/BSP/STM32746G-Discovery/stm32746g_discovery.o