Archive member included to satisfy reference by file (symbol)

d:/stm32cubeide_1.0.0/stm32cubeide/plugins/com.st.stm32cube.ide.mcu.externaltools.gnu-tools-for-stm32.7-2018-q2-update.win32_1.0.0.201904181610/tools/bin/../lib/gcc/arm-none-eabi/7.3.1/../../../../arm-none-eabi/lib/thumb/v7e-m/fpv4-sp/hard\libc_nano.a(lib_a-exit.o)
                              d:/stm32cubeide_1.0.0/stm32cubeide/plugins/com.st.stm32cube.ide.mcu.externaltools.gnu-tools-for-stm32.7-2018-q2-update.win32_1.0.0.201904181610/tools/bin/../lib/gcc/arm-none-eabi/7.3.1/../../../../arm-none-eabi/lib/thumb/v7e-m/fpv4-sp/hard/crt0.o (exit)
d:/stm32cubeide_1.0.0/stm32cubeide/plugins/com.st.stm32cube.ide.mcu.externaltools.gnu-tools-for-stm32.7-2018-q2-update.win32_1.0.0.201904181610/tools/bin/../lib/gcc/arm-none-eabi/7.3.1/../../../../arm-none-eabi/lib/thumb/v7e-m/fpv4-sp/hard\libc_nano.a(lib_a-impure.o)
                              d:/stm32cubeide_1.0.0/stm32cubeide/plugins/com.st.stm32cube.ide.mcu.externaltools.gnu-tools-for-stm32.7-2018-q2-update.win32_1.0.0.201904181610/tools/bin/../lib/gcc/arm-none-eabi/7.3.1/../../../../arm-none-eabi/lib/thumb/v7e-m/fpv4-sp/hard\libc_nano.a(lib_a-exit.o) (_global_impure_ptr)
d:/stm32cubeide_1.0.0/stm32cubeide/plugins/com.st.stm32cube.ide.mcu.externaltools.gnu-tools-for-stm32.7-2018-q2-update.win32_1.0.0.201904181610/tools/bin/../lib/gcc/arm-none-eabi/7.3.1/../../../../arm-none-eabi/lib/thumb/v7e-m/fpv4-sp/hard\libc_nano.a(lib_a-init.o)
                              d:/stm32cubeide_1.0.0/stm32cubeide/plugins/com.st.stm32cube.ide.mcu.externaltools.gnu-tools-for-stm32.7-2018-q2-update.win32_1.0.0.201904181610/tools/bin/../lib/gcc/arm-none-eabi/7.3.1/../../../../arm-none-eabi/lib/thumb/v7e-m/fpv4-sp/hard/crt0.o (__libc_init_array)
d:/stm32cubeide_1.0.0/stm32cubeide/plugins/com.st.stm32cube.ide.mcu.externaltools.gnu-tools-for-stm32.7-2018-q2-update.win32_1.0.0.201904181610/tools/bin/../lib/gcc/arm-none-eabi/7.3.1/../../../../arm-none-eabi/lib/thumb/v7e-m/fpv4-sp/hard\libc_nano.a(lib_a-memset.o)
                              d:/stm32cubeide_1.0.0/stm32cubeide/plugins/com.st.stm32cube.ide.mcu.externaltools.gnu-tools-for-stm32.7-2018-q2-update.win32_1.0.0.201904181610/tools/bin/../lib/gcc/arm-none-eabi/7.3.1/../../../../arm-none-eabi/lib/thumb/v7e-m/fpv4-sp/hard/crt0.o (memset)
d:/stm32cubeide_1.0.0/stm32cubeide/plugins/com.st.stm32cube.ide.mcu.externaltools.gnu-tools-for-stm32.7-2018-q2-update.win32_1.0.0.201904181610/tools/bin/../lib/gcc/arm-none-eabi/7.3.1/thumb/v7e-m/fpv4-sp/hard\libgcc.a(_aeabi_uldivmod.o)
                              Drivers/STM32F7xx_HAL_Driver/Src/stm32f7xx_hal_rcc.o (__aeabi_uldivmod)
d:/stm32cubeide_1.0.0/stm32cubeide/plugins/com.st.stm32cube.ide.mcu.externaltools.gnu-tools-for-stm32.7-2018-q2-update.win32_1.0.0.201904181610/tools/bin/../lib/gcc/arm-none-eabi/7.3.1/thumb/v7e-m/fpv4-sp/hard\libgcc.a(_udivmoddi4.o)
                              d:/stm32cubeide_1.0.0/stm32cubeide/plugins/com.st.stm32cube.ide.mcu.externaltools.gnu-tools-for-stm32.7-2018-q2-update.win32_1.0.0.201904181610/tools/bin/../lib/gcc/arm-none-eabi/7.3.1/thumb/v7e-m/fpv4-sp/hard\libgcc.a(_aeabi_uldivmod.o) (__udivmoddi4)
d:/stm32cubeide_1.0.0/stm32cubeide/plugins/com.st.stm32cube.ide.mcu.externaltools.gnu-tools-for-stm32.7-2018-q2-update.win32_1.0.0.201904181610/tools/bin/../lib/gcc/arm-none-eabi/7.3.1/thumb/v7e-m/fpv4-sp/hard\libgcc.a(_dvmd_tls.o)
                              d:/stm32cubeide_1.0.0/stm32cubeide/plugins/com.st.stm32cube.ide.mcu.externaltools.gnu-tools-for-stm32.7-2018-q2-update.win32_1.0.0.201904181610/tools/bin/../lib/gcc/arm-none-eabi/7.3.1/thumb/v7e-m/fpv4-sp/hard\libgcc.a(_aeabi_uldivmod.o) (__aeabi_ldiv0)
d:/stm32cubeide_1.0.0/stm32cubeide/plugins/com.st.stm32cube.ide.mcu.externaltools.gnu-tools-for-stm32.7-2018-q2-update.win32_1.0.0.201904181610/tools/bin/../lib/gcc/arm-none-eabi/7.3.1/../../../../arm-none-eabi/lib/thumb/v7e-m/fpv4-sp/hard\libnosys.a(_exit.o)
                              d:/stm32cubeide_1.0.0/stm32cubeide/plugins/com.st.stm32cube.ide.mcu.externaltools.gnu-tools-for-stm32.7-2018-q2-update.win32_1.0.0.201904181610/tools/bin/../lib/gcc/arm-none-eabi/7.3.1/../../../../arm-none-eabi/lib/thumb/v7e-m/fpv4-sp/hard\libc_nano.a(lib_a-exit.o) (_exit)

Allocating common symbols
Common symbol       size              file

sdramHandle         0x34              Drivers/BSP/stm32746g_discovery_sdram.o
hsd1                0x84              Src/main.o
hLtdcHandler        0xa8              Drivers/BSP/stm32746g_discovery_lcd.o
uwTick              0x4               Drivers/STM32F7xx_HAL_Driver/Src/stm32f7xx_hal.o
pFlash              0x1c              Drivers/STM32F7xx_HAL_Driver/Src/stm32f7xx_hal_flash.o
hltdc               0xa8              Src/main.o
hdcmi               0x50              Src/main.o
huart1              0x80              Src/main.o
hrtc                0x20              Src/main.o
aBufferTS           0xa               Drivers/BSP/Components/exc7200/exc7200.o
[...]
Memory Configuration

Name             Origin             Length             Attributes
FLASH            0x0000000008000000 0x0000000000100000 xr
RAM              0x0000000020000000 0x0000000000050000 xrw
*default*        0x0000000000000000 0xffffffffffffffff

Linker script and memory map

LOAD d:/stm32cubeide_1.0.0/stm32cubeide/plugins/com.st.stm32cube.ide.mcu.externaltools.gnu-tools-for-stm32.7-2018-q2-update.win32_1.0.0.201904181610/tools/bin/../lib/gcc/arm-none-eabi/7.3.1/thumb/v7e-m/fpv4-sp/hard/crti.o
LOAD d:/stm32cubeide_1.0.0/stm32cubeide/plugins/com.st.stm32cube.ide.mcu.externaltools.gnu-tools-for-stm32.7-2018-q2-update.win32_1.0.0.201904181610/tools/bin/../lib/gcc/arm-none-eabi/7.3.1/thumb/v7e-m/fpv4-sp/hard/crtbegin.o
LOAD d:/stm32cubeide_1.0.0/stm32cubeide/plugins/com.st.stm32cube.ide.mcu.externaltools.gnu-tools-for-stm32.7-2018-q2-update.win32_1.0.0.201904181610/tools/bin/../lib/gcc/arm-none-eabi/7.3.1/../../../../arm-none-eabi/lib/thumb/v7e-m/fpv4-sp/hard/crt0.o
LOAD Drivers/BSP/Components/adv7533/adv7533.o
LOAD Drivers/BSP/Components/exc7200/exc7200.o
LOAD Drivers/BSP/Components/ft5336/ft5336.o
LOAD Drivers/BSP/Components/ft6x06/ft6x06.o
LOAD Drivers/BSP/Components/mfxstm32l152/mfxstm32l152.o
LOAD Drivers/BSP/Components/otm8009a/otm8009a.o
LOAD Drivers/BSP/Components/ov9655/ov9655.o
LOAD Drivers/BSP/Components/s5k5cag/s5k5cag.o
LOAD Drivers/BSP/Components/st7735/st7735.o
LOAD Drivers/BSP/Components/st7789h2/st7789h2.o
LOAD Drivers/BSP/Components/stmpe811/stmpe811.o
LOAD Drivers/BSP/Components/ts3510/ts3510.o
LOAD Drivers/BSP/Components/wm8994/wm8994.o
LOAD Drivers/BSP/stm32746g_discovery.o
LOAD Drivers/BSP/stm32746g_discovery_lcd.o
LOAD Drivers/BSP/stm32746g_discovery_sdram.o
LOAD Drivers/STM32F7xx_HAL_Driver/Src/stm32f7xx_hal.o
LOAD Drivers/STM32F7xx_HAL_Driver/Src/stm32f7xx_hal_cortex.o
LOAD Drivers/STM32F7xx_HAL_Driver/Src/stm32f7xx_hal_dcmi.o
LOAD Drivers/STM32F7xx_HAL_Driver/Src/stm32f7xx_hal_dcmi_ex.o
LOAD Drivers/STM32F7xx_HAL_Driver/Src/stm32f7xx_hal_dma.o
LOAD Drivers/STM32F7xx_HAL_Driver/Src/stm32f7xx_hal_dma2d.o
LOAD Drivers/STM32F7xx_HAL_Driver/Src/stm32f7xx_hal_dma_ex.o
LOAD Drivers/STM32F7xx_HAL_Driver/Src/stm32f7xx_hal_dsi.o
LOAD Drivers/STM32F7xx_HAL_Driver/Src/stm32f7xx_hal_exti.o
LOAD Drivers/STM32F7xx_HAL_Driver/Src/stm32f7xx_hal_flash.o
LOAD Drivers/STM32F7xx_HAL_Driver/Src/stm32f7xx_hal_flash_ex.o
LOAD Drivers/STM32F7xx_HAL_Driver/Src/stm32f7xx_hal_gpio.o
LOAD Drivers/STM32F7xx_HAL_Driver/Src/stm32f7xx_hal_i2c.o
LOAD Drivers/STM32F7xx_HAL_Driver/Src/stm32f7xx_hal_i2c_ex.o
LOAD Drivers/STM32F7xx_HAL_Driver/Src/stm32f7xx_hal_ltdc.o
LOAD Drivers/STM32F7xx_HAL_Driver/Src/stm32f7xx_hal_ltdc_ex.o
LOAD Drivers/STM32F7xx_HAL_Driver/Src/stm32f7xx_hal_pwr.o
LOAD Drivers/STM32F7xx_HAL_Driver/Src/stm32f7xx_hal_pwr_ex.o
LOAD Drivers/STM32F7xx_HAL_Driver/Src/stm32f7xx_hal_qspi.o
LOAD Drivers/STM32F7xx_HAL_Driver/Src/stm32f7xx_hal_rcc.o
LOAD Drivers/STM32F7xx_HAL_Driver/Src/stm32f7xx_hal_rcc_ex.o
LOAD Drivers/STM32F7xx_HAL_Driver/Src/stm32f7xx_hal_rtc.o
LOAD Drivers/STM32F7xx_HAL_Driver/Src/stm32f7xx_hal_rtc_ex.o
LOAD Drivers/STM32F7xx_HAL_Driver/Src/stm32f7xx_hal_sd.o
LOAD Drivers/STM32F7xx_HAL_Driver/Src/stm32f7xx_hal_sdram.o
LOAD Drivers/STM32F7xx_HAL_Driver/Src/stm32f7xx_hal_tim.o
LOAD Drivers/STM32F7xx_HAL_Driver/Src/stm32f7xx_hal_tim_ex.o
LOAD Drivers/STM32F7xx_HAL_Driver/Src/stm32f7xx_hal_uart.o
LOAD Drivers/STM32F7xx_HAL_Driver/Src/stm32f7xx_hal_uart_ex.o
LOAD Drivers/STM32F7xx_HAL_Driver/Src/stm32f7xx_ll_fmc.o
LOAD Drivers/STM32F7xx_HAL_Driver/Src/stm32f7xx_ll_sdmmc.o
LOAD Src/display_lcd.o
LOAD Src/main.o
LOAD Src/stm32f7xx_hal_msp.o
LOAD Src/stm32f7xx_it.o
LOAD Src/system_stm32f7xx.o
LOAD Startup/startup_stm32f746nghx.o
START GROUP
LOAD d:/stm32cubeide_1.0.0/stm32cubeide/plugins/com.st.stm32cube.ide.mcu.externaltools.gnu-tools-for-stm32.7-2018-q2-update.win32_1.0.0.201904181610/tools/bin/../lib/gcc/arm-none-eabi/7.3.1/../../../../arm-none-eabi/lib/thumb/v7e-m/fpv4-sp/hard\libc_nano.a
LOAD d:/stm32cubeide_1.0.0/stm32cubeide/plugins/com.st.stm32cube.ide.mcu.externaltools.gnu-tools-for-stm32.7-2018-q2-update.win32_1.0.0.201904181610/tools/bin/../lib/gcc/arm-none-eabi/7.3.1/../../../../arm-none-eabi/lib/thumb/v7e-m/fpv4-sp/hard\libm.a
END GROUP
START GROUP
LOAD d:/stm32cubeide_1.0.0/stm32cubeide/plugins/com.st.stm32cube.ide.mcu.externaltools.gnu-tools-for-stm32.7-2018-q2-update.win32_1.0.0.201904181610/tools/bin/../lib/gcc/arm-none-eabi/7.3.1/thumb/v7e-m/fpv4-sp/hard\libgcc.a
LOAD d:/stm32cubeide_1.0.0/stm32cubeide/plugins/com.st.stm32cube.ide.mcu.externaltools.gnu-tools-for-stm32.7-2018-q2-update.win32_1.0.0.201904181610/tools/bin/../lib/gcc/arm-none-eabi/7.3.1/../../../../arm-none-eabi/lib/thumb/v7e-m/fpv4-sp/hard\libc_nano.a
END GROUP
START GROUP
LOAD d:/stm32cubeide_1.0.0/stm32cubeide/plugins/com.st.stm32cube.ide.mcu.externaltools.gnu-tools-for-stm32.7-2018-q2-update.win32_1.0.0.201904181610/tools/bin/../lib/gcc/arm-none-eabi/7.3.1/thumb/v7e-m/fpv4-sp/hard\libgcc.a
LOAD d:/stm32cubeide_1.0.0/stm32cubeide/plugins/com.st.stm32cube.ide.mcu.externaltools.gnu-tools-for-stm32.7-2018-q2-update.win32_1.0.0.201904181610/tools/bin/../lib/gcc/arm-none-eabi/7.3.1/../../../../arm-none-eabi/lib/thumb/v7e-m/fpv4-sp/hard\libc_nano.a
LOAD d:/stm32cubeide_1.0.0/stm32cubeide/plugins/com.st.stm32cube.ide.mcu.externaltools.gnu-tools-for-stm32.7-2018-q2-update.win32_1.0.0.201904181610/tools/bin/../lib/gcc/arm-none-eabi/7.3.1/../../../../arm-none-eabi/lib/thumb/v7e-m/fpv4-sp/hard\libnosys.a
END GROUP
START GROUP
LOAD d:/stm32cubeide_1.0.0/stm32cubeide/plugins/com.st.stm32cube.ide.mcu.externaltools.gnu-tools-for-stm32.7-2018-q2-update.win32_1.0.0.201904181610/tools/bin/../lib/gcc/arm-none-eabi/7.3.1/thumb/v7e-m/fpv4-sp/hard\libgcc.a
LOAD d:/stm32cubeide_1.0.0/stm32cubeide/plugins/com.st.stm32cube.ide.mcu.externaltools.gnu-tools-for-stm32.7-2018-q2-update.win32_1.0.0.201904181610/tools/bin/../lib/gcc/arm-none-eabi/7.3.1/../../../../arm-none-eabi/lib/thumb/v7e-m/fpv4-sp/hard\libc_nano.a
LOAD d:/stm32cubeide_1.0.0/stm32cubeide/plugins/com.st.stm32cube.ide.mcu.externaltools.gnu-tools-for-stm32.7-2018-q2-update.win32_1.0.0.201904181610/tools/bin/../lib/gcc/arm-none-eabi/7.3.1/../../../../arm-none-eabi/lib/thumb/v7e-m/fpv4-sp/hard\libnosys.a
END GROUP
LOAD d:/stm32cubeide_1.0.0/stm32cubeide/plugins/com.st.stm32cube.ide.mcu.externaltools.gnu-tools-for-stm32.7-2018-q2-update.win32_1.0.0.201904181610/tools/bin/../lib/gcc/arm-none-eabi/7.3.1/thumb/v7e-m/fpv4-sp/hard/crtend.o
LOAD d:/stm32cubeide_1.0.0/stm32cubeide/plugins/com.st.stm32cube.ide.mcu.externaltools.gnu-tools-for-stm32.7-2018-q2-update.win32_1.0.0.201904181610/tools/bin/../lib/gcc/arm-none-eabi/7.3.1/thumb/v7e-m/fpv4-sp/hard/crtn.o
                0x000000002004ffff                _estack = 0x2004ffff
                0x0000000000000200                _Min_Heap_Size = 0x200
                0x0000000000000400                _Min_Stack_Size = 0x400

.isr_vector     0x0000000008000000      0x1c8
                0x0000000008000000                . = ALIGN (0x4)
 *(.isr_vector)
 .isr_vector    0x0000000008000000      0x1c8 Startup/startup_stm32f746nghx.o
                0x0000000008000000                g_pfnVectors
                0x00000000080001c8                . = ALIGN (0x4)

.text           0x00000000080001c8     0x7d88
                0x00000000080001c8                . = ALIGN (0x4)
 *(.text)
 .text          0x00000000080001c8       0x40 d:/stm32cubeide_1.0.0/stm32cubeide/plugins/com.st.stm32cube.ide.mcu.externaltools.gnu-tools-for-stm32.7-2018-q2-update.win32_1.0.0.201904181610/tools/bin/../lib/gcc/arm-none-eabi/7.3.1/thumb/v7e-m/fpv4-sp/hard/crtbegin.o
 .text          0x0000000008000208       0x30 d:/stm32cubeide_1.0.0/stm32cubeide/plugins/com.st.stm32cube.ide.mcu.externaltools.gnu-tools-for-stm32.7-2018-q2-update.win32_1.0.0.201904181610/tools/bin/../lib/gcc/arm-none-eabi/7.3.1/thumb/v7e-m/fpv4-sp/hard\libgcc.a(_aeabi_uldivmod.o)
                0x0000000008000208                __aeabi_uldivmod
 .text          0x0000000008000238      0x2cc d:/stm32cubeide_1.0.0/stm32cubeide/plugins/com.st.stm32cube.ide.mcu.externaltools.gnu-tools-for-stm32.7-2018-q2-update.win32_1.0.0.201904181610/tools/bin/../lib/gcc/arm-none-eabi/7.3.1/thumb/v7e-m/fpv4-sp/hard\libgcc.a(_udivmoddi4.o)
                0x0000000008000238                __udivmoddi4
 .text          0x0000000008000504        0x4 d:/stm32cubeide_1.0.0/stm32cubeide/plugins/com.st.stm32cube.ide.mcu.externaltools.gnu-tools-for-stm32.7-2018-q2-update.win32_1.0.0.201904181610/tools/bin/../lib/gcc/arm-none-eabi/7.3.1/thumb/v7e-m/fpv4-sp/hard\libgcc.a(_dvmd_tls.o)
                0x0000000008000504                __aeabi_idiv0
                0x0000000008000504                __aeabi_ldiv0
 *(.text*)
 .text.BSP_LCD_Init
                0x0000000008000508       0xe0 Drivers/BSP/stm32746g_discovery_lcd.o
                0x0000000008000508                BSP_LCD_Init
 .text.BSP_LCD_GetXSize
                0x00000000080005e8       0x28 Drivers/BSP/stm32746g_discovery_lcd.o
                0x00000000080005e8                BSP_LCD_GetXSize
 .text.BSP_LCD_GetYSize
                0x0000000008000610       0x28 Drivers/BSP/stm32746g_discovery_lcd.o
                0x0000000008000610                BSP_LCD_GetYSize
 .text.BSP_LCD_LayerDefaultInit
                0x0000000008000638       0xc0 Drivers/BSP/stm32746g_discovery_lcd.o
                0x0000000008000638                BSP_LCD_LayerDefaultInit
 .text.BSP_LCD_SelectLayer
                0x00000000080006f8       0x20 Drivers/BSP/stm32746g_discovery_lcd.o
                0x00000000080006f8                BSP_LCD_SelectLayer
 .text.BSP_LCD_SetTextColor
                0x0000000008000718       0x30 Drivers/BSP/stm32746g_discovery_lcd.o
                0x0000000008000718                BSP_LCD_SetTextColor
 .text.BSP_LCD_SetBackColor
                0x0000000008000748       0x34 Drivers/BSP/stm32746g_discovery_lcd.o
                0x0000000008000748                BSP_LCD_SetBackColor
 .text.BSP_LCD_SetFont
                0x000000000800077c       0x34 Drivers/BSP/stm32746g_discovery_lcd.o
                0x000000000800077c                BSP_LCD_SetFont
 .text.BSP_LCD_Clear
                0x00000000080007b0       0x50 Drivers/BSP/stm32746g_discovery_lcd.o
                0x00000000080007b0                BSP_LCD_Clear
 .text.BSP_LCD_DisplayChar
                0x0000000008000800       0x88 Drivers/BSP/stm32746g_discovery_lcd.o
                0x0000000008000800                BSP_LCD_DisplayChar
 .text.BSP_LCD_DisplayStringAt
                0x0000000008000888      0x188 Drivers/BSP/stm32746g_discovery_lcd.o
                0x0000000008000888                BSP_LCD_DisplayStringAt
 .text.BSP_LCD_DrawPixel
                0x0000000008000a10       0x90 Drivers/BSP/stm32746g_discovery_lcd.o
                0x0000000008000a10                BSP_LCD_DrawPixel
 .text.BSP_LCD_FillRect
                0x0000000008000aa0       0xf4 Drivers/BSP/stm32746g_discovery_lcd.o
                0x0000000008000aa0                BSP_LCD_FillRect
 .text.BSP_LCD_DisplayOn
                0x0000000008000b94       0x3c Drivers/BSP/stm32746g_discovery_lcd.o
                0x0000000008000b94                BSP_LCD_DisplayOn
 .text.BSP_LCD_MspInit
                0x0000000008000bd0      0x1b4 Drivers/BSP/stm32746g_discovery_lcd.o
                0x0000000008000bd0                BSP_LCD_MspInit
 .text.BSP_LCD_ClockConfig
                0x0000000008000d84       0x38 Drivers/BSP/stm32746g_discovery_lcd.o
                0x0000000008000d84                BSP_LCD_ClockConfig
 .text.DrawChar
                0x0000000008000dbc      0x170 Drivers/BSP/stm32746g_discovery_lcd.o
 .text.LL_FillBuffer
                0x0000000008000f2c       0x98 Drivers/BSP/stm32746g_discovery_lcd.o
 .text.BSP_SDRAM_Init
                0x0000000008000fc4       0xbc Drivers/BSP/stm32746g_discovery_sdram.o
                0x0000000008000fc4                BSP_SDRAM_Init
 .text.BSP_SDRAM_Initialization_sequence
                0x0000000008001080       0xc0 Drivers/BSP/stm32746g_discovery_sdram.o
                0x0000000008001080                BSP_SDRAM_Initialization_sequence
 .text.BSP_SDRAM_MspInit
                0x0000000008001140      0x1f0 Drivers/BSP/stm32746g_discovery_sdram.o
                0x0000000008001140                BSP_SDRAM_MspInit
 .text.HAL_Init
                0x0000000008001330       0x1a Drivers/STM32F7xx_HAL_Driver/Src/stm32f7xx_hal.o
                0x0000000008001330                HAL_Init
 *fill*         0x000000000800134a        0x2 
 .text.HAL_InitTick
                0x000000000800134c       0x60 Drivers/STM32F7xx_HAL_Driver/Src/stm32f7xx_hal.o
                0x000000000800134c                HAL_InitTick
 .text.HAL_IncTick
                0x00000000080013ac       0x28 Drivers/STM32F7xx_HAL_Driver/Src/stm32f7xx_hal.o
                0x00000000080013ac                HAL_IncTick
 .text.HAL_GetTick
                0x00000000080013d4       0x18 Drivers/STM32F7xx_HAL_Driver/Src/stm32f7xx_hal.o
                0x00000000080013d4                HAL_GetTick
 .text.HAL_Delay
                0x00000000080013ec       0x44 Drivers/STM32F7xx_HAL_Driver/Src/stm32f7xx_hal.o
                0x00000000080013ec                HAL_Delay
 .text.__NVIC_SetPriorityGrouping
                0x0000000008001430       0x48 Drivers/STM32F7xx_HAL_Driver/Src/stm32f7xx_hal_cortex.o
 .text.__NVIC_GetPriorityGrouping
                0x0000000008001478       0x1c Drivers/STM32F7xx_HAL_Driver/Src/stm32f7xx_hal_cortex.o
 .text.__NVIC_EnableIRQ
                0x0000000008001494       0x3c Drivers/STM32F7xx_HAL_Driver/Src/stm32f7xx_hal_cortex.o
 .text.__NVIC_SetPriority
                0x00000000080014d0       0x54 Drivers/STM32F7xx_HAL_Driver/Src/stm32f7xx_hal_cortex.o
 .text.NVIC_EncodePriority
                0x0000000008001524       0x66 Drivers/STM32F7xx_HAL_Driver/Src/stm32f7xx_hal_cortex.o
 *fill*         0x000000000800158a        0x2 
 .text.SysTick_Config
                0x000000000800158c       0x44 Drivers/STM32F7xx_HAL_Driver/Src/stm32f7xx_hal_cortex.o
 .text.HAL_NVIC_SetPriorityGrouping
                0x00000000080015d0       0x16 Drivers/STM32F7xx_HAL_Driver/Src/stm32f7xx_hal_cortex.o
                0x00000000080015d0                HAL_NVIC_SetPriorityGrouping
 .text.HAL_NVIC_SetPriority
                0x00000000080015e6       0x38 Drivers/STM32F7xx_HAL_Driver/Src/stm32f7xx_hal_cortex.o
                0x00000000080015e6                HAL_NVIC_SetPriority
 .text.HAL_NVIC_EnableIRQ
                0x000000000800161e       0x1c Drivers/STM32F7xx_HAL_Driver/Src/stm32f7xx_hal_cortex.o
                0x000000000800161e                HAL_NVIC_EnableIRQ
 .text.HAL_SYSTICK_Config
                0x000000000800163a       0x18 Drivers/STM32F7xx_HAL_Driver/Src/stm32f7xx_hal_cortex.o
                0x000000000800163a                HAL_SYSTICK_Config
 *fill*         0x0000000008001652        0x2 
 .text.HAL_DCMI_Init
                0x0000000008001654       0xe4 Drivers/STM32F7xx_HAL_Driver/Src/stm32f7xx_hal_dcmi.o
                0x0000000008001654                HAL_DCMI_Init
 .text.HAL_DMA_Init
                0x0000000008001738      0x15c Drivers/STM32F7xx_HAL_Driver/Src/stm32f7xx_hal_dma.o
                0x0000000008001738                HAL_DMA_Init
 .text.HAL_DMA_DeInit
                0x0000000008001894       0xbc Drivers/STM32F7xx_HAL_Driver/Src/stm32f7xx_hal_dma.o
                0x0000000008001894                HAL_DMA_DeInit
 .text.DMA_CalcBaseAndBitshift
                0x0000000008001950       0x6c Drivers/STM32F7xx_HAL_Driver/Src/stm32f7xx_hal_dma.o
 .text.DMA_CheckFifoParam
                0x00000000080019bc       0xf4 Drivers/STM32F7xx_HAL_Driver/Src/stm32f7xx_hal_dma.o
 .text.HAL_DMA2D_Init
                0x0000000008001ab0       0x94 Drivers/STM32F7xx_HAL_Driver/Src/stm32f7xx_hal_dma2d.o
                0x0000000008001ab0                HAL_DMA2D_Init
 .text.HAL_DMA2D_Start
                0x0000000008001b44       0x56 Drivers/STM32F7xx_HAL_Driver/Src/stm32f7xx_hal_dma2d.o
                0x0000000008001b44                HAL_DMA2D_Start
 .text.HAL_DMA2D_PollForTransfer
                0x0000000008001b9a      0x1d2 Drivers/STM32F7xx_HAL_Driver/Src/stm32f7xx_hal_dma2d.o
                0x0000000008001b9a                HAL_DMA2D_PollForTransfer
 .text.HAL_DMA2D_IRQHandler
                0x0000000008001d6c      0x1f8 Drivers/STM32F7xx_HAL_Driver/Src/stm32f7xx_hal_dma2d.o
                0x0000000008001d6c                HAL_DMA2D_IRQHandler
 .text.HAL_DMA2D_LineEventCallback
                0x0000000008001f64       0x14 Drivers/STM32F7xx_HAL_Driver/Src/stm32f7xx_hal_dma2d.o
                0x0000000008001f64                HAL_DMA2D_LineEventCallback
 .text.HAL_DMA2D_CLUTLoadingCpltCallback
                0x0000000008001f78       0x14 Drivers/STM32F7xx_HAL_Driver/Src/stm32f7xx_hal_dma2d.o
                0x0000000008001f78                HAL_DMA2D_CLUTLoadingCpltCallback
 .text.HAL_DMA2D_ConfigLayer
                0x0000000008001f8c      0x124 Drivers/STM32F7xx_HAL_Driver/Src/stm32f7xx_hal_dma2d.o
                0x0000000008001f8c                HAL_DMA2D_ConfigLayer
 .text.DMA2D_SetConfig
                0x00000000080020b0      0x138 Drivers/STM32F7xx_HAL_Driver/Src/stm32f7xx_hal_dma2d.o
 .text.HAL_GPIO_Init
                0x00000000080021e8      0x354 Drivers/STM32F7xx_HAL_Driver/Src/stm32f7xx_hal_gpio.o
                0x00000000080021e8                HAL_GPIO_Init
 .text.HAL_GPIO_WritePin
                0x000000000800253c       0x32 Drivers/STM32F7xx_HAL_Driver/Src/stm32f7xx_hal_gpio.o
                0x000000000800253c                HAL_GPIO_WritePin
 *fill*         0x000000000800256e        0x2 
 .text.HAL_LTDC_Init
                0x0000000008002570      0x1a0 Drivers/STM32F7xx_HAL_Driver/Src/stm32f7xx_hal_ltdc.o
                0x0000000008002570                HAL_LTDC_Init
 .text.HAL_LTDC_IRQHandler
                0x0000000008002710      0x148 Drivers/STM32F7xx_HAL_Driver/Src/stm32f7xx_hal_ltdc.o
                0x0000000008002710                HAL_LTDC_IRQHandler
 .text.HAL_LTDC_ErrorCallback
                0x0000000008002858       0x14 Drivers/STM32F7xx_HAL_Driver/Src/stm32f7xx_hal_ltdc.o
                0x0000000008002858                HAL_LTDC_ErrorCallback
 .text.HAL_LTDC_LineEventCallback
                0x000000000800286c       0x14 Drivers/STM32F7xx_HAL_Driver/Src/stm32f7xx_hal_ltdc.o
                0x000000000800286c                HAL_LTDC_LineEventCallback
 .text.HAL_LTDC_ReloadEventCallback
                0x0000000008002880       0x14 Drivers/STM32F7xx_HAL_Driver/Src/stm32f7xx_hal_ltdc.o
                0x0000000008002880                HAL_LTDC_ReloadEventCallback
 .text.HAL_LTDC_ConfigLayer
                0x0000000008002894       0x7c Drivers/STM32F7xx_HAL_Driver/Src/stm32f7xx_hal_ltdc.o
                0x0000000008002894                HAL_LTDC_ConfigLayer
 .text.HAL_LTDC_GetState
                0x0000000008002910       0x1c Drivers/STM32F7xx_HAL_Driver/Src/stm32f7xx_hal_ltdc.o
                0x0000000008002910                HAL_LTDC_GetState
 .text.LTDC_SetConfig
                0x000000000800292c      0x334 Drivers/STM32F7xx_HAL_Driver/Src/stm32f7xx_hal_ltdc.o
 .text.HAL_PWR_EnableBkUpAccess
                0x0000000008002c60       0x20 Drivers/STM32F7xx_HAL_Driver/Src/stm32f7xx_hal_pwr.o
                0x0000000008002c60                HAL_PWR_EnableBkUpAccess
 .text.HAL_PWREx_EnableOverDrive
                0x0000000008002c80       0xa0 Drivers/STM32F7xx_HAL_Driver/Src/stm32f7xx_hal_pwr_ex.o
                0x0000000008002c80                HAL_PWREx_EnableOverDrive
 .text.HAL_QSPI_Init
                0x0000000008002d20      0x114 Drivers/STM32F7xx_HAL_Driver/Src/stm32f7xx_hal_qspi.o
                0x0000000008002d20                HAL_QSPI_Init
 .text.HAL_QSPI_SetTimeout
                0x0000000008002e34       0x1c Drivers/STM32F7xx_HAL_Driver/Src/stm32f7xx_hal_qspi.o
                0x0000000008002e34                HAL_QSPI_SetTimeout
 .text.QSPI_WaitFlagStateUntilTimeout
                0x0000000008002e50       0x6e Drivers/STM32F7xx_HAL_Driver/Src/stm32f7xx_hal_qspi.o
 *fill*         0x0000000008002ebe        0x2 
 .text.HAL_RCC_OscConfig
                0x0000000008002ec0      0x4e0 Drivers/STM32F7xx_HAL_Driver/Src/stm32f7xx_hal_rcc.o
                0x0000000008002ec0                HAL_RCC_OscConfig
 .text.HAL_RCC_ClockConfig
                0x00000000080033a0      0x1d0 Drivers/STM32F7xx_HAL_Driver/Src/stm32f7xx_hal_rcc.o
                0x00000000080033a0                HAL_RCC_ClockConfig
 .text.HAL_RCC_GetSysClockFreq
                0x0000000008003570      0x164 Drivers/STM32F7xx_HAL_Driver/Src/stm32f7xx_hal_rcc.o
                0x0000000008003570                HAL_RCC_GetSysClockFreq
 .text.HAL_RCC_GetHCLKFreq
                0x00000000080036d4       0x18 Drivers/STM32F7xx_HAL_Driver/Src/stm32f7xx_hal_rcc.o
                0x00000000080036d4                HAL_RCC_GetHCLKFreq
 .text.HAL_RCC_GetPCLK1Freq
                0x00000000080036ec       0x28 Drivers/STM32F7xx_HAL_Driver/Src/stm32f7xx_hal_rcc.o
                0x00000000080036ec                HAL_RCC_GetPCLK1Freq
 .text.HAL_RCC_GetPCLK2Freq
                0x0000000008003714       0x28 Drivers/STM32F7xx_HAL_Driver/Src/stm32f7xx_hal_rcc.o
                0x0000000008003714                HAL_RCC_GetPCLK2Freq
 .text.HAL_RCCEx_PeriphCLKConfig
                0x000000000800373c      0x7dc Drivers/STM32F7xx_HAL_Driver/Src/stm32f7xx_hal_rcc_ex.o
                0x000000000800373c                HAL_RCCEx_PeriphCLKConfig
 .text.HAL_RTC_Init
                0x0000000008003f18       0xf8 Drivers/STM32F7xx_HAL_Driver/Src/stm32f7xx_hal_rtc.o
                0x0000000008003f18                HAL_RTC_Init
 .text.HAL_RTC_SetTime
                0x0000000008004010      0x17c Drivers/STM32F7xx_HAL_Driver/Src/stm32f7xx_hal_rtc.o
                0x0000000008004010                HAL_RTC_SetTime
 .text.HAL_RTC_SetDate
                0x000000000800418c      0x150 Drivers/STM32F7xx_HAL_Driver/Src/stm32f7xx_hal_rtc.o
                0x000000000800418c                HAL_RTC_SetDate
 .text.HAL_RTC_SetAlarm
                0x00000000080042dc      0x230 Drivers/STM32F7xx_HAL_Driver/Src/stm32f7xx_hal_rtc.o
                0x00000000080042dc                HAL_RTC_SetAlarm
 .text.HAL_RTC_WaitForSynchro
                0x000000000800450c       0x50 Drivers/STM32F7xx_HAL_Driver/Src/stm32f7xx_hal_rtc.o
                0x000000000800450c                HAL_RTC_WaitForSynchro
 .text.RTC_EnterInitMode
                0x000000000800455c       0x58 Drivers/STM32F7xx_HAL_Driver/Src/stm32f7xx_hal_rtc.o
                0x000000000800455c                RTC_EnterInitMode
 .text.RTC_ByteToBcd2
                0x00000000080045b4       0x3c Drivers/STM32F7xx_HAL_Driver/Src/stm32f7xx_hal_rtc.o
                0x00000000080045b4                RTC_ByteToBcd2
 .text.HAL_RTCEx_SetTimeStamp
                0x00000000080045f0       0xac Drivers/STM32F7xx_HAL_Driver/Src/stm32f7xx_hal_rtc_ex.o
                0x00000000080045f0                HAL_RTCEx_SetTimeStamp
 .text.HAL_SD_Init
                0x000000000800469c       0x56 Drivers/STM32F7xx_HAL_Driver/Src/stm32f7xx_hal_sd.o
                0x000000000800469c                HAL_SD_Init
 .text.HAL_SD_InitCard
                0x00000000080046f2       0xc8 Drivers/STM32F7xx_HAL_Driver/Src/stm32f7xx_hal_sd.o
                0x00000000080046f2                HAL_SD_InitCard
 .text.HAL_SD_GetCardCSD
                0x00000000080047ba      0x450 Drivers/STM32F7xx_HAL_Driver/Src/stm32f7xx_hal_sd.o
                0x00000000080047ba                HAL_SD_GetCardCSD
 .text.HAL_SD_ConfigWideBusOperation
                0x0000000008004c0a       0xf8 Drivers/STM32F7xx_HAL_Driver/Src/stm32f7xx_hal_sd.o
                0x0000000008004c0a                HAL_SD_ConfigWideBusOperation
 .text.SD_InitCard
                0x0000000008004d02      0x192 Drivers/STM32F7xx_HAL_Driver/Src/stm32f7xx_hal_sd.o
 .text.SD_PowerON
                0x0000000008004e94      0x150 Drivers/STM32F7xx_HAL_Driver/Src/stm32f7xx_hal_sd.o
 .text.SD_WideBus_Enable
                0x0000000008004fe4       0x9a Drivers/STM32F7xx_HAL_Driver/Src/stm32f7xx_hal_sd.o
 .text.SD_WideBus_Disable
                0x000000000800507e       0x9a Drivers/STM32F7xx_HAL_Driver/Src/stm32f7xx_hal_sd.o
 .text.SD_FindSCR
                0x0000000008005118      0x192 Drivers/STM32F7xx_HAL_Driver/Src/stm32f7xx_hal_sd.o
 .text.HAL_SDRAM_Init
                0x00000000080052aa       0x68 Drivers/STM32F7xx_HAL_Driver/Src/stm32f7xx_hal_sdram.o
                0x00000000080052aa                HAL_SDRAM_Init
 .text.HAL_SDRAM_SendCommand
                0x0000000008005312       0x56 Drivers/STM32F7xx_HAL_Driver/Src/stm32f7xx_hal_sdram.o
                0x0000000008005312                HAL_SDRAM_SendCommand
 .text.HAL_SDRAM_ProgramRefreshRate
                0x0000000008005368       0x40 Drivers/STM32F7xx_HAL_Driver/Src/stm32f7xx_hal_sdram.o
                0x0000000008005368                HAL_SDRAM_ProgramRefreshRate
 .text.HAL_UART_Init
                0x00000000080053a8       0x9c Drivers/STM32F7xx_HAL_Driver/Src/stm32f7xx_hal_uart.o
                0x00000000080053a8                HAL_UART_Init
 .text.UART_SetConfig
                0x0000000008005444      0x548 Drivers/STM32F7xx_HAL_Driver/Src/stm32f7xx_hal_uart.o
                0x0000000008005444                UART_SetConfig
 .text.UART_AdvFeatureConfig
                0x000000000800598c      0x144 Drivers/STM32F7xx_HAL_Driver/Src/stm32f7xx_hal_uart.o
                0x000000000800598c                UART_AdvFeatureConfig
 .text.UART_CheckIdleState
                0x0000000008005ad0       0x5e Drivers/STM32F7xx_HAL_Driver/Src/stm32f7xx_hal_uart.o
                0x0000000008005ad0                UART_CheckIdleState
 .text.UART_WaitOnFlagUntilTimeout
                0x0000000008005b2e       0x90 Drivers/STM32F7xx_HAL_Driver/Src/stm32f7xx_hal_uart.o
                0x0000000008005b2e                UART_WaitOnFlagUntilTimeout
 *fill*         0x0000000008005bbe        0x2 
 .text.FMC_SDRAM_Init
                0x0000000008005bc0       0xe4 Drivers/STM32F7xx_HAL_Driver/Src/stm32f7xx_ll_fmc.o
                0x0000000008005bc0                FMC_SDRAM_Init
 .text.FMC_SDRAM_Timing_Init
                0x0000000008005ca4      0x100 Drivers/STM32F7xx_HAL_Driver/Src/stm32f7xx_ll_fmc.o
                0x0000000008005ca4                FMC_SDRAM_Timing_Init
 .text.FMC_SDRAM_SendCommand
                0x0000000008005da4       0x42 Drivers/STM32F7xx_HAL_Driver/Src/stm32f7xx_ll_fmc.o
                0x0000000008005da4                FMC_SDRAM_SendCommand
 .text.FMC_SDRAM_ProgramRefreshRate
                0x0000000008005de6       0x26 Drivers/STM32F7xx_HAL_Driver/Src/stm32f7xx_ll_fmc.o
                0x0000000008005de6                FMC_SDRAM_ProgramRefreshRate
 .text.SDMMC_Init
                0x0000000008005e0c       0x58 Drivers/STM32F7xx_HAL_Driver/Src/stm32f7xx_ll_sdmmc.o
                0x0000000008005e0c                SDMMC_Init
 .text.SDMMC_ReadFIFO
                0x0000000008005e64       0x1a Drivers/STM32F7xx_HAL_Driver/Src/stm32f7xx_ll_sdmmc.o
                0x0000000008005e64                SDMMC_ReadFIFO
 .text.SDMMC_PowerState_ON
                0x0000000008005e7e       0x1c Drivers/STM32F7xx_HAL_Driver/Src/stm32f7xx_ll_sdmmc.o
                0x0000000008005e7e                SDMMC_PowerState_ON
 .text.SDMMC_GetPowerState
                0x0000000008005e9a       0x1c Drivers/STM32F7xx_HAL_Driver/Src/stm32f7xx_ll_sdmmc.o
                0x0000000008005e9a                SDMMC_GetPowerState
 *fill*         0x0000000008005eb6        0x2 
 .text.SDMMC_SendCommand
                0x0000000008005eb8       0x54 Drivers/STM32F7xx_HAL_Driver/Src/stm32f7xx_ll_sdmmc.o
                0x0000000008005eb8                SDMMC_SendCommand
 .text.SDMMC_GetCommandResponse
                0x0000000008005f0c       0x1a Drivers/STM32F7xx_HAL_Driver/Src/stm32f7xx_ll_sdmmc.o
                0x0000000008005f0c                SDMMC_GetCommandResponse
 .text.SDMMC_GetResponse
                0x0000000008005f26       0x2a Drivers/STM32F7xx_HAL_Driver/Src/stm32f7xx_ll_sdmmc.o
                0x0000000008005f26                SDMMC_GetResponse
 .text.SDMMC_ConfigData
                0x0000000008005f50       0x58 Drivers/STM32F7xx_HAL_Driver/Src/stm32f7xx_ll_sdmmc.o
                0x0000000008005f50                SDMMC_ConfigData
 .text.SDMMC_CmdBlockLength
                0x0000000008005fa8       0x48 Drivers/STM32F7xx_HAL_Driver/Src/stm32f7xx_ll_sdmmc.o
                0x0000000008005fa8                SDMMC_CmdBlockLength
 .text.SDMMC_CmdSelDesel
                0x0000000008005ff0       0x4a Drivers/STM32F7xx_HAL_Driver/Src/stm32f7xx_ll_sdmmc.o
                0x0000000008005ff0                SDMMC_CmdSelDesel
 .text.SDMMC_CmdGoIdleState
                0x000000000800603a       0x40 Drivers/STM32F7xx_HAL_Driver/Src/stm32f7xx_ll_sdmmc.o
                0x000000000800603a                SDMMC_CmdGoIdleState
 .text.SDMMC_CmdOperCond
                0x000000000800607a       0x42 Drivers/STM32F7xx_HAL_Driver/Src/stm32f7xx_ll_sdmmc.o
                0x000000000800607a                SDMMC_CmdOperCond
 .text.SDMMC_CmdAppCommand
                0x00000000080060bc       0x48 Drivers/STM32F7xx_HAL_Driver/Src/stm32f7xx_ll_sdmmc.o
                0x00000000080060bc                SDMMC_CmdAppCommand
 .text.SDMMC_CmdAppOperCommand
                0x0000000008006104       0x4c Drivers/STM32F7xx_HAL_Driver/Src/stm32f7xx_ll_sdmmc.o
                0x0000000008006104                SDMMC_CmdAppOperCommand
 .text.SDMMC_CmdBusWidth
                0x0000000008006150       0x48 Drivers/STM32F7xx_HAL_Driver/Src/stm32f7xx_ll_sdmmc.o
                0x0000000008006150                SDMMC_CmdBusWidth
 .text.SDMMC_CmdSendSCR
                0x0000000008006198       0x46 Drivers/STM32F7xx_HAL_Driver/Src/stm32f7xx_ll_sdmmc.o
                0x0000000008006198                SDMMC_CmdSendSCR
 .text.SDMMC_CmdSendCID
                0x00000000080061de       0x40 Drivers/STM32F7xx_HAL_Driver/Src/stm32f7xx_ll_sdmmc.o
                0x00000000080061de                SDMMC_CmdSendCID
 .text.SDMMC_CmdSendCSD
                0x000000000800621e       0x42 Drivers/STM32F7xx_HAL_Driver/Src/stm32f7xx_ll_sdmmc.o
                0x000000000800621e                SDMMC_CmdSendCSD
 .text.SDMMC_CmdSetRelAdd
                0x0000000008006260       0x46 Drivers/STM32F7xx_HAL_Driver/Src/stm32f7xx_ll_sdmmc.o
                0x0000000008006260                SDMMC_CmdSetRelAdd
 *fill*         0x00000000080062a6        0x2 
 .text.SDMMC_GetCmdError
                0x00000000080062a8       0x54 Drivers/STM32F7xx_HAL_Driver/Src/stm32f7xx_ll_sdmmc.o
 .text.SDMMC_GetCmdResp1
                0x00000000080062fc      0x1cc Drivers/STM32F7xx_HAL_Driver/Src/stm32f7xx_ll_sdmmc.o
 .text.SDMMC_GetCmdResp2
                0x00000000080064c8       0x80 Drivers/STM32F7xx_HAL_Driver/Src/stm32f7xx_ll_sdmmc.o
 .text.SDMMC_GetCmdResp3
                0x0000000008006548       0x68 Drivers/STM32F7xx_HAL_Driver/Src/stm32f7xx_ll_sdmmc.o
 .text.SDMMC_GetCmdResp6
                0x00000000080065b0       0xdc Drivers/STM32F7xx_HAL_Driver/Src/stm32f7xx_ll_sdmmc.o
 .text.SDMMC_GetCmdResp7
                0x000000000800668c       0x74 Drivers/STM32F7xx_HAL_Driver/Src/stm32f7xx_ll_sdmmc.o
 .text.Init_Display
                0x0000000008006700       0x5c Src/display_lcd.o
                0x0000000008006700                Init_Display
 .text.Display_Render
                0x000000000800675c       0x60 Src/display_lcd.o
                0x000000000800675c                Display_Render
 .text.Plot_Signal
                0x00000000080067bc       0xf0 Src/display_lcd.o
                0x00000000080067bc                Plot_Signal
 .text.SCB_EnableICache
                0x00000000080068ac       0x40 Src/main.o
 .text.SCB_EnableDCache
                0x00000000080068ec       0x80 Src/main.o
 .text.main     0x000000000800696c       0x42 Src/main.o
                0x000000000800696c                main
 *fill*         0x00000000080069ae        0x2 
 .text.SystemClock_Config
                0x00000000080069b0      0x15c Src/main.o
                0x00000000080069b0                SystemClock_Config
 .text.MX_DCMI_Init
                0x0000000008006b0c       0x68 Src/main.o
 .text.MX_DMA2D_Init
                0x0000000008006b74       0x64 Src/main.o
 .text.MX_LTDC_Init
                0x0000000008006bd8      0x104 Src/main.o
 .text.MX_QUADSPI_Init
                0x0000000008006cdc       0x58 Src/main.o
 .text.MX_RTC_Init
                0x0000000008006d34      0x150 Src/main.o
 .text.MX_SDMMC1_SD_Init
                0x0000000008006e84       0x60 Src/main.o
 .text.MX_USART1_UART_Init
                0x0000000008006ee4       0x60 Src/main.o
 .text.MX_FMC_Init
                0x0000000008006f44       0xa0 Src/main.o
 .text.MX_GPIO_Init
                0x0000000008006fe4      0x5f8 Src/main.o
 .text.Error_Handler
                0x00000000080075dc        0xe Src/main.o
                0x00000000080075dc                Error_Handler
 *fill*         0x00000000080075ea        0x2 
 .text.HAL_MspInit
                0x00000000080075ec       0x48 Src/stm32f7xx_hal_msp.o
                0x00000000080075ec                HAL_MspInit
 .text.HAL_DCMI_MspInit
                0x0000000008007634      0x17c Src/stm32f7xx_hal_msp.o
                0x0000000008007634                HAL_DCMI_MspInit
 .text.HAL_DMA2D_MspInit
                0x00000000080077b0       0x4c Src/stm32f7xx_hal_msp.o
                0x00000000080077b0                HAL_DMA2D_MspInit
 .text.HAL_LTDC_MspInit
                0x00000000080077fc      0x190 Src/stm32f7xx_hal_msp.o
                0x00000000080077fc                HAL_LTDC_MspInit
 .text.HAL_QSPI_MspInit
                0x000000000800798c      0x120 Src/stm32f7xx_hal_msp.o
                0x000000000800798c                HAL_QSPI_MspInit
 .text.HAL_RTC_MspInit
                0x0000000008007aac       0x34 Src/stm32f7xx_hal_msp.o
                0x0000000008007aac                HAL_RTC_MspInit
 .text.HAL_SD_MspInit
                0x0000000008007ae0       0xc4 Src/stm32f7xx_hal_msp.o
                0x0000000008007ae0                HAL_SD_MspInit
 .text.HAL_UART_MspInit
                0x0000000008007ba4       0xc4 Src/stm32f7xx_hal_msp.o
                0x0000000008007ba4                HAL_UART_MspInit
 .text.HAL_FMC_MspInit
                0x0000000008007c68      0x120 Src/stm32f7xx_hal_msp.o
 .text.HAL_SDRAM_MspInit
                0x0000000008007d88       0x14 Src/stm32f7xx_hal_msp.o
                0x0000000008007d88                HAL_SDRAM_MspInit
 .text.SysTick_Handler
                0x0000000008007d9c        0xc Src/stm32f7xx_it.o
                0x0000000008007d9c                SysTick_Handler
 .text.NMI_Handler
                0x0000000008007da8        0xe Src/stm32f7xx_it.o
                0x0000000008007da8                NMI_Handler
 .text.HardFault_Handler
                0x0000000008007db6        0x6 Src/stm32f7xx_it.o
                0x0000000008007db6                HardFault_Handler
 .text.MemManage_Handler
                0x0000000008007dbc        0x6 Src/stm32f7xx_it.o
                0x0000000008007dbc                MemManage_Handler
 .text.BusFault_Handler
                0x0000000008007dc2        0x6 Src/stm32f7xx_it.o
                0x0000000008007dc2                BusFault_Handler
 .text.UsageFault_Handler
                0x0000000008007dc8        0x6 Src/stm32f7xx_it.o
                0x0000000008007dc8                UsageFault_Handler
 .text.SVC_Handler
                0x0000000008007dce        0xe Src/stm32f7xx_it.o
                0x0000000008007dce                SVC_Handler
 .text.DebugMon_Handler
                0x0000000008007ddc        0xe Src/stm32f7xx_it.o
                0x0000000008007ddc                DebugMon_Handler
 .text.PendSV_Handler
                0x0000000008007dea        0xe Src/stm32f7xx_it.o
                0x0000000008007dea                PendSV_Handler
 .text.LTDC_IRQHandler
                0x0000000008007df8       0x14 Src/stm32f7xx_it.o
                0x0000000008007df8                LTDC_IRQHandler
 .text.DMA2D_IRQHandler
                0x0000000008007e0c       0x14 Src/stm32f7xx_it.o
                0x0000000008007e0c                DMA2D_IRQHandler
 .text.SystemInit
                0x0000000008007e20       0x6c Src/system_stm32f7xx.o
                0x0000000008007e20                SystemInit
 .text.Reset_Handler
                0x0000000008007e8c       0x50 Startup/startup_stm32f746nghx.o
                0x0000000008007e8c                Reset_Handler
 .text.Default_Handler
                0x0000000008007edc        0x2 Startup/startup_stm32f746nghx.o
                0x0000000008007edc                RTC_Alarm_IRQHandler
                0x0000000008007edc                EXTI2_IRQHandler
                0x0000000008007edc                TIM8_CC_IRQHandler
                0x0000000008007edc                UART8_IRQHandler
                0x0000000008007edc                SPI4_IRQHandler
                0x0000000008007edc                TIM1_CC_IRQHandler
                0x0000000008007edc                DMA2_Stream5_IRQHandler
                0x0000000008007edc                DMA1_Stream5_IRQHandler
                0x0000000008007edc                PVD_IRQHandler
                0x0000000008007edc                TAMP_STAMP_IRQHandler
                0x0000000008007edc                CAN2_RX1_IRQHandler
                0x0000000008007edc                EXTI3_IRQHandler
                0x0000000008007edc                TIM8_TRG_COM_TIM14_IRQHandler
                0x0000000008007edc                TIM1_UP_TIM10_IRQHandler
                0x0000000008007edc                TIM8_UP_TIM13_IRQHandler
                0x0000000008007edc                I2C3_ER_IRQHandler
                0x0000000008007edc                EXTI0_IRQHandler
                0x0000000008007edc                I2C2_EV_IRQHandler
                0x0000000008007edc                DMA1_Stream2_IRQHandler
                0x0000000008007edc                CAN1_RX0_IRQHandler
                0x0000000008007edc                FPU_IRQHandler
                0x0000000008007edc                OTG_HS_WKUP_IRQHandler
                0x0000000008007edc                LTDC_ER_IRQHandler
                0x0000000008007edc                CAN2_SCE_IRQHandler
                0x0000000008007edc                DMA2_Stream2_IRQHandler
                0x0000000008007edc                SPI1_IRQHandler
                0x0000000008007edc                TIM6_DAC_IRQHandler
                0x0000000008007edc                TIM1_BRK_TIM9_IRQHandler
                0x0000000008007edc                DCMI_IRQHandler
                0x0000000008007edc                CAN2_RX0_IRQHandler
                0x0000000008007edc                DMA2_Stream3_IRQHandler
                0x0000000008007edc                SAI2_IRQHandler
                0x0000000008007edc                USART6_IRQHandler
                0x0000000008007edc                USART3_IRQHandler
                0x0000000008007edc                CAN1_RX1_IRQHandler
                0x0000000008007edc                UART5_IRQHandler
                0x0000000008007edc                DMA2_Stream0_IRQHandler
                0x0000000008007edc                TIM4_IRQHandler
                0x0000000008007edc                QUADSPI_IRQHandler
                0x0000000008007edc                I2C1_EV_IRQHandler
                0x0000000008007edc                DMA1_Stream6_IRQHandler
                0x0000000008007edc                DMA1_Stream1_IRQHandler
                0x0000000008007edc                UART4_IRQHandler
                0x0000000008007edc                TIM3_IRQHandler
                0x0000000008007edc                RCC_IRQHandler
                0x0000000008007edc                TIM8_BRK_TIM12_IRQHandler
                0x0000000008007edc                Default_Handler
                0x0000000008007edc                CEC_IRQHandler
                0x0000000008007edc                EXTI15_10_IRQHandler
                0x0000000008007edc                ADC_IRQHandler
                0x0000000008007edc                DMA1_Stream7_IRQHandler
                0x0000000008007edc                SPI5_IRQHandler
                0x0000000008007edc                TIM7_IRQHandler
                0x0000000008007edc                SDMMC1_IRQHandler
                0x0000000008007edc                CAN2_TX_IRQHandler
                0x0000000008007edc                TIM5_IRQHandler
                0x0000000008007edc                DMA2_Stream7_IRQHandler
                0x0000000008007edc                I2C3_EV_IRQHandler
                0x0000000008007edc                EXTI9_5_IRQHandler
                0x0000000008007edc                RTC_WKUP_IRQHandler
                0x0000000008007edc                ETH_WKUP_IRQHandler
                0x0000000008007edc                SPDIF_RX_IRQHandler
                0x0000000008007edc                SPI2_IRQHandler
                0x0000000008007edc                OTG_HS_EP1_IN_IRQHandler
                0x0000000008007edc                DMA1_Stream0_IRQHandler
                0x0000000008007edc                CAN1_TX_IRQHandler
                0x0000000008007edc                EXTI4_IRQHandler
                0x0000000008007edc                RNG_IRQHandler
                0x0000000008007edc                ETH_IRQHandler
                0x0000000008007edc                OTG_HS_EP1_OUT_IRQHandler
                0x0000000008007edc                WWDG_IRQHandler
                0x0000000008007edc                SPI6_IRQHandler
                0x0000000008007edc                I2C4_EV_IRQHandler
                0x0000000008007edc                TIM2_IRQHandler
                0x0000000008007edc                OTG_FS_WKUP_IRQHandler
                0x0000000008007edc                TIM1_TRG_COM_TIM11_IRQHandler
                0x0000000008007edc                OTG_HS_IRQHandler
                0x0000000008007edc                EXTI1_IRQHandler
                0x0000000008007edc                UART7_IRQHandler
                0x0000000008007edc                USART2_IRQHandler
                0x0000000008007edc                I2C2_ER_IRQHandler
                0x0000000008007edc                DMA2_Stream1_IRQHandler
                0x0000000008007edc                CAN1_SCE_IRQHandler
                0x0000000008007edc                FLASH_IRQHandler
                0x0000000008007edc                DMA2_Stream4_IRQHandler
                0x0000000008007edc                USART1_IRQHandler
                0x0000000008007edc                OTG_FS_IRQHandler
                0x0000000008007edc                SPI3_IRQHandler
                0x0000000008007edc                DMA1_Stream4_IRQHandler
                0x0000000008007edc                I2C1_ER_IRQHandler
                0x0000000008007edc                FMC_IRQHandler
                0x0000000008007edc                LPTIM1_IRQHandler
                0x0000000008007edc                I2C4_ER_IRQHandler
                0x0000000008007edc                DMA2_Stream6_IRQHandler
                0x0000000008007edc                SAI1_IRQHandler
                0x0000000008007edc                DMA1_Stream3_IRQHandler
 *fill*         0x0000000008007ede        0x2 
 .text.__libc_init_array
                0x0000000008007ee0       0x48 d:/stm32cubeide_1.0.0/stm32cubeide/plugins/com.st.stm32cube.ide.mcu.externaltools.gnu-tools-for-stm32.7-2018-q2-update.win32_1.0.0.201904181610/tools/bin/../lib/gcc/arm-none-eabi/7.3.1/../../../../arm-none-eabi/lib/thumb/v7e-m/fpv4-sp/hard\libc_nano.a(lib_a-init.o)
                0x0000000008007ee0                __libc_init_array
 .text.memset   0x0000000008007f28       0x10 d:/stm32cubeide_1.0.0/stm32cubeide/plugins/com.st.stm32cube.ide.mcu.externaltools.gnu-tools-for-stm32.7-2018-q2-update.win32_1.0.0.201904181610/tools/bin/../lib/gcc/arm-none-eabi/7.3.1/../../../../arm-none-eabi/lib/thumb/v7e-m/fpv4-sp/hard\libc_nano.a(lib_a-memset.o)
                0x0000000008007f28                memset
 *(.glue_7)
 .glue_7        0x0000000008007f38        0x0 linker stubs
 *(.glue_7t)
 .glue_7t       0x0000000008007f38        0x0 linker stubs
 *(.eh_frame)
 .eh_frame      0x0000000008007f38        0x0 d:/stm32cubeide_1.0.0/stm32cubeide/plugins/com.st.stm32cube.ide.mcu.externaltools.gnu-tools-for-stm32.7-2018-q2-update.win32_1.0.0.201904181610/tools/bin/../lib/gcc/arm-none-eabi/7.3.1/thumb/v7e-m/fpv4-sp/hard/crtbegin.o
 *(.init)
 .init          0x0000000008007f38        0x4 d:/stm32cubeide_1.0.0/stm32cubeide/plugins/com.st.stm32cube.ide.mcu.externaltools.gnu-tools-for-stm32.7-2018-q2-update.win32_1.0.0.201904181610/tools/bin/../lib/gcc/arm-none-eabi/7.3.1/thumb/v7e-m/fpv4-sp/hard/crti.o
                0x0000000008007f38                _init
 .init          0x0000000008007f3c        0x8 d:/stm32cubeide_1.0.0/stm32cubeide/plugins/com.st.stm32cube.ide.mcu.externaltools.gnu-tools-for-stm32.7-2018-q2-update.win32_1.0.0.201904181610/tools/bin/../lib/gcc/arm-none-eabi/7.3.1/thumb/v7e-m/fpv4-sp/hard/crtn.o
 *(.fini)
 .fini          0x0000000008007f44        0x4 d:/stm32cubeide_1.0.0/stm32cubeide/plugins/com.st.stm32cube.ide.mcu.externaltools.gnu-tools-for-stm32.7-2018-q2-update.win32_1.0.0.201904181610/tools/bin/../lib/gcc/arm-none-eabi/7.3.1/thumb/v7e-m/fpv4-sp/hard/crti.o
                0x0000000008007f44                _fini
 .fini          0x0000000008007f48        0x8 d:/stm32cubeide_1.0.0/stm32cubeide/plugins/com.st.stm32cube.ide.mcu.externaltools.gnu-tools-for-stm32.7-2018-q2-update.win32_1.0.0.201904181610/tools/bin/../lib/gcc/arm-none-eabi/7.3.1/thumb/v7e-m/fpv4-sp/hard/crtn.o
                0x0000000008007f50                . = ALIGN (0x4)
                0x0000000008007f50                _etext = .

.vfp11_veneer   0x0000000008007f50        0x0
 .vfp11_veneer  0x0000000008007f50        0x0 linker stubs

.v4_bx          0x0000000008007f50        0x0
 .v4_bx         0x0000000008007f50        0x0 linker stubs

.iplt           0x0000000008007f50        0x0
 .iplt          0x0000000008007f50        0x0 d:/stm32cubeide_1.0.0/stm32cubeide/plugins/com.st.stm32cube.ide.mcu.externaltools.gnu-tools-for-stm32.7-2018-q2-update.win32_1.0.0.201904181610/tools/bin/../lib/gcc/arm-none-eabi/7.3.1/thumb/v7e-m/fpv4-sp/hard/crtbegin.o

.rodata         0x0000000008007f50     0x28f8
                0x0000000008007f50                . = ALIGN (0x4)
 *(.rodata)
 .rodata        0x0000000008007f50       0x40 Src/display_lcd.o
 *(.rodata*)
 .rodata.Font24_Table
                0x0000000008007f90     0x1ab8 Drivers/BSP/stm32746g_discovery_lcd.o
                0x0000000008007f90                Font24_Table
 .rodata.Font16_Table
                0x0000000008009a48      0xbe0 Drivers/BSP/stm32746g_discovery_lcd.o
                0x0000000008009a48                Font16_Table
 .rodata.flagBitshiftOffset.9557
                0x000000000800a628        0x8 Drivers/STM32F7xx_HAL_Driver/Src/stm32f7xx_hal_dma.o
 .rodata.signal_test_buffer
                0x000000000800a630      0x200 Src/display_lcd.o
                0x000000000800a630                signal_test_buffer
 .rodata.AHBPrescTable
                0x000000000800a830       0x10 Src/system_stm32f7xx.o
                0x000000000800a830                AHBPrescTable
 .rodata.APBPrescTable
                0x000000000800a840        0x8 Src/system_stm32f7xx.o
                0x000000000800a840                APBPrescTable
                0x000000000800a848                . = ALIGN (0x4)

.ARM.extab      0x000000000800a848        0x0
                0x000000000800a848                . = ALIGN (0x4)
 *(.ARM.extab* .gnu.linkonce.armextab.*)
                0x000000000800a848                . = ALIGN (0x4)

.ARM            0x000000000800a848        0x8
                0x000000000800a848                . = ALIGN (0x4)
                0x000000000800a848                __exidx_start = .
 *(.ARM.exidx*)
 .ARM.exidx     0x000000000800a848        0x8 d:/stm32cubeide_1.0.0/stm32cubeide/plugins/com.st.stm32cube.ide.mcu.externaltools.gnu-tools-for-stm32.7-2018-q2-update.win32_1.0.0.201904181610/tools/bin/../lib/gcc/arm-none-eabi/7.3.1/thumb/v7e-m/fpv4-sp/hard\libgcc.a(_udivmoddi4.o)
                0x000000000800a850                __exidx_end = .
                0x000000000800a850                . = ALIGN (0x4)

.rel.dyn        0x000000000800a850        0x0
 .rel.iplt      0x000000000800a850        0x0 d:/stm32cubeide_1.0.0/stm32cubeide/plugins/com.st.stm32cube.ide.mcu.externaltools.gnu-tools-for-stm32.7-2018-q2-update.win32_1.0.0.201904181610/tools/bin/../lib/gcc/arm-none-eabi/7.3.1/thumb/v7e-m/fpv4-sp/hard/crtbegin.o

.preinit_array  0x000000000800a850        0x0
                0x000000000800a850                . = ALIGN (0x4)
                0x000000000800a850                PROVIDE (__preinit_array_start = .)
 *(.preinit_array*)
                0x000000000800a850                PROVIDE (__preinit_array_end = .)
                0x000000000800a850                . = ALIGN (0x4)

.init_array     0x000000000800a850        0x4
                0x000000000800a850                . = ALIGN (0x4)
                0x000000000800a850                PROVIDE (__init_array_start = .)
 *(SORT_BY_NAME(.init_array.*))
 *(.init_array*)
 .init_array    0x000000000800a850        0x4 d:/stm32cubeide_1.0.0/stm32cubeide/plugins/com.st.stm32cube.ide.mcu.externaltools.gnu-tools-for-stm32.7-2018-q2-update.win32_1.0.0.201904181610/tools/bin/../lib/gcc/arm-none-eabi/7.3.1/thumb/v7e-m/fpv4-sp/hard/crtbegin.o
                0x000000000800a854                PROVIDE (__init_array_end = .)
                0x000000000800a854                . = ALIGN (0x4)

.fini_array     0x000000000800a854        0x4
                0x000000000800a854                . = ALIGN (0x4)
                [!provide]                        PROVIDE (__fini_array_start = .)
 *(SORT_BY_NAME(.fini_array.*))
 *(.fini_array*)
 .fini_array    0x000000000800a854        0x4 d:/stm32cubeide_1.0.0/stm32cubeide/plugins/com.st.stm32cube.ide.mcu.externaltools.gnu-tools-for-stm32.7-2018-q2-update.win32_1.0.0.201904181610/tools/bin/../lib/gcc/arm-none-eabi/7.3.1/thumb/v7e-m/fpv4-sp/hard/crtbegin.o
                [!provide]                        PROVIDE (__fini_array_end = .)
                0x000000000800a858                . = ALIGN (0x4)
                0x000000000800a858                _sidata = LOADADDR (.data)

.data           0x0000000020000000       0x20 load address 0x000000000800a858
                0x0000000020000000                . = ALIGN (0x4)
                0x0000000020000000                _sdata = .
 *(.data)
 *(.data*)
 .data.Font24   0x0000000020000000        0x8 Drivers/BSP/stm32746g_discovery_lcd.o
                0x0000000020000000                Font24
 .data.Font16   0x0000000020000008        0x8 Drivers/BSP/stm32746g_discovery_lcd.o
                0x0000000020000008                Font16
 .data.sdramstatus.9473
                0x0000000020000010        0x1 Drivers/BSP/stm32746g_discovery_sdram.o
 *fill*         0x0000000020000011        0x3 
 .data.uwTickPrio
                0x0000000020000014        0x4 Drivers/STM32F7xx_HAL_Driver/Src/stm32f7xx_hal.o
                0x0000000020000014                uwTickPrio
 .data.uwTickFreq
                0x0000000020000018        0x1 Drivers/STM32F7xx_HAL_Driver/Src/stm32f7xx_hal.o
                0x0000000020000018                uwTickFreq
 *fill*         0x0000000020000019        0x3 
 .data.SystemCoreClock
                0x000000002000001c        0x4 Src/system_stm32f7xx.o
                0x000000002000001c                SystemCoreClock
                0x0000000020000020                . = ALIGN (0x4)
                0x0000000020000020                _edata = .

.igot.plt       0x0000000020000020        0x0 load address 0x000000000800a878
 .igot.plt      0x0000000020000020        0x0 d:/stm32cubeide_1.0.0/stm32cubeide/plugins/com.st.stm32cube.ide.mcu.externaltools.gnu-tools-for-stm32.7-2018-q2-update.win32_1.0.0.201904181610/tools/bin/../lib/gcc/arm-none-eabi/7.3.1/thumb/v7e-m/fpv4-sp/hard/crtbegin.o
                0x0000000020000020                . = ALIGN (0x4)

.bss            0x0000000020000020      0x548 load address 0x000000000800a878
                0x0000000020000020                _sbss = .
                0x0000000020000020                __bss_start__ = _sbss
 *(.bss)
 .bss           0x0000000020000020       0x1c d:/stm32cubeide_1.0.0/stm32cubeide/plugins/com.st.stm32cube.ide.mcu.externaltools.gnu-tools-for-stm32.7-2018-q2-update.win32_1.0.0.201904181610/tools/bin/../lib/gcc/arm-none-eabi/7.3.1/thumb/v7e-m/fpv4-sp/hard/crtbegin.o
 *(.bss*)
 .bss.hDma2dHandler
                0x000000002000003c       0x40 Drivers/BSP/stm32746g_discovery_lcd.o
 .bss.ActiveLayer
                0x000000002000007c        0x4 Drivers/BSP/stm32746g_discovery_lcd.o
 .bss.DrawProp  0x0000000020000080       0x18 Drivers/BSP/stm32746g_discovery_lcd.o
 .bss.periph_clk_init_struct.10060
                0x0000000020000098       0x84 Drivers/BSP/stm32746g_discovery_lcd.o
 .bss.Timing    0x000000002000011c       0x1c Drivers/BSP/stm32746g_discovery_sdram.o
 .bss.Command   0x0000000020000138       0x10 Drivers/BSP/stm32746g_discovery_sdram.o
 .bss.dma_handle.9509
                0x0000000020000148       0x60 Drivers/BSP/stm32746g_discovery_sdram.o
 .bss.FMC_Initialized
                0x00000000200001a8        0x4 Src/stm32f7xx_hal_msp.o
 *(COMMON)
 COMMON         0x00000000200001ac       0xa8 Drivers/BSP/stm32746g_discovery_lcd.o
                0x00000000200001ac                hLtdcHandler
 COMMON         0x0000000020000254       0x34 Drivers/BSP/stm32746g_discovery_sdram.o
                0x0000000020000254                sdramHandle
 COMMON         0x0000000020000288        0x4 Drivers/STM32F7xx_HAL_Driver/Src/stm32f7xx_hal.o
                0x0000000020000288                uwTick
 COMMON         0x000000002000028c      0x2dc Src/main.o
                0x000000002000028c                hsd1
                0x0000000020000310                hltdc
                0x00000000200003b8                hdcmi
                0x0000000020000408                huart1
                0x0000000020000488                hrtc
                0x00000000200004a8                hdma2d
                0x00000000200004e8                hsdram1
                0x000000002000051c                hqspi
                0x0000000020000568                . = ALIGN (0x4)
                0x0000000020000568                _ebss = .
                0x0000000020000568                __bss_end__ = _ebss

._user_heap_stack
                0x0000000020000568      0x600 load address 0x000000000800a878
                0x0000000020000568                . = ALIGN (0x8)
                [!provide]                        PROVIDE (end = .)
                [!provide]                        PROVIDE (_end = .)
                0x0000000020000768                . = (. + _Min_Heap_Size)
 *fill*         0x0000000020000568      0x200 
                0x0000000020000b68                . = (. + _Min_Stack_Size)
 *fill*         0x0000000020000768      0x400 
                0x0000000020000b68                . = ALIGN (0x8)

/DISCARD/
 libc.a(*)
 libm.a(*)
 libgcc.a(*)

.ARM.attributes
                0x0000000000000000       0x30
 *(.ARM.attributes)
 .ARM.attributes
                0x0000000000000000       0x22 d:/stm32cubeide_1.0.0/stm32cubeide/plugins/com.st.stm32cube.ide.mcu.externaltools.gnu-tools-for-stm32.7-2018-q2-update.win32_1.0.0.201904181610/tools/bin/../lib/gcc/arm-none-eabi/7.3.1/thumb/v7e-m/fpv4-sp/hard/crti.o
 .ARM.attributes
                0x0000000000000022       0x34 d:/stm32cubeide_1.0.0/stm32cubeide/plugins/com.st.stm32cube.ide.mcu.externaltools.gnu-tools-for-stm32.7-2018-q2-update.win32_1.0.0.201904181610/tools/bin/../lib/gcc/arm-none-eabi/7.3.1/thumb/v7e-m/fpv4-sp/hard/crtbegin.o
 .ARM.attributes
                0x0000000000000056       0x39 Drivers/BSP/stm32746g_discovery_lcd.o
 .ARM.attributes
                0x000000000000008f       0x39 Drivers/BSP/stm32746g_discovery_sdram.o
 .ARM.attributes
                0x00000000000000c8       0x39 Drivers/STM32F7xx_HAL_Driver/Src/stm32f7xx_hal.o
 .ARM.attributes
                0x0000000000000101       0x39 Drivers/STM32F7xx_HAL_Driver/Src/stm32f7xx_hal_cortex.o
 .ARM.attributes
                0x000000000000013a       0x39 Drivers/STM32F7xx_HAL_Driver/Src/stm32f7xx_hal_dcmi.o
 .ARM.attributes
                0x0000000000000173       0x39 Drivers/STM32F7xx_HAL_Driver/Src/stm32f7xx_hal_dma.o
 .ARM.attributes
                0x00000000000001ac       0x39 Drivers/STM32F7xx_HAL_Driver/Src/stm32f7xx_hal_dma2d.o
 .ARM.attributes
                0x00000000000001e5       0x39 Drivers/STM32F7xx_HAL_Driver/Src/stm32f7xx_hal_gpio.o
 .ARM.attributes
                0x000000000000021e       0x39 Drivers/STM32F7xx_HAL_Driver/Src/stm32f7xx_hal_ltdc.o
 .ARM.attributes
                0x0000000000000257       0x39 Drivers/STM32F7xx_HAL_Driver/Src/stm32f7xx_hal_pwr.o
 .ARM.attributes
                0x0000000000000290       0x39 Drivers/STM32F7xx_HAL_Driver/Src/stm32f7xx_hal_pwr_ex.o
 .ARM.attributes
                0x00000000000002c9       0x39 Drivers/STM32F7xx_HAL_Driver/Src/stm32f7xx_hal_qspi.o
 .ARM.attributes
                0x0000000000000302       0x39 Drivers/STM32F7xx_HAL_Driver/Src/stm32f7xx_hal_rcc.o
 .ARM.attributes
                0x000000000000033b       0x39 Drivers/STM32F7xx_HAL_Driver/Src/stm32f7xx_hal_rcc_ex.o
 .ARM.attributes
                0x0000000000000374       0x39 Drivers/STM32F7xx_HAL_Driver/Src/stm32f7xx_hal_rtc.o
 .ARM.attributes
                0x00000000000003ad       0x39 Drivers/STM32F7xx_HAL_Driver/Src/stm32f7xx_hal_rtc_ex.o
 .ARM.attributes
                0x00000000000003e6       0x39 Drivers/STM32F7xx_HAL_Driver/Src/stm32f7xx_hal_sd.o
 .ARM.attributes
                0x000000000000041f       0x39 Drivers/STM32F7xx_HAL_Driver/Src/stm32f7xx_hal_sdram.o
 .ARM.attributes
                0x0000000000000458       0x39 Drivers/STM32F7xx_HAL_Driver/Src/stm32f7xx_hal_uart.o
 .ARM.attributes
                0x0000000000000491       0x39 Drivers/STM32F7xx_HAL_Driver/Src/stm32f7xx_ll_fmc.o
 .ARM.attributes
                0x00000000000004ca       0x39 Drivers/STM32F7xx_HAL_Driver/Src/stm32f7xx_ll_sdmmc.o
 .ARM.attributes
                0x0000000000000503       0x39 Src/display_lcd.o
 .ARM.attributes
                0x000000000000053c       0x39 Src/main.o
 .ARM.attributes
                0x0000000000000575       0x39 Src/stm32f7xx_hal_msp.o
 .ARM.attributes
                0x00000000000005ae       0x39 Src/stm32f7xx_it.o
 .ARM.attributes
                0x00000000000005e7       0x39 Src/system_stm32f7xx.o
 .ARM.attributes
                0x0000000000000620       0x21 Startup/startup_stm32f746nghx.o
 .ARM.attributes
                0x0000000000000641       0x34 d:/stm32cubeide_1.0.0/stm32cubeide/plugins/com.st.stm32cube.ide.mcu.externaltools.gnu-tools-for-stm32.7-2018-q2-update.win32_1.0.0.201904181610/tools/bin/../lib/gcc/arm-none-eabi/7.3.1/../../../../arm-none-eabi/lib/thumb/v7e-m/fpv4-sp/hard\libc_nano.a(lib_a-init.o)
 .ARM.attributes
                0x0000000000000675       0x34 d:/stm32cubeide_1.0.0/stm32cubeide/plugins/com.st.stm32cube.ide.mcu.externaltools.gnu-tools-for-stm32.7-2018-q2-update.win32_1.0.0.201904181610/tools/bin/../lib/gcc/arm-none-eabi/7.3.1/../../../../arm-none-eabi/lib/thumb/v7e-m/fpv4-sp/hard\libc_nano.a(lib_a-memset.o)
 .ARM.attributes
                0x00000000000006a9       0x22 d:/stm32cubeide_1.0.0/stm32cubeide/plugins/com.st.stm32cube.ide.mcu.externaltools.gnu-tools-for-stm32.7-2018-q2-update.win32_1.0.0.201904181610/tools/bin/../lib/gcc/arm-none-eabi/7.3.1/thumb/v7e-m/fpv4-sp/hard\libgcc.a(_aeabi_uldivmod.o)
 .ARM.attributes
                0x00000000000006cb       0x34 d:/stm32cubeide_1.0.0/stm32cubeide/plugins/com.st.stm32cube.ide.mcu.externaltools.gnu-tools-for-stm32.7-2018-q2-update.win32_1.0.0.201904181610/tools/bin/../lib/gcc/arm-none-eabi/7.3.1/thumb/v7e-m/fpv4-sp/hard\libgcc.a(_udivmoddi4.o)
 .ARM.attributes
                0x00000000000006ff       0x22 d:/stm32cubeide_1.0.0/stm32cubeide/plugins/com.st.stm32cube.ide.mcu.externaltools.gnu-tools-for-stm32.7-2018-q2-update.win32_1.0.0.201904181610/tools/bin/../lib/gcc/arm-none-eabi/7.3.1/thumb/v7e-m/fpv4-sp/hard\libgcc.a(_dvmd_tls.o)
 .ARM.attributes
                0x0000000000000721       0x22 d:/stm32cubeide_1.0.0/stm32cubeide/plugins/com.st.stm32cube.ide.mcu.externaltools.gnu-tools-for-stm32.7-2018-q2-update.win32_1.0.0.201904181610/tools/bin/../lib/gcc/arm-none-eabi/7.3.1/thumb/v7e-m/fpv4-sp/hard/crtn.o
OUTPUT(Signal_Detector.elf elf32-littlearm)

.debug_info     0x0000000000000000    0x1934e
 .debug_info    0x0000000000000000     0x2264 Drivers/BSP/stm32746g_discovery_lcd.o
 .debug_info    0x0000000000002264      0xf1e Drivers/BSP/stm32746g_discovery_sdram.o
 .debug_info    0x0000000000003182      0x9c4 Drivers/STM32F7xx_HAL_Driver/Src/stm32f7xx_hal.o
 .debug_info    0x0000000000003b46     0x104a Drivers/STM32F7xx_HAL_Driver/Src/stm32f7xx_hal_cortex.o
 .debug_info    0x0000000000004b90      0xa81 Drivers/STM32F7xx_HAL_Driver/Src/stm32f7xx_hal_dcmi.o
 .debug_info    0x0000000000005611      0x968 Drivers/STM32F7xx_HAL_Driver/Src/stm32f7xx_hal_dma.o
 .debug_info    0x0000000000005f79      0xee9 Drivers/STM32F7xx_HAL_Driver/Src/stm32f7xx_hal_dma2d.o
 .debug_info    0x0000000000006e62      0x7dc Drivers/STM32F7xx_HAL_Driver/Src/stm32f7xx_hal_gpio.o
 .debug_info    0x000000000000763e     0x1104 Drivers/STM32F7xx_HAL_Driver/Src/stm32f7xx_hal_ltdc.o
 .debug_info    0x0000000000008742      0x9b4 Drivers/STM32F7xx_HAL_Driver/Src/stm32f7xx_hal_pwr.o
 .debug_info    0x00000000000090f6      0x96b Drivers/STM32F7xx_HAL_Driver/Src/stm32f7xx_hal_pwr_ex.o
 .debug_info    0x0000000000009a61     0x1224 Drivers/STM32F7xx_HAL_Driver/Src/stm32f7xx_hal_qspi.o
 .debug_info    0x000000000000ac85      0x926 Drivers/STM32F7xx_HAL_Driver/Src/stm32f7xx_hal_rcc.o
 .debug_info    0x000000000000b5ab      0x7ad Drivers/STM32F7xx_HAL_Driver/Src/stm32f7xx_hal_rcc_ex.o
 .debug_info    0x000000000000bd58      0xc56 Drivers/STM32F7xx_HAL_Driver/Src/stm32f7xx_hal_rtc.o
 .debug_info    0x000000000000c9ae      0xff7 Drivers/STM32F7xx_HAL_Driver/Src/stm32f7xx_hal_rtc_ex.o
 .debug_info    0x000000000000d9a5     0x17c8 Drivers/STM32F7xx_HAL_Driver/Src/stm32f7xx_hal_sd.o
 .debug_info    0x000000000000f16d      0xca1 Drivers/STM32F7xx_HAL_Driver/Src/stm32f7xx_hal_sdram.o
 .debug_info    0x000000000000fe0e     0x1639 Drivers/STM32F7xx_HAL_Driver/Src/stm32f7xx_hal_uart.o
 .debug_info    0x0000000000011447      0xccd Drivers/STM32F7xx_HAL_Driver/Src/stm32f7xx_ll_fmc.o
 .debug_info    0x0000000000012114     0x10bd Drivers/STM32F7xx_HAL_Driver/Src/stm32f7xx_ll_sdmmc.o
 .debug_info    0x00000000000131d1      0x2fe Src/display_lcd.o
 .debug_info    0x00000000000134cf     0x297f Src/main.o
 .debug_info    0x0000000000015e4e     0x250a Src/stm32f7xx_hal_msp.o
 .debug_info    0x0000000000018358      0x897 Src/stm32f7xx_it.o
 .debug_info    0x0000000000018bef      0x73d Src/system_stm32f7xx.o
 .debug_info    0x000000000001932c       0x22 Startup/startup_stm32f746nghx.o

.debug_abbrev   0x0000000000000000     0x32bb
 .debug_abbrev  0x0000000000000000      0x298 Drivers/BSP/stm32746g_discovery_lcd.o
 .debug_abbrev  0x0000000000000298      0x218 Drivers/BSP/stm32746g_discovery_sdram.o
 .debug_abbrev  0x00000000000004b0      0x1c7 Drivers/STM32F7xx_HAL_Driver/Src/stm32f7xx_hal.o
 .debug_abbrev  0x0000000000000677      0x2fa Drivers/STM32F7xx_HAL_Driver/Src/stm32f7xx_hal_cortex.o
 .debug_abbrev  0x0000000000000971      0x202 Drivers/STM32F7xx_HAL_Driver/Src/stm32f7xx_hal_dcmi.o
 .debug_abbrev  0x0000000000000b73      0x229 Drivers/STM32F7xx_HAL_Driver/Src/stm32f7xx_hal_dma.o
 .debug_abbrev  0x0000000000000d9c      0x211 Drivers/STM32F7xx_HAL_Driver/Src/stm32f7xx_hal_dma2d.o
 .debug_abbrev  0x0000000000000fad      0x1c9 Drivers/STM32F7xx_HAL_Driver/Src/stm32f7xx_hal_gpio.o
 .debug_abbrev  0x0000000000001176      0x209 Drivers/STM32F7xx_HAL_Driver/Src/stm32f7xx_hal_ltdc.o
 .debug_abbrev  0x000000000000137f      0x1b6 Drivers/STM32F7xx_HAL_Driver/Src/stm32f7xx_hal_pwr.o
 .debug_abbrev  0x0000000000001535      0x1b8 Drivers/STM32F7xx_HAL_Driver/Src/stm32f7xx_hal_pwr_ex.o
 .debug_abbrev  0x00000000000016ed      0x22e Drivers/STM32F7xx_HAL_Driver/Src/stm32f7xx_hal_qspi.o
 .debug_abbrev  0x000000000000191b      0x21a Drivers/STM32F7xx_HAL_Driver/Src/stm32f7xx_hal_rcc.o
 .debug_abbrev  0x0000000000001b35      0x1ad Drivers/STM32F7xx_HAL_Driver/Src/stm32f7xx_hal_rcc_ex.o
 .debug_abbrev  0x0000000000001ce2      0x1be Drivers/STM32F7xx_HAL_Driver/Src/stm32f7xx_hal_rtc.o
 .debug_abbrev  0x0000000000001ea0      0x1e9 Drivers/STM32F7xx_HAL_Driver/Src/stm32f7xx_hal_rtc_ex.o
 .debug_abbrev  0x0000000000002089      0x23d Drivers/STM32F7xx_HAL_Driver/Src/stm32f7xx_hal_sd.o
 .debug_abbrev  0x00000000000022c6      0x1f7 Drivers/STM32F7xx_HAL_Driver/Src/stm32f7xx_hal_sdram.o
 .debug_abbrev  0x00000000000024bd      0x205 Drivers/STM32F7xx_HAL_Driver/Src/stm32f7xx_hal_uart.o
 .debug_abbrev  0x00000000000026c2      0x170 Drivers/STM32F7xx_HAL_Driver/Src/stm32f7xx_ll_fmc.o
 .debug_abbrev  0x0000000000002832      0x1cd Drivers/STM32F7xx_HAL_Driver/Src/stm32f7xx_ll_sdmmc.o
 .debug_abbrev  0x00000000000029ff      0x14c Src/display_lcd.o
 .debug_abbrev  0x0000000000002b4b      0x26a Src/main.o
 .debug_abbrev  0x0000000000002db5      0x240 Src/stm32f7xx_hal_msp.o
 .debug_abbrev  0x0000000000002ff5      0x16d Src/stm32f7xx_it.o
 .debug_abbrev  0x0000000000003162      0x147 Src/system_stm32f7xx.o
 .debug_abbrev  0x00000000000032a9       0x12 Startup/startup_stm32f746nghx.o

.debug_aranges  0x0000000000000000     0x1640
 .debug_aranges
                0x0000000000000000      0x1d8 Drivers/BSP/stm32746g_discovery_lcd.o
 .debug_aranges
                0x00000000000001d8       0x68 Drivers/BSP/stm32746g_discovery_sdram.o
 .debug_aranges
                0x0000000000000240      0x100 Drivers/STM32F7xx_HAL_Driver/Src/stm32f7xx_hal.o
 .debug_aranges
                0x0000000000000340      0x118 Drivers/STM32F7xx_HAL_Driver/Src/stm32f7xx_hal_cortex.o
 .debug_aranges
                0x0000000000000458       0xb8 Drivers/STM32F7xx_HAL_Driver/Src/stm32f7xx_hal_dcmi.o
 .debug_aranges
                0x0000000000000510       0x90 Drivers/STM32F7xx_HAL_Driver/Src/stm32f7xx_hal_dma.o
 .debug_aranges
                0x00000000000005a0      0x108 Drivers/STM32F7xx_HAL_Driver/Src/stm32f7xx_hal_dma2d.o
 .debug_aranges
                0x00000000000006a8       0x58 Drivers/STM32F7xx_HAL_Driver/Src/stm32f7xx_hal_gpio.o
 .debug_aranges
                0x0000000000000700      0x158 Drivers/STM32F7xx_HAL_Driver/Src/stm32f7xx_hal_ltdc.o
 .debug_aranges
                0x0000000000000858       0xa0 Drivers/STM32F7xx_HAL_Driver/Src/stm32f7xx_hal_pwr.o
 .debug_aranges
                0x00000000000008f8       0x80 Drivers/STM32F7xx_HAL_Driver/Src/stm32f7xx_hal_pwr_ex.o
 .debug_aranges
                0x0000000000000978      0x160 Drivers/STM32F7xx_HAL_Driver/Src/stm32f7xx_hal_qspi.o
 .debug_aranges
                0x0000000000000ad8       0x88 Drivers/STM32F7xx_HAL_Driver/Src/stm32f7xx_hal_rcc.o
 .debug_aranges
                0x0000000000000b60       0x50 Drivers/STM32F7xx_HAL_Driver/Src/stm32f7xx_hal_rcc_ex.o
 .debug_aranges
                0x0000000000000bb0       0xb8 Drivers/STM32F7xx_HAL_Driver/Src/stm32f7xx_hal_rtc.o
 .debug_aranges
                0x0000000000000c68      0x140 Drivers/STM32F7xx_HAL_Driver/Src/stm32f7xx_hal_rtc_ex.o
 .debug_aranges
                0x0000000000000da8      0x168 Drivers/STM32F7xx_HAL_Driver/Src/stm32f7xx_hal_sd.o
 .debug_aranges
                0x0000000000000f10       0xd0 Drivers/STM32F7xx_HAL_Driver/Src/stm32f7xx_hal_sdram.o
 .debug_aranges
                0x0000000000000fe0      0x1f8 Drivers/STM32F7xx_HAL_Driver/Src/stm32f7xx_hal_uart.o
 .debug_aranges
                0x00000000000011d8       0xc8 Drivers/STM32F7xx_HAL_Driver/Src/stm32f7xx_ll_fmc.o
 .debug_aranges
                0x00000000000012a0      0x178 Drivers/STM32F7xx_HAL_Driver/Src/stm32f7xx_ll_sdmmc.o
 .debug_aranges
                0x0000000000001418       0x30 Src/display_lcd.o
 .debug_aranges
                0x0000000000001448       0x88 Src/main.o
 .debug_aranges
                0x00000000000014d0       0xb0 Src/stm32f7xx_hal_msp.o
 .debug_aranges
                0x0000000000001580       0x70 Src/stm32f7xx_it.o
 .debug_aranges
                0x00000000000015f0       0x28 Src/system_stm32f7xx.o
 .debug_aranges
                0x0000000000001618       0x28 Startup/startup_stm32f746nghx.o

.debug_ranges   0x0000000000000000     0x1498
 .debug_ranges  0x0000000000000000      0x1c8 Drivers/BSP/stm32746g_discovery_lcd.o
 .debug_ranges  0x00000000000001c8       0x58 Drivers/BSP/stm32746g_discovery_sdram.o
 .debug_ranges  0x0000000000000220       0xf0 Drivers/STM32F7xx_HAL_Driver/Src/stm32f7xx_hal.o
 .debug_ranges  0x0000000000000310      0x108 Drivers/STM32F7xx_HAL_Driver/Src/stm32f7xx_hal_cortex.o
 .debug_ranges  0x0000000000000418       0xa8 Drivers/STM32F7xx_HAL_Driver/Src/stm32f7xx_hal_dcmi.o
 .debug_ranges  0x00000000000004c0       0x80 Drivers/STM32F7xx_HAL_Driver/Src/stm32f7xx_hal_dma.o
 .debug_ranges  0x0000000000000540       0xf8 Drivers/STM32F7xx_HAL_Driver/Src/stm32f7xx_hal_dma2d.o
 .debug_ranges  0x0000000000000638       0x48 Drivers/STM32F7xx_HAL_Driver/Src/stm32f7xx_hal_gpio.o
 .debug_ranges  0x0000000000000680      0x148 Drivers/STM32F7xx_HAL_Driver/Src/stm32f7xx_hal_ltdc.o
 .debug_ranges  0x00000000000007c8       0x90 Drivers/STM32F7xx_HAL_Driver/Src/stm32f7xx_hal_pwr.o
 .debug_ranges  0x0000000000000858       0x70 Drivers/STM32F7xx_HAL_Driver/Src/stm32f7xx_hal_pwr_ex.o
 .debug_ranges  0x00000000000008c8      0x150 Drivers/STM32F7xx_HAL_Driver/Src/stm32f7xx_hal_qspi.o
 .debug_ranges  0x0000000000000a18       0x78 Drivers/STM32F7xx_HAL_Driver/Src/stm32f7xx_hal_rcc.o
 .debug_ranges  0x0000000000000a90       0x40 Drivers/STM32F7xx_HAL_Driver/Src/stm32f7xx_hal_rcc_ex.o
 .debug_ranges  0x0000000000000ad0       0xa8 Drivers/STM32F7xx_HAL_Driver/Src/stm32f7xx_hal_rtc.o
 .debug_ranges  0x0000000000000b78      0x130 Drivers/STM32F7xx_HAL_Driver/Src/stm32f7xx_hal_rtc_ex.o
 .debug_ranges  0x0000000000000ca8      0x158 Drivers/STM32F7xx_HAL_Driver/Src/stm32f7xx_hal_sd.o
 .debug_ranges  0x0000000000000e00       0xc0 Drivers/STM32F7xx_HAL_Driver/Src/stm32f7xx_hal_sdram.o
 .debug_ranges  0x0000000000000ec0      0x1e8 Drivers/STM32F7xx_HAL_Driver/Src/stm32f7xx_hal_uart.o
 .debug_ranges  0x00000000000010a8       0xb8 Drivers/STM32F7xx_HAL_Driver/Src/stm32f7xx_ll_fmc.o
 .debug_ranges  0x0000000000001160      0x168 Drivers/STM32F7xx_HAL_Driver/Src/stm32f7xx_ll_sdmmc.o
 .debug_ranges  0x00000000000012c8       0x20 Src/display_lcd.o
 .debug_ranges  0x00000000000012e8       0x78 Src/main.o
 .debug_ranges  0x0000000000001360       0xa0 Src/stm32f7xx_hal_msp.o
 .debug_ranges  0x0000000000001400       0x60 Src/stm32f7xx_it.o
 .debug_ranges  0x0000000000001460       0x18 Src/system_stm32f7xx.o
 .debug_ranges  0x0000000000001478       0x20 Startup/startup_stm32f746nghx.o

.debug_macro    0x0000000000000000     0x4bde
 .debug_macro   0x0000000000000000      0x2bb Drivers/BSP/stm32746g_discovery_lcd.o
 .debug_macro   0x00000000000002bb       0x40 Drivers/BSP/stm32746g_discovery_lcd.o
 .debug_macro   0x00000000000002fb       0x9a Drivers/BSP/stm32746g_discovery_lcd.o
 .debug_macro   0x0000000000000395      0x268 Drivers/BSP/stm32746g_discovery_lcd.o
 .debug_macro   0x00000000000005fd       0x10 Drivers/BSP/stm32746g_discovery_lcd.o
 .debug_macro   0x000000000000060d      0x12a Drivers/BSP/stm32746g_discovery_lcd.o
 .debug_macro   0x0000000000000737      0x263 Drivers/BSP/stm32746g_discovery_sdram.o
 .debug_macro   0x000000000000099a      0x278 Drivers/STM32F7xx_HAL_Driver/Src/stm32f7xx_hal.o
 .debug_macro   0x0000000000000c12      0x254 Drivers/STM32F7xx_HAL_Driver/Src/stm32f7xx_hal_cortex.o
 .debug_macro   0x0000000000000e66      0x25b Drivers/STM32F7xx_HAL_Driver/Src/stm32f7xx_hal_dcmi.o
 .debug_macro   0x00000000000010c1      0x25a Drivers/STM32F7xx_HAL_Driver/Src/stm32f7xx_hal_dma.o
 .debug_macro   0x000000000000131b      0x263 Drivers/STM32F7xx_HAL_Driver/Src/stm32f7xx_hal_dma2d.o
 .debug_macro   0x000000000000157e      0x28a Drivers/STM32F7xx_HAL_Driver/Src/stm32f7xx_hal_gpio.o
 .debug_macro   0x0000000000001808      0x255 Drivers/STM32F7xx_HAL_Driver/Src/stm32f7xx_hal_ltdc.o
 .debug_macro   0x0000000000001a5d      0x272 Drivers/STM32F7xx_HAL_Driver/Src/stm32f7xx_hal_pwr.o
 .debug_macro   0x0000000000001ccf      0x26c Drivers/STM32F7xx_HAL_Driver/Src/stm32f7xx_hal_pwr_ex.o
 .debug_macro   0x0000000000001f3b      0x278 Drivers/STM32F7xx_HAL_Driver/Src/stm32f7xx_hal_qspi.o
 .debug_macro   0x00000000000021b3      0x278 Drivers/STM32F7xx_HAL_Driver/Src/stm32f7xx_hal_rcc.o
 .debug_macro   0x000000000000242b      0x254 Drivers/STM32F7xx_HAL_Driver/Src/stm32f7xx_hal_rcc_ex.o
 .debug_macro   0x000000000000267f      0x255 Drivers/STM32F7xx_HAL_Driver/Src/stm32f7xx_hal_rtc.o
 .debug_macro   0x00000000000028d4      0x254 Drivers/STM32F7xx_HAL_Driver/Src/stm32f7xx_hal_rtc_ex.o
 .debug_macro   0x0000000000002b28      0x255 Drivers/STM32F7xx_HAL_Driver/Src/stm32f7xx_hal_sd.o
 .debug_macro   0x0000000000002d7d      0x254 Drivers/STM32F7xx_HAL_Driver/Src/stm32f7xx_hal_sdram.o
 .debug_macro   0x0000000000002fd1      0x271 Drivers/STM32F7xx_HAL_Driver/Src/stm32f7xx_hal_uart.o
 .debug_macro   0x0000000000003242      0x254 Drivers/STM32F7xx_HAL_Driver/Src/stm32f7xx_ll_fmc.o
 .debug_macro   0x0000000000003496      0x255 Drivers/STM32F7xx_HAL_Driver/Src/stm32f7xx_ll_sdmmc.o
 .debug_macro   0x00000000000036eb      0x2b5 Src/display_lcd.o
 .debug_macro   0x00000000000039a0      0x277 Src/main.o
 .debug_macro   0x0000000000003c17      0x89d Src/main.o
 .debug_macro   0x00000000000044b4      0x263 Src/stm32f7xx_hal_msp.o
 .debug_macro   0x0000000000004717      0x26d Src/stm32f7xx_it.o
 .debug_macro   0x0000000000004984      0x25a Src/system_stm32f7xx.o

.debug_line     0x0000000000000000    0x12b96
 .debug_line    0x0000000000000000      0xfea Drivers/BSP/stm32746g_discovery_lcd.o
 .debug_line    0x0000000000000fea      0x8dd Drivers/BSP/stm32746g_discovery_sdram.o
 .debug_line    0x00000000000018c7      0x9d9 Drivers/STM32F7xx_HAL_Driver/Src/stm32f7xx_hal.o
 .debug_line    0x00000000000022a0      0xadd Drivers/STM32F7xx_HAL_Driver/Src/stm32f7xx_hal_cortex.o
 .debug_line    0x0000000000002d7d      0xa91 Drivers/STM32F7xx_HAL_Driver/Src/stm32f7xx_hal_dcmi.o
 .debug_line    0x000000000000380e      0xa88 Drivers/STM32F7xx_HAL_Driver/Src/stm32f7xx_hal_dma.o
 .debug_line    0x0000000000004296      0xd15 Drivers/STM32F7xx_HAL_Driver/Src/stm32f7xx_hal_dma2d.o
 .debug_line    0x0000000000004fab      0x9c1 Drivers/STM32F7xx_HAL_Driver/Src/stm32f7xx_hal_gpio.o
 .debug_line    0x000000000000596c     0x108b Drivers/STM32F7xx_HAL_Driver/Src/stm32f7xx_hal_ltdc.o
 .debug_line    0x00000000000069f7      0x921 Drivers/STM32F7xx_HAL_Driver/Src/stm32f7xx_hal_pwr.o
 .debug_line    0x0000000000007318      0x8fd Drivers/STM32F7xx_HAL_Driver/Src/stm32f7xx_hal_pwr_ex.o
 .debug_line    0x0000000000007c15      0xe31 Drivers/STM32F7xx_HAL_Driver/Src/stm32f7xx_hal_qspi.o
 .debug_line    0x0000000000008a46      0xa3d Drivers/STM32F7xx_HAL_Driver/Src/stm32f7xx_hal_rcc.o
 .debug_line    0x0000000000009483      0x9c4 Drivers/STM32F7xx_HAL_Driver/Src/stm32f7xx_hal_rcc_ex.o
 .debug_line    0x0000000000009e47      0xb44 Drivers/STM32F7xx_HAL_Driver/Src/stm32f7xx_hal_rtc.o
 .debug_line    0x000000000000a98b      0xf13 Drivers/STM32F7xx_HAL_Driver/Src/stm32f7xx_hal_rtc_ex.o
 .debug_line    0x000000000000b89e      0xfa8 Drivers/STM32F7xx_HAL_Driver/Src/stm32f7xx_hal_sd.o
 .debug_line    0x000000000000c846      0xb10 Drivers/STM32F7xx_HAL_Driver/Src/stm32f7xx_hal_sdram.o
 .debug_line    0x000000000000d356     0x12bf Drivers/STM32F7xx_HAL_Driver/Src/stm32f7xx_hal_uart.o
 .debug_line    0x000000000000e615      0xa64 Drivers/STM32F7xx_HAL_Driver/Src/stm32f7xx_ll_fmc.o
 .debug_line    0x000000000000f079      0xc2d Drivers/STM32F7xx_HAL_Driver/Src/stm32f7xx_ll_sdmmc.o
 .debug_line    0x000000000000fca6      0x96a Src/display_lcd.o
 .debug_line    0x0000000000010610      0xad6 Src/main.o
 .debug_line    0x00000000000110e6      0x9e9 Src/stm32f7xx_hal_msp.o
 .debug_line    0x0000000000011acf      0x876 Src/stm32f7xx_it.o
 .debug_line    0x0000000000012345      0x7d0 Src/system_stm32f7xx.o
 .debug_line    0x0000000000012b15       0x81 Startup/startup_stm32f746nghx.o

.debug_str      0x0000000000000000    0xf84f8
 .debug_str     0x0000000000000000    0xf0354 Drivers/BSP/stm32746g_discovery_lcd.o
                                      0xf0b77 (size before relaxing)
 .debug_str     0x00000000000f0354      0xa94 Drivers/BSP/stm32746g_discovery_sdram.o
                                      0xeed23 (size before relaxing)
 .debug_str     0x00000000000f0de8      0x38b Drivers/STM32F7xx_HAL_Driver/Src/stm32f7xx_hal.o
                                      0xee671 (size before relaxing)
 .debug_str     0x00000000000f1173      0x4a0 Drivers/STM32F7xx_HAL_Driver/Src/stm32f7xx_hal_cortex.o
                                      0xee725 (size before relaxing)
 .debug_str     0x00000000000f1613      0x3d0 Drivers/STM32F7xx_HAL_Driver/Src/stm32f7xx_hal_dcmi.o
                                      0xee218 (size before relaxing)
 .debug_str     0x00000000000f19e3      0x323 Drivers/STM32F7xx_HAL_Driver/Src/stm32f7xx_hal_dma.o
                                      0xee106 (size before relaxing)
 .debug_str     0x00000000000f1d06      0x3aa Drivers/STM32F7xx_HAL_Driver/Src/stm32f7xx_hal_dma2d.o
                                      0xee2b7 (size before relaxing)
 .debug_str     0x00000000000f20b0      0x244 Drivers/STM32F7xx_HAL_Driver/Src/stm32f7xx_hal_gpio.o
                                      0xedfa2 (size before relaxing)
 .debug_str     0x00000000000f22f4      0x434 Drivers/STM32F7xx_HAL_Driver/Src/stm32f7xx_hal_ltdc.o
                                      0xee33a (size before relaxing)
 .debug_str     0x00000000000f2728      0x2db Drivers/STM32F7xx_HAL_Driver/Src/stm32f7xx_hal_pwr.o
                                      0xee084 (size before relaxing)
 .debug_str     0x00000000000f2a03      0x1bd Drivers/STM32F7xx_HAL_Driver/Src/stm32f7xx_hal_pwr_ex.o
                                      0xee046 (size before relaxing)
 .debug_str     0x00000000000f2bc0      0x8da Drivers/STM32F7xx_HAL_Driver/Src/stm32f7xx_hal_qspi.o
                                      0xee6e1 (size before relaxing)
 .debug_str     0x00000000000f349a      0x38c Drivers/STM32F7xx_HAL_Driver/Src/stm32f7xx_hal_rcc.o
                                      0xee0dc (size before relaxing)
 .debug_str     0x00000000000f3826      0x161 Drivers/STM32F7xx_HAL_Driver/Src/stm32f7xx_hal_rcc_ex.o
                                      0xee071 (size before relaxing)
 .debug_str     0x00000000000f3987      0x4d0 Drivers/STM32F7xx_HAL_Driver/Src/stm32f7xx_hal_rtc.o
                                      0xee0e0 (size before relaxing)
 .debug_str     0x00000000000f3e57      0x5ba Drivers/STM32F7xx_HAL_Driver/Src/stm32f7xx_hal_rtc_ex.o
                                      0xee46d (size before relaxing)
 .debug_str     0x00000000000f4411      0x952 Drivers/STM32F7xx_HAL_Driver/Src/stm32f7xx_hal_sd.o
                                      0xee865 (size before relaxing)
 .debug_str     0x00000000000f4d63      0x285 Drivers/STM32F7xx_HAL_Driver/Src/stm32f7xx_hal_sdram.o
                                      0xee2da (size before relaxing)
 .debug_str     0x00000000000f4fe8      0x916 Drivers/STM32F7xx_HAL_Driver/Src/stm32f7xx_hal_uart.o
                                      0xee8ba (size before relaxing)
 .debug_str     0x00000000000f58fe      0x477 Drivers/STM32F7xx_HAL_Driver/Src/stm32f7xx_ll_fmc.o
                                      0xee22a (size before relaxing)
 .debug_str     0x00000000000f5d75      0x44a Drivers/STM32F7xx_HAL_Driver/Src/stm32f7xx_ll_sdmmc.o
                                      0xee162 (size before relaxing)
 .debug_str     0x00000000000f61bf       0xd3 Src/display_lcd.o
                                      0xefade (size before relaxing)
 .debug_str     0x00000000000f6292     0x20c4 Src/main.o
                                      0xf15ec (size before relaxing)
 .debug_str     0x00000000000f8356       0x5f Src/stm32f7xx_hal_msp.o
                                      0xf1560 (size before relaxing)
 .debug_str     0x00000000000f83b5       0xb8 Src/stm32f7xx_it.o
                                      0xf0046 (size before relaxing)
 .debug_str     0x00000000000f846d       0x5a Src/system_stm32f7xx.o
                                      0xeddc7 (size before relaxing)
 .debug_str     0x00000000000f84c7       0x31 Startup/startup_stm32f746nghx.o
                                         0x87 (size before relaxing)

.comment        0x0000000000000000       0x7b
 .comment       0x0000000000000000       0x7b Drivers/BSP/stm32746g_discovery_lcd.o
                                         0x7c (size before relaxing)
 .comment       0x000000000000007b       0x7c Drivers/BSP/stm32746g_discovery_sdram.o
 .comment       0x000000000000007b       0x7c Drivers/STM32F7xx_HAL_Driver/Src/stm32f7xx_hal.o
 .comment       0x000000000000007b       0x7c Drivers/STM32F7xx_HAL_Driver/Src/stm32f7xx_hal_cortex.o
 .comment       0x000000000000007b       0x7c Drivers/STM32F7xx_HAL_Driver/Src/stm32f7xx_hal_dcmi.o
 .comment       0x000000000000007b       0x7c Drivers/STM32F7xx_HAL_Driver/Src/stm32f7xx_hal_dma.o
 .comment       0x000000000000007b       0x7c Drivers/STM32F7xx_HAL_Driver/Src/stm32f7xx_hal_dma2d.o
 .comment       0x000000000000007b       0x7c Drivers/STM32F7xx_HAL_Driver/Src/stm32f7xx_hal_gpio.o
 .comment       0x000000000000007b       0x7c Drivers/STM32F7xx_HAL_Driver/Src/stm32f7xx_hal_ltdc.o
 .comment       0x000000000000007b       0x7c Drivers/STM32F7xx_HAL_Driver/Src/stm32f7xx_hal_pwr.o
 .comment       0x000000000000007b       0x7c Drivers/STM32F7xx_HAL_Driver/Src/stm32f7xx_hal_pwr_ex.o
 .comment       0x000000000000007b       0x7c Drivers/STM32F7xx_HAL_Driver/Src/stm32f7xx_hal_qspi.o
 .comment       0x000000000000007b       0x7c Drivers/STM32F7xx_HAL_Driver/Src/stm32f7xx_hal_rcc.o
 .comment       0x000000000000007b       0x7c Drivers/STM32F7xx_HAL_Driver/Src/stm32f7xx_hal_rcc_ex.o
 .comment       0x000000000000007b       0x7c Drivers/STM32F7xx_HAL_Driver/Src/stm32f7xx_hal_rtc.o
 .comment       0x000000000000007b       0x7c Drivers/STM32F7xx_HAL_Driver/Src/stm32f7xx_hal_rtc_ex.o
 .comment       0x000000000000007b       0x7c Drivers/STM32F7xx_HAL_Driver/Src/stm32f7xx_hal_sd.o
 .comment       0x000000000000007b       0x7c Drivers/STM32F7xx_HAL_Driver/Src/stm32f7xx_hal_sdram.o
 .comment       0x000000000000007b       0x7c Drivers/STM32F7xx_HAL_Driver/Src/stm32f7xx_hal_uart.o
 .comment       0x000000000000007b       0x7c Drivers/STM32F7xx_HAL_Driver/Src/stm32f7xx_ll_fmc.o
 .comment       0x000000000000007b       0x7c Drivers/STM32F7xx_HAL_Driver/Src/stm32f7xx_ll_sdmmc.o
 .comment       0x000000000000007b       0x7c Src/display_lcd.o
 .comment       0x000000000000007b       0x7c Src/main.o
 .comment       0x000000000000007b       0x7c Src/stm32f7xx_hal_msp.o
 .comment       0x000000000000007b       0x7c Src/stm32f7xx_it.o
 .comment       0x000000000000007b       0x7c Src/system_stm32f7xx.o

.debug_frame    0x0000000000000000     0x5da0
 .debug_frame   0x0000000000000000      0x840 Drivers/BSP/stm32746g_discovery_lcd.o
 .debug_frame   0x0000000000000840      0x168 Drivers/BSP/stm32746g_discovery_sdram.o
 .debug_frame   0x00000000000009a8      0x3b4 Drivers/STM32F7xx_HAL_Driver/Src/stm32f7xx_hal.o
 .debug_frame   0x0000000000000d5c      0x498 Drivers/STM32F7xx_HAL_Driver/Src/stm32f7xx_hal_cortex.o
 .debug_frame   0x00000000000011f4      0x320 Drivers/STM32F7xx_HAL_Driver/Src/stm32f7xx_hal_dcmi.o
 .debug_frame   0x0000000000001514      0x250 Drivers/STM32F7xx_HAL_Driver/Src/stm32f7xx_hal_dma.o
 .debug_frame   0x0000000000001764      0x490 Drivers/STM32F7xx_HAL_Driver/Src/stm32f7xx_hal_dma2d.o
 .debug_frame   0x0000000000001bf4      0x14c Drivers/STM32F7xx_HAL_Driver/Src/stm32f7xx_hal_gpio.o
 .debug_frame   0x0000000000001d40      0x61c Drivers/STM32F7xx_HAL_Driver/Src/stm32f7xx_hal_ltdc.o
 .debug_frame   0x000000000000235c      0x254 Drivers/STM32F7xx_HAL_Driver/Src/stm32f7xx_hal_pwr.o
 .debug_frame   0x00000000000025b0      0x1c8 Drivers/STM32F7xx_HAL_Driver/Src/stm32f7xx_hal_pwr_ex.o
 .debug_frame   0x0000000000002778      0x654 Drivers/STM32F7xx_HAL_Driver/Src/stm32f7xx_hal_qspi.o
 .debug_frame   0x0000000000002dcc      0x1f4 Drivers/STM32F7xx_HAL_Driver/Src/stm32f7xx_hal_rcc.o
 .debug_frame   0x0000000000002fc0      0x118 Drivers/STM32F7xx_HAL_Driver/Src/stm32f7xx_hal_rcc_ex.o
 .debug_frame   0x00000000000030d8      0x308 Drivers/STM32F7xx_HAL_Driver/Src/stm32f7xx_hal_rtc.o
 .debug_frame   0x00000000000033e0      0x59c Drivers/STM32F7xx_HAL_Driver/Src/stm32f7xx_hal_rtc_ex.o
 .debug_frame   0x000000000000397c      0x658 Drivers/STM32F7xx_HAL_Driver/Src/stm32f7xx_hal_sd.o
 .debug_frame   0x0000000000003fd4      0x37c Drivers/STM32F7xx_HAL_Driver/Src/stm32f7xx_hal_sdram.o
 .debug_frame   0x0000000000004350      0x8f4 Drivers/STM32F7xx_HAL_Driver/Src/stm32f7xx_hal_uart.o
 .debug_frame   0x0000000000004c44      0x37c Drivers/STM32F7xx_HAL_Driver/Src/stm32f7xx_ll_fmc.o
 .debug_frame   0x0000000000004fc0      0x690 Drivers/STM32F7xx_HAL_Driver/Src/stm32f7xx_ll_sdmmc.o
 .debug_frame   0x0000000000005650       0x6c Src/display_lcd.o
 .debug_frame   0x00000000000056bc      0x1dc Src/main.o
 .debug_frame   0x0000000000005898      0x2c0 Src/stm32f7xx_hal_msp.o
 .debug_frame   0x0000000000005b58      0x144 Src/stm32f7xx_it.o
 .debug_frame   0x0000000000005c9c       0x58 Src/system_stm32f7xx.o
 .debug_frame   0x0000000000005cf4       0x2c d:/stm32cubeide_1.0.0/stm32cubeide/plugins/com.st.stm32cube.ide.mcu.externaltools.gnu-tools-for-stm32.7-2018-q2-update.win32_1.0.0.201904181610/tools/bin/../lib/gcc/arm-none-eabi/7.3.1/../../../../arm-none-eabi/lib/thumb/v7e-m/fpv4-sp/hard\libc_nano.a(lib_a-init.o)
 .debug_frame   0x0000000000005d20       0x20 d:/stm32cubeide_1.0.0/stm32cubeide/plugins/com.st.stm32cube.ide.mcu.externaltools.gnu-tools-for-stm32.7-2018-q2-update.win32_1.0.0.201904181610/tools/bin/../lib/gcc/arm-none-eabi/7.3.1/../../../../arm-none-eabi/lib/thumb/v7e-m/fpv4-sp/hard\libc_nano.a(lib_a-memset.o)
 .debug_frame   0x0000000000005d40       0x2c d:/stm32cubeide_1.0.0/stm32cubeide/plugins/com.st.stm32cube.ide.mcu.externaltools.gnu-tools-for-stm32.7-2018-q2-update.win32_1.0.0.201904181610/tools/bin/../lib/gcc/arm-none-eabi/7.3.1/thumb/v7e-m/fpv4-sp/hard\libgcc.a(_aeabi_uldivmod.o)
 .debug_frame   0x0000000000005d6c       0x34 d:/stm32cubeide_1.0.0/stm32cubeide/plugins/com.st.stm32cube.ide.mcu.externaltools.gnu-tools-for-stm32.7-2018-q2-update.win32_1.0.0.201904181610/tools/bin/../lib/gcc/arm-none-eabi/7.3.1/thumb/v7e-m/fpv4-sp/hard\libgcc.a(_udivmoddi4.o)
