Archive member included to satisfy reference by file (symbol)

d:/stm32cubeide_1.0.0/stm32cubeide/plugins/com.st.stm32cube.ide.mcu.externaltools.gnu-tools-for-stm32.7-2018-q2-update.win32_1.0.0.201904181610/tools/bin/../lib/gcc/arm-none-eabi/7.3.1/../../../../arm-none-eabi/lib/thumb/v7e-m/fpv4-sp/hard\libc_nano.a(lib_a-exit.o)
                              d:/stm32cubeide_1.0.0/stm32cubeide/plugins/com.st.stm32cube.ide.mcu.externaltools.gnu-tools-for-stm32.7-2018-q2-update.win32_1.0.0.201904181610/tools/bin/../lib/gcc/arm-none-eabi/7.3.1/../../../../arm-none-eabi/lib/thumb/v7e-m/fpv4-sp/hard/crt0.o (exit)
d:/stm32cubeide_1.0.0/stm32cubeide/plugins/com.st.stm32cube.ide.mcu.externaltools.gnu-tools-for-stm32.7-2018-q2-update.win32_1.0.0.201904181610/tools/bin/../lib/gcc/arm-none-eabi/7.3.1/../../../../arm-none-eabi/lib/thumb/v7e-m/fpv4-sp/hard\libc_nano.a(lib_a-impure.o)
                              d:/stm32cubeide_1.0.0/stm32cubeide/plugins/com.st.stm32cube.ide.mcu.externaltools.gnu-tools-for-stm32.7-2018-q2-update.win32_1.0.0.201904181610/tools/bin/../lib/gcc/arm-none-eabi/7.3.1/../../../../arm-none-eabi/lib/thumb/v7e-m/fpv4-sp/hard\libc_nano.a(lib_a-exit.o) (_global_impure_ptr)
d:/stm32cubeide_1.0.0/stm32cubeide/plugins/com.st.stm32cube.ide.mcu.externaltools.gnu-tools-for-stm32.7-2018-q2-update.win32_1.0.0.201904181610/tools/bin/../lib/gcc/arm-none-eabi/7.3.1/../../../../arm-none-eabi/lib/thumb/v7e-m/fpv4-sp/hard\libc_nano.a(lib_a-init.o)
                              d:/stm32cubeide_1.0.0/stm32cubeide/plugins/com.st.stm32cube.ide.mcu.externaltools.gnu-tools-for-stm32.7-2018-q2-update.win32_1.0.0.201904181610/tools/bin/../lib/gcc/arm-none-eabi/7.3.1/../../../../arm-none-eabi/lib/thumb/v7e-m/fpv4-sp/hard/crt0.o (__libc_init_array)
d:/stm32cubeide_1.0.0/stm32cubeide/plugins/com.st.stm32cube.ide.mcu.externaltools.gnu-tools-for-stm32.7-2018-q2-update.win32_1.0.0.201904181610/tools/bin/../lib/gcc/arm-none-eabi/7.3.1/../../../../arm-none-eabi/lib/thumb/v7e-m/fpv4-sp/hard\libc_nano.a(lib_a-memset.o)
                              d:/stm32cubeide_1.0.0/stm32cubeide/plugins/com.st.stm32cube.ide.mcu.externaltools.gnu-tools-for-stm32.7-2018-q2-update.win32_1.0.0.201904181610/tools/bin/../lib/gcc/arm-none-eabi/7.3.1/../../../../arm-none-eabi/lib/thumb/v7e-m/fpv4-sp/hard/crt0.o (memset)
d:/stm32cubeide_1.0.0/stm32cubeide/plugins/com.st.stm32cube.ide.mcu.externaltools.gnu-tools-for-stm32.7-2018-q2-update.win32_1.0.0.201904181610/tools/bin/../lib/gcc/arm-none-eabi/7.3.1/../../../../arm-none-eabi/lib/thumb/v7e-m/fpv4-sp/hard\libm.a(lib_a-w_sqrt.o)
                              Src/signal_handler.o (sqrt)
d:/stm32cubeide_1.0.0/stm32cubeide/plugins/com.st.stm32cube.ide.mcu.externaltools.gnu-tools-for-stm32.7-2018-q2-update.win32_1.0.0.201904181610/tools/bin/../lib/gcc/arm-none-eabi/7.3.1/../../../../arm-none-eabi/lib/thumb/v7e-m/fpv4-sp/hard\libm.a(lib_a-e_sqrt.o)
                              d:/stm32cubeide_1.0.0/stm32cubeide/plugins/com.st.stm32cube.ide.mcu.externaltools.gnu-tools-for-stm32.7-2018-q2-update.win32_1.0.0.201904181610/tools/bin/../lib/gcc/arm-none-eabi/7.3.1/../../../../arm-none-eabi/lib/thumb/v7e-m/fpv4-sp/hard\libm.a(lib_a-w_sqrt.o) (__ieee754_sqrt)
d:/stm32cubeide_1.0.0/stm32cubeide/plugins/com.st.stm32cube.ide.mcu.externaltools.gnu-tools-for-stm32.7-2018-q2-update.win32_1.0.0.201904181610/tools/bin/../lib/gcc/arm-none-eabi/7.3.1/../../../../arm-none-eabi/lib/thumb/v7e-m/fpv4-sp/hard\libm.a(lib_a-s_lib_ver.o)
                              d:/stm32cubeide_1.0.0/stm32cubeide/plugins/com.st.stm32cube.ide.mcu.externaltools.gnu-tools-for-stm32.7-2018-q2-update.win32_1.0.0.201904181610/tools/bin/../lib/gcc/arm-none-eabi/7.3.1/../../../../arm-none-eabi/lib/thumb/v7e-m/fpv4-sp/hard\libm.a(lib_a-w_sqrt.o) (__fdlib_version)
d:/stm32cubeide_1.0.0/stm32cubeide/plugins/com.st.stm32cube.ide.mcu.externaltools.gnu-tools-for-stm32.7-2018-q2-update.win32_1.0.0.201904181610/tools/bin/../lib/gcc/arm-none-eabi/7.3.1/../../../../arm-none-eabi/lib/thumb/v7e-m/fpv4-sp/hard\libm.a(lib_a-s_matherr.o)
                              d:/stm32cubeide_1.0.0/stm32cubeide/plugins/com.st.stm32cube.ide.mcu.externaltools.gnu-tools-for-stm32.7-2018-q2-update.win32_1.0.0.201904181610/tools/bin/../lib/gcc/arm-none-eabi/7.3.1/../../../../arm-none-eabi/lib/thumb/v7e-m/fpv4-sp/hard\libm.a(lib_a-w_sqrt.o) (matherr)
d:/stm32cubeide_1.0.0/stm32cubeide/plugins/com.st.stm32cube.ide.mcu.externaltools.gnu-tools-for-stm32.7-2018-q2-update.win32_1.0.0.201904181610/tools/bin/../lib/gcc/arm-none-eabi/7.3.1/../../../../arm-none-eabi/lib/thumb/v7e-m/fpv4-sp/hard\libc_nano.a(lib_a-errno.o)
                              d:/stm32cubeide_1.0.0/stm32cubeide/plugins/com.st.stm32cube.ide.mcu.externaltools.gnu-tools-for-stm32.7-2018-q2-update.win32_1.0.0.201904181610/tools/bin/../lib/gcc/arm-none-eabi/7.3.1/../../../../arm-none-eabi/lib/thumb/v7e-m/fpv4-sp/hard\libm.a(lib_a-w_sqrt.o) (__errno)
[...]
Memory Configuration

Name             Origin             Length             Attributes
FLASH            0x0000000008000000 0x0000000000100000 xr
RAM              0x0000000020000000 0x0000000000050000 xrw
*default*        0x0000000000000000 0xffffffffffffffff

Linker script and memory map

LOAD d:/stm32cubeide_1.0.0/stm32cubeide/plugins/com.st.stm32cube.ide.mcu.externaltools.gnu-tools-for-stm32.7-2018-q2-update.win32_1.0.0.201904181610/tools/bin/../lib/gcc/arm-none-eabi/7.3.1/thumb/v7e-m/fpv4-sp/hard/crti.o
LOAD d:/stm32cubeide_1.0.0/stm32cubeide/plugins/com.st.stm32cube.ide.mcu.externaltools.gnu-tools-for-stm32.7-2018-q2-update.win32_1.0.0.201904181610/tools/bin/../lib/gcc/arm-none-eabi/7.3.1/thumb/v7e-m/fpv4-sp/hard/crtbegin.o
LOAD d:/stm32cubeide_1.0.0/stm32cubeide/plugins/com.st.stm32cube.ide.mcu.externaltools.gnu-tools-for-stm32.7-2018-q2-update.win32_1.0.0.201904181610/tools/bin/../lib/gcc/arm-none-eabi/7.3.1/../../../../arm-none-eabi/lib/thumb/v7e-m/fpv4-sp/hard/crt0.o
LOAD Drivers/BSP/Components/adv7533/adv7533.o
LOAD Drivers/BSP/Components/exc7200/exc7200.o
LOAD Drivers/BSP/Components/ft5336/ft5336.o
LOAD Drivers/BSP/Components/ft6x06/ft6x06.o
LOAD Drivers/BSP/Components/mfxstm32l152/mfxstm32l152.o
LOAD Drivers/BSP/Components/otm8009a/otm8009a.o
LOAD Drivers/BSP/Components/ov9655/ov9655.o
LOAD Drivers/BSP/Components/s5k5cag/s5k5cag.o
LOAD Drivers/BSP/Components/st7735/st7735.o
LOAD Drivers/BSP/Components/st7789h2/st7789h2.o
LOAD Drivers/BSP/Components/stmpe811/stmpe811.o
LOAD Drivers/BSP/Components/ts3510/ts3510.o
LOAD Drivers/BSP/Components/wm8994/wm8994.o
LOAD Drivers/BSP/stm32746g_discovery.o
LOAD Drivers/BSP/stm32746g_discovery_lcd.o
LOAD Drivers/BSP/stm32746g_discovery_sdram.o
LOAD Drivers/BSP/stm32746g_discovery_ts.o
LOAD Drivers/STM32F7xx_HAL_Driver/Src/stm32f7xx_hal.o
LOAD Drivers/STM32F7xx_HAL_Driver/Src/stm32f7xx_hal_adc.o
LOAD Drivers/STM32F7xx_HAL_Driver/Src/stm32f7xx_hal_adc_ex.o
LOAD Drivers/STM32F7xx_HAL_Driver/Src/stm32f7xx_hal_cortex.o
LOAD Drivers/STM32F7xx_HAL_Driver/Src/stm32f7xx_hal_dcmi.o
LOAD Drivers/STM32F7xx_HAL_Driver/Src/stm32f7xx_hal_dcmi_ex.o
LOAD Drivers/STM32F7xx_HAL_Driver/Src/stm32f7xx_hal_dma.o
LOAD Drivers/STM32F7xx_HAL_Driver/Src/stm32f7xx_hal_dma2d.o
LOAD Drivers/STM32F7xx_HAL_Driver/Src/stm32f7xx_hal_dma_ex.o
LOAD Drivers/STM32F7xx_HAL_Driver/Src/stm32f7xx_hal_dsi.o
LOAD Drivers/STM32F7xx_HAL_Driver/Src/stm32f7xx_hal_exti.o
LOAD Drivers/STM32F7xx_HAL_Driver/Src/stm32f7xx_hal_flash.o
LOAD Drivers/STM32F7xx_HAL_Driver/Src/stm32f7xx_hal_flash_ex.o
LOAD Drivers/STM32F7xx_HAL_Driver/Src/stm32f7xx_hal_gpio.o
LOAD Drivers/STM32F7xx_HAL_Driver/Src/stm32f7xx_hal_i2c.o
LOAD Drivers/STM32F7xx_HAL_Driver/Src/stm32f7xx_hal_i2c_ex.o
LOAD Drivers/STM32F7xx_HAL_Driver/Src/stm32f7xx_hal_ltdc.o
LOAD Drivers/STM32F7xx_HAL_Driver/Src/stm32f7xx_hal_ltdc_ex.o
LOAD Drivers/STM32F7xx_HAL_Driver/Src/stm32f7xx_hal_pwr.o
LOAD Drivers/STM32F7xx_HAL_Driver/Src/stm32f7xx_hal_pwr_ex.o
LOAD Drivers/STM32F7xx_HAL_Driver/Src/stm32f7xx_hal_qspi.o
LOAD Drivers/STM32F7xx_HAL_Driver/Src/stm32f7xx_hal_rcc.o
LOAD Drivers/STM32F7xx_HAL_Driver/Src/stm32f7xx_hal_rcc_ex.o
LOAD Drivers/STM32F7xx_HAL_Driver/Src/stm32f7xx_hal_rtc.o
LOAD Drivers/STM32F7xx_HAL_Driver/Src/stm32f7xx_hal_rtc_ex.o
LOAD Drivers/STM32F7xx_HAL_Driver/Src/stm32f7xx_hal_sd.o
LOAD Drivers/STM32F7xx_HAL_Driver/Src/stm32f7xx_hal_sdram.o
LOAD Drivers/STM32F7xx_HAL_Driver/Src/stm32f7xx_hal_tim.o
LOAD Drivers/STM32F7xx_HAL_Driver/Src/stm32f7xx_hal_tim_ex.o
LOAD Drivers/STM32F7xx_HAL_Driver/Src/stm32f7xx_hal_uart.o
LOAD Drivers/STM32F7xx_HAL_Driver/Src/stm32f7xx_hal_uart_ex.o
LOAD Drivers/STM32F7xx_HAL_Driver/Src/stm32f7xx_ll_fmc.o
LOAD Drivers/STM32F7xx_HAL_Driver/Src/stm32f7xx_ll_sdmmc.o
LOAD Src/display_lcd.o
LOAD Src/main.o
LOAD Src/signal_handler.o
LOAD Src/stm32f7xx_hal_msp.o
LOAD Src/stm32f7xx_it.o
LOAD Src/system_stm32f7xx.o
LOAD Startup/startup_stm32f746nghx.o
START GROUP
LOAD d:/stm32cubeide_1.0.0/stm32cubeide/plugins/com.st.stm32cube.ide.mcu.externaltools.gnu-tools-for-stm32.7-2018-q2-update.win32_1.0.0.201904181610/tools/bin/../lib/gcc/arm-none-eabi/7.3.1/../../../../arm-none-eabi/lib/thumb/v7e-m/fpv4-sp/hard\libc_nano.a
LOAD d:/stm32cubeide_1.0.0/stm32cubeide/plugins/com.st.stm32cube.ide.mcu.externaltools.gnu-tools-for-stm32.7-2018-q2-update.win32_1.0.0.201904181610/tools/bin/../lib/gcc/arm-none-eabi/7.3.1/../../../../arm-none-eabi/lib/thumb/v7e-m/fpv4-sp/hard\libm.a
END GROUP
START GROUP
LOAD d:/stm32cubeide_1.0.0/stm32cubeide/plugins/com.st.stm32cube.ide.mcu.externaltools.gnu-tools-for-stm32.7-2018-q2-update.win32_1.0.0.201904181610/tools/bin/../lib/gcc/arm-none-eabi/7.3.1/thumb/v7e-m/fpv4-sp/hard\libgcc.a
LOAD d:/stm32cubeide_1.0.0/stm32cubeide/plugins/com.st.stm32cube.ide.mcu.externaltools.gnu-tools-for-stm32.7-2018-q2-update.win32_1.0.0.201904181610/tools/bin/../lib/gcc/arm-none-eabi/7.3.1/../../../../arm-none-eabi/lib/thumb/v7e-m/fpv4-sp/hard\libc_nano.a
END GROUP
START GROUP
LOAD d:/stm32cubeide_1.0.0/stm32cubeide/plugins/com.st.stm32cube.ide.mcu.externaltools.gnu-tools-for-stm32.7-2018-q2-update.win32_1.0.0.201904181610/tools/bin/../lib/gcc/arm-none-eabi/7.3.1/thumb/v7e-m/fpv4-sp/hard\libgcc.a
LOAD d:/stm32cubeide_1.0.0/stm32cubeide/plugins/com.st.stm32cube.ide.mcu.externaltools.gnu-tools-for-stm32.7-2018-q2-update.win32_1.0.0.201904181610/tools/bin/../lib/gcc/arm-none-eabi/7.3.1/../../../../arm-none-eabi/lib/thumb/v7e-m/fpv4-sp/hard\libc_nano.a
LOAD d:/stm32cubeide_1.0.0/stm32cubeide/plugins/com.st.stm32cube.ide.mcu.externaltools.gnu-tools-for-stm32.7-2018-q2-update.win32_1.0.0.201904181610/tools/bin/../lib/gcc/arm-none-eabi/7.3.1/../../../../arm-none-eabi/lib/thumb/v7e-m/fpv4-sp/hard\libnosys.a
END GROUP
START GROUP
LOAD d:/stm32cubeide_1.0.0/stm32cubeide/plugins/com.st.stm32cube.ide.mcu.externaltools.gnu-tools-for-stm32.7-2018-q2-update.win32_1.0.0.201904181610/tools/bin/../lib/gcc/arm-none-eabi/7.3.1/thumb/v7e-m/fpv4-sp/hard\libgcc.a
LOAD d:/stm32cubeide_1.0.0/stm32cubeide/plugins/com.st.stm32cube.ide.mcu.externaltools.gnu-tools-for-stm32.7-2018-q2-update.win32_1.0.0.201904181610/tools/bin/../lib/gcc/arm-none-eabi/7.3.1/../../../../arm-none-eabi/lib/thumb/v7e-m/fpv4-sp/hard\libc_nano.a
LOAD d:/stm32cubeide_1.0.0/stm32cubeide/plugins/com.st.stm32cube.ide.mcu.externaltools.gnu-tools-for-stm32.7-2018-q2-update.win32_1.0.0.201904181610/tools/bin/../lib/gcc/arm-none-eabi/7.3.1/../../../../arm-none-eabi/lib/thumb/v7e-m/fpv4-sp/hard\libnosys.a
END GROUP
LOAD d:/stm32cubeide_1.0.0/stm32cubeide/plugins/com.st.stm32cube.ide.mcu.externaltools.gnu-tools-for-stm32.7-2018-q2-update.win32_1.0.0.201904181610/tools/bin/../lib/gcc/arm-none-eabi/7.3.1/thumb/v7e-m/fpv4-sp/hard/crtend.o
LOAD d:/stm32cubeide_1.0.0/stm32cubeide/plugins/com.st.stm32cube.ide.mcu.externaltools.gnu-tools-for-stm32.7-2018-q2-update.win32_1.0.0.201904181610/tools/bin/../lib/gcc/arm-none-eabi/7.3.1/thumb/v7e-m/fpv4-sp/hard/crtn.o
                0x000000002004ffff                _estack = 0x2004ffff
                0x0000000000000200                _Min_Heap_Size = 0x200
                0x0000000000000400                _Min_Stack_Size = 0x400

.isr_vector     0x0000000008000000      0x1c8
                0x0000000008000000                . = ALIGN (0x4)
 *(.isr_vector)
 .isr_vector    0x0000000008000000      0x1c8 Startup/startup_stm32f746nghx.o
                0x0000000008000000                g_pfnVectors
                0x00000000080001c8                . = ALIGN (0x4)

.text           0x00000000080001c8     0xd050
                0x00000000080001c8                . = ALIGN (0x4)
 *(.text)
 .text          0x00000000080001c8       0x40 d:/stm32cubeide_1.0.0/stm32cubeide/plugins/com.st.stm32cube.ide.mcu.externaltools.gnu-tools-for-stm32.7-2018-q2-update.win32_1.0.0.201904181610/tools/bin/../lib/gcc/arm-none-eabi/7.3.1/thumb/v7e-m/fpv4-sp/hard/crtbegin.o
 .text          0x0000000008000208      0x378 d:/stm32cubeide_1.0.0/stm32cubeide/plugins/com.st.stm32cube.ide.mcu.externaltools.gnu-tools-for-stm32.7-2018-q2-update.win32_1.0.0.201904181610/tools/bin/../lib/gcc/arm-none-eabi/7.3.1/thumb/v7e-m/fpv4-sp/hard\libgcc.a(_arm_addsubdf3.o)
                0x0000000008000208                __aeabi_drsub
                0x0000000008000210                __aeabi_dsub
                0x0000000008000210                __subdf3
                0x0000000008000214                __aeabi_dadd
                0x0000000008000214                __adddf3
                0x000000000800048c                __floatunsidf
                0x000000000800048c                __aeabi_ui2d
                0x00000000080004ac                __floatsidf
                0x00000000080004ac                __aeabi_i2d
                0x00000000080004d0                __aeabi_f2d
                0x00000000080004d0                __extendsfdf2
                0x0000000008000514                __floatundidf
                0x0000000008000514                __aeabi_ul2d
                0x0000000008000524                __floatdidf
                0x0000000008000524                __aeabi_l2d
 .text          0x0000000008000580      0x424 d:/stm32cubeide_1.0.0/stm32cubeide/plugins/com.st.stm32cube.ide.mcu.externaltools.gnu-tools-for-stm32.7-2018-q2-update.win32_1.0.0.201904181610/tools/bin/../lib/gcc/arm-none-eabi/7.3.1/thumb/v7e-m/fpv4-sp/hard\libgcc.a(_arm_muldivdf3.o)
                0x0000000008000580                __aeabi_dmul
                0x0000000008000580                __muldf3
                0x00000000080007d4                __divdf3
                0x00000000080007d4                __aeabi_ddiv
 .text          0x00000000080009a4      0x110 d:/stm32cubeide_1.0.0/stm32cubeide/plugins/com.st.stm32cube.ide.mcu.externaltools.gnu-tools-for-stm32.7-2018-q2-update.win32_1.0.0.201904181610/tools/bin/../lib/gcc/arm-none-eabi/7.3.1/thumb/v7e-m/fpv4-sp/hard\libgcc.a(_arm_cmpdf2.o)
                0x00000000080009a4                __gtdf2
                0x00000000080009a4                __gedf2
                0x00000000080009ac                __ltdf2
                0x00000000080009ac                __ledf2
                0x00000000080009b4                __nedf2
                0x00000000080009b4                __eqdf2
                0x00000000080009b4                __cmpdf2
                0x0000000008000a30                __aeabi_cdrcmple
                0x0000000008000a40                __aeabi_cdcmpeq
                0x0000000008000a40                __aeabi_cdcmple
                0x0000000008000a50                __aeabi_dcmpeq
                0x0000000008000a64                __aeabi_dcmplt
                0x0000000008000a78                __aeabi_dcmple
                0x0000000008000a8c                __aeabi_dcmpge
                0x0000000008000aa0                __aeabi_dcmpgt
 .text          0x0000000008000ab4       0x2c d:/stm32cubeide_1.0.0/stm32cubeide/plugins/com.st.stm32cube.ide.mcu.externaltools.gnu-tools-for-stm32.7-2018-q2-update.win32_1.0.0.201904181610/tools/bin/../lib/gcc/arm-none-eabi/7.3.1/thumb/v7e-m/fpv4-sp/hard\libgcc.a(_arm_unorddf2.o)
                0x0000000008000ab4                __unorddf2
                0x0000000008000ab4                __aeabi_dcmpun
 .text          0x0000000008000ae0       0x40 d:/stm32cubeide_1.0.0/stm32cubeide/plugins/com.st.stm32cube.ide.mcu.externaltools.gnu-tools-for-stm32.7-2018-q2-update.win32_1.0.0.201904181610/tools/bin/../lib/gcc/arm-none-eabi/7.3.1/thumb/v7e-m/fpv4-sp/hard\libgcc.a(_arm_fixunsdfsi.o)
                0x0000000008000ae0                __aeabi_d2uiz
                0x0000000008000ae0                __fixunsdfsi
 .text          0x0000000008000b20       0xa0 d:/stm32cubeide_1.0.0/stm32cubeide/plugins/com.st.stm32cube.ide.mcu.externaltools.gnu-tools-for-stm32.7-2018-q2-update.win32_1.0.0.201904181610/tools/bin/../lib/gcc/arm-none-eabi/7.3.1/thumb/v7e-m/fpv4-sp/hard\libgcc.a(_arm_truncdfsf2.o)
                0x0000000008000b20                __truncdfsf2
                0x0000000008000b20                __aeabi_d2f
 .text          0x0000000008000bc0       0x30 d:/stm32cubeide_1.0.0/stm32cubeide/plugins/com.st.stm32cube.ide.mcu.externaltools.gnu-tools-for-stm32.7-2018-q2-update.win32_1.0.0.201904181610/tools/bin/../lib/gcc/arm-none-eabi/7.3.1/thumb/v7e-m/fpv4-sp/hard\libgcc.a(_aeabi_uldivmod.o)
                0x0000000008000bc0                __aeabi_uldivmod
 .text          0x0000000008000bf0      0x2cc d:/stm32cubeide_1.0.0/stm32cubeide/plugins/com.st.stm32cube.ide.mcu.externaltools.gnu-tools-for-stm32.7-2018-q2-update.win32_1.0.0.201904181610/tools/bin/../lib/gcc/arm-none-eabi/7.3.1/thumb/v7e-m/fpv4-sp/hard\libgcc.a(_udivmoddi4.o)
                0x0000000008000bf0                __udivmoddi4
 .text          0x0000000008000ebc        0x4 d:/stm32cubeide_1.0.0/stm32cubeide/plugins/com.st.stm32cube.ide.mcu.externaltools.gnu-tools-for-stm32.7-2018-q2-update.win32_1.0.0.201904181610/tools/bin/../lib/gcc/arm-none-eabi/7.3.1/thumb/v7e-m/fpv4-sp/hard\libgcc.a(_dvmd_tls.o)
                0x0000000008000ebc                __aeabi_idiv0
                0x0000000008000ebc                __aeabi_ldiv0
 *(.text*)
 .text.ft5336_Init
                0x0000000008000ec0       0x1c Drivers/BSP/Components/ft5336/ft5336.o
                0x0000000008000ec0                ft5336_Init
 .text.ft5336_Reset
                0x0000000008000edc       0x16 Drivers/BSP/Components/ft5336/ft5336.o
                0x0000000008000edc                ft5336_Reset
 .text.ft5336_ReadID
                0x0000000008000ef2       0x5c Drivers/BSP/Components/ft5336/ft5336.o
                0x0000000008000ef2                ft5336_ReadID
 .text.ft5336_TS_Start
                0x0000000008000f4e       0x22 Drivers/BSP/Components/ft5336/ft5336.o
                0x0000000008000f4e                ft5336_TS_Start
 .text.ft5336_TS_DetectTouch
                0x0000000008000f70       0x54 Drivers/BSP/Components/ft5336/ft5336.o
                0x0000000008000f70                ft5336_TS_DetectTouch
 .text.ft5336_TS_GetXY
                0x0000000008000fc4      0x1e0 Drivers/BSP/Components/ft5336/ft5336.o
                0x0000000008000fc4                ft5336_TS_GetXY
 .text.ft5336_TS_EnableIT
                0x00000000080011a4       0x28 Drivers/BSP/Components/ft5336/ft5336.o
                0x00000000080011a4                ft5336_TS_EnableIT
 .text.ft5336_TS_DisableIT
                0x00000000080011cc       0x28 Drivers/BSP/Components/ft5336/ft5336.o
                0x00000000080011cc                ft5336_TS_DisableIT
 .text.ft5336_TS_ITStatus
                0x00000000080011f4       0x18 Drivers/BSP/Components/ft5336/ft5336.o
                0x00000000080011f4                ft5336_TS_ITStatus
 .text.ft5336_TS_ClearIT
                0x000000000800120c       0x16 Drivers/BSP/Components/ft5336/ft5336.o
                0x000000000800120c                ft5336_TS_ClearIT
 .text.ft5336_TS_GetGestureID
                0x0000000008001222       0x32 Drivers/BSP/Components/ft5336/ft5336.o
                0x0000000008001222                ft5336_TS_GetGestureID
 .text.ft5336_TS_GetTouchInfo
                0x0000000008001254      0x15c Drivers/BSP/Components/ft5336/ft5336.o
                0x0000000008001254                ft5336_TS_GetTouchInfo
 .text.ft5336_Get_I2C_InitializedStatus
                0x00000000080013b0       0x18 Drivers/BSP/Components/ft5336/ft5336.o
 .text.ft5336_I2C_InitializeIfRequired
                0x00000000080013c8       0x20 Drivers/BSP/Components/ft5336/ft5336.o
 .text.ft5336_TS_Configure
                0x00000000080013e8       0x1c Drivers/BSP/Components/ft5336/ft5336.o
 .text.I2Cx_MspInit
                0x0000000008001404      0x160 Drivers/BSP/stm32746g_discovery.o
 .text.I2Cx_Init
                0x0000000008001564       0x78 Drivers/BSP/stm32746g_discovery.o
 .text.I2Cx_ReadMultiple
                0x00000000080015dc       0x5a Drivers/BSP/stm32746g_discovery.o
 .text.I2Cx_WriteMultiple
                0x0000000008001636       0x5a Drivers/BSP/stm32746g_discovery.o
 .text.I2Cx_Error
                0x0000000008001690       0x20 Drivers/BSP/stm32746g_discovery.o
 .text.TS_IO_Init
                0x00000000080016b0       0x14 Drivers/BSP/stm32746g_discovery.o
                0x00000000080016b0                TS_IO_Init
 .text.TS_IO_Write
                0x00000000080016c4       0x34 Drivers/BSP/stm32746g_discovery.o
                0x00000000080016c4                TS_IO_Write
 .text.TS_IO_Read
                0x00000000080016f8       0x3c Drivers/BSP/stm32746g_discovery.o
                0x00000000080016f8                TS_IO_Read
 .text.TS_IO_Delay
                0x0000000008001734       0x16 Drivers/BSP/stm32746g_discovery.o
                0x0000000008001734                TS_IO_Delay
 *fill*         0x000000000800174a        0x2 
 .text.BSP_LCD_Init
                0x000000000800174c       0xe0 Drivers/BSP/stm32746g_discovery_lcd.o
                0x000000000800174c                BSP_LCD_Init
 .text.BSP_LCD_GetXSize
                0x000000000800182c       0x28 Drivers/BSP/stm32746g_discovery_lcd.o
                0x000000000800182c                BSP_LCD_GetXSize
 .text.BSP_LCD_GetYSize
                0x0000000008001854       0x28 Drivers/BSP/stm32746g_discovery_lcd.o
                0x0000000008001854                BSP_LCD_GetYSize
 .text.BSP_LCD_LayerDefaultInit
                0x000000000800187c       0xc0 Drivers/BSP/stm32746g_discovery_lcd.o
                0x000000000800187c                BSP_LCD_LayerDefaultInit
 .text.BSP_LCD_SelectLayer
                0x000000000800193c       0x20 Drivers/BSP/stm32746g_discovery_lcd.o
                0x000000000800193c                BSP_LCD_SelectLayer
 .text.BSP_LCD_SetTextColor
                0x000000000800195c       0x30 Drivers/BSP/stm32746g_discovery_lcd.o
                0x000000000800195c                BSP_LCD_SetTextColor
 .text.BSP_LCD_SetBackColor
                0x000000000800198c       0x34 Drivers/BSP/stm32746g_discovery_lcd.o
                0x000000000800198c                BSP_LCD_SetBackColor
 .text.BSP_LCD_SetFont
                0x00000000080019c0       0x34 Drivers/BSP/stm32746g_discovery_lcd.o
                0x00000000080019c0                BSP_LCD_SetFont
 .text.BSP_LCD_Clear
                0x00000000080019f4       0x50 Drivers/BSP/stm32746g_discovery_lcd.o
                0x00000000080019f4                BSP_LCD_Clear
 .text.BSP_LCD_DisplayChar
                0x0000000008001a44       0x88 Drivers/BSP/stm32746g_discovery_lcd.o
                0x0000000008001a44                BSP_LCD_DisplayChar
 .text.BSP_LCD_DisplayStringAt
                0x0000000008001acc      0x188 Drivers/BSP/stm32746g_discovery_lcd.o
                0x0000000008001acc                BSP_LCD_DisplayStringAt
 .text.BSP_LCD_DrawHLine
                0x0000000008001c54       0xbc Drivers/BSP/stm32746g_discovery_lcd.o
                0x0000000008001c54                BSP_LCD_DrawHLine
 .text.BSP_LCD_DrawVLine
                0x0000000008001d10       0xc4 Drivers/BSP/stm32746g_discovery_lcd.o
                0x0000000008001d10                BSP_LCD_DrawVLine
 .text.BSP_LCD_DrawLine
                0x0000000008001dd4      0x198 Drivers/BSP/stm32746g_discovery_lcd.o
                0x0000000008001dd4                BSP_LCD_DrawLine
 .text.BSP_LCD_DrawRect
                0x0000000008001f6c       0x62 Drivers/BSP/stm32746g_discovery_lcd.o
                0x0000000008001f6c                BSP_LCD_DrawRect
 *fill*         0x0000000008001fce        0x2 
 .text.BSP_LCD_DrawCircle
                0x0000000008001fd0      0x1e0 Drivers/BSP/stm32746g_discovery_lcd.o
                0x0000000008001fd0                BSP_LCD_DrawCircle
 .text.BSP_LCD_DrawPixel
                0x00000000080021b0       0x90 Drivers/BSP/stm32746g_discovery_lcd.o
                0x00000000080021b0                BSP_LCD_DrawPixel
 .text.BSP_LCD_FillRect
                0x0000000008002240       0xf4 Drivers/BSP/stm32746g_discovery_lcd.o
                0x0000000008002240                BSP_LCD_FillRect
 .text.BSP_LCD_FillCircle
                0x0000000008002334      0x140 Drivers/BSP/stm32746g_discovery_lcd.o
                0x0000000008002334                BSP_LCD_FillCircle
 .text.BSP_LCD_DisplayOn
                0x0000000008002474       0x3c Drivers/BSP/stm32746g_discovery_lcd.o
                0x0000000008002474                BSP_LCD_DisplayOn
 .text.BSP_LCD_MspInit
                0x00000000080024b0      0x1b4 Drivers/BSP/stm32746g_discovery_lcd.o
                0x00000000080024b0                BSP_LCD_MspInit
 .text.BSP_LCD_ClockConfig
                0x0000000008002664       0x38 Drivers/BSP/stm32746g_discovery_lcd.o
                0x0000000008002664                BSP_LCD_ClockConfig
 .text.DrawChar
                0x000000000800269c      0x170 Drivers/BSP/stm32746g_discovery_lcd.o
 .text.LL_FillBuffer
                0x000000000800280c       0x98 Drivers/BSP/stm32746g_discovery_lcd.o
 .text.BSP_SDRAM_Init
                0x00000000080028a4       0xbc Drivers/BSP/stm32746g_discovery_sdram.o
                0x00000000080028a4                BSP_SDRAM_Init
 .text.BSP_SDRAM_Initialization_sequence
                0x0000000008002960       0xc0 Drivers/BSP/stm32746g_discovery_sdram.o
                0x0000000008002960                BSP_SDRAM_Initialization_sequence
 .text.BSP_SDRAM_MspInit
                0x0000000008002a20      0x1f0 Drivers/BSP/stm32746g_discovery_sdram.o
                0x0000000008002a20                BSP_SDRAM_MspInit
 .text.BSP_TS_Init
                0x0000000008002c10       0x80 Drivers/BSP/stm32746g_discovery_ts.o
                0x0000000008002c10                BSP_TS_Init
 .text.BSP_TS_GetState
                0x0000000008002c90      0x3ac Drivers/BSP/stm32746g_discovery_ts.o
                0x0000000008002c90                BSP_TS_GetState
 .text.BSP_TS_Get_GestureId
                0x000000000800303c       0x94 Drivers/BSP/stm32746g_discovery_ts.o
                0x000000000800303c                BSP_TS_Get_GestureId
 .text.HAL_Init
                0x00000000080030d0       0x1a Drivers/STM32F7xx_HAL_Driver/Src/stm32f7xx_hal.o
                0x00000000080030d0                HAL_Init
 *fill*         0x00000000080030ea        0x2 
 .text.HAL_InitTick
                0x00000000080030ec       0x60 Drivers/STM32F7xx_HAL_Driver/Src/stm32f7xx_hal.o
                0x00000000080030ec                HAL_InitTick
 .text.HAL_IncTick
                0x000000000800314c       0x28 Drivers/STM32F7xx_HAL_Driver/Src/stm32f7xx_hal.o
                0x000000000800314c                HAL_IncTick
 .text.HAL_GetTick
                0x0000000008003174       0x18 Drivers/STM32F7xx_HAL_Driver/Src/stm32f7xx_hal.o
                0x0000000008003174                HAL_GetTick
 .text.HAL_Delay
                0x000000000800318c       0x44 Drivers/STM32F7xx_HAL_Driver/Src/stm32f7xx_hal.o
                0x000000000800318c                HAL_Delay
 .text.HAL_ADC_Init
                0x00000000080031d0       0x88 Drivers/STM32F7xx_HAL_Driver/Src/stm32f7xx_hal_adc.o
                0x00000000080031d0                HAL_ADC_Init
 .text.HAL_ADC_Start
                0x0000000008003258      0x180 Drivers/STM32F7xx_HAL_Driver/Src/stm32f7xx_hal_adc.o
                0x0000000008003258                HAL_ADC_Start
 .text.HAL_ADC_IRQHandler
                0x00000000080033d8      0x282 Drivers/STM32F7xx_HAL_Driver/Src/stm32f7xx_hal_adc.o
                0x00000000080033d8                HAL_ADC_IRQHandler
 *fill*         0x000000000800365a        0x2 
 .text.HAL_ADC_Start_DMA
                0x000000000800365c      0x1dc Drivers/STM32F7xx_HAL_Driver/Src/stm32f7xx_hal_adc.o
                0x000000000800365c                HAL_ADC_Start_DMA
 .text.HAL_ADC_ConvHalfCpltCallback
                0x0000000008003838       0x14 Drivers/STM32F7xx_HAL_Driver/Src/stm32f7xx_hal_adc.o
                0x0000000008003838                HAL_ADC_ConvHalfCpltCallback
 .text.HAL_ADC_LevelOutOfWindowCallback
                0x000000000800384c       0x14 Drivers/STM32F7xx_HAL_Driver/Src/stm32f7xx_hal_adc.o
                0x000000000800384c                HAL_ADC_LevelOutOfWindowCallback
 .text.HAL_ADC_ErrorCallback
                0x0000000008003860       0x14 Drivers/STM32F7xx_HAL_Driver/Src/stm32f7xx_hal_adc.o
                0x0000000008003860                HAL_ADC_ErrorCallback
 .text.HAL_ADC_ConfigChannel
                0x0000000008003874      0x268 Drivers/STM32F7xx_HAL_Driver/Src/stm32f7xx_hal_adc.o
                0x0000000008003874                HAL_ADC_ConfigChannel
 .text.ADC_Init
                0x0000000008003adc      0x1f4 Drivers/STM32F7xx_HAL_Driver/Src/stm32f7xx_hal_adc.o
 .text.ADC_DMAConvCplt
                0x0000000008003cd0       0xba Drivers/STM32F7xx_HAL_Driver/Src/stm32f7xx_hal_adc.o
 .text.ADC_DMAHalfConvCplt
                0x0000000008003d8a       0x1c Drivers/STM32F7xx_HAL_Driver/Src/stm32f7xx_hal_adc.o
 .text.ADC_DMAError
                0x0000000008003da6       0x2e Drivers/STM32F7xx_HAL_Driver/Src/stm32f7xx_hal_adc.o
 .text.HAL_ADCEx_InjectedConvCpltCallback
                0x0000000008003dd4       0x14 Drivers/STM32F7xx_HAL_Driver/Src/stm32f7xx_hal_adc_ex.o
                0x0000000008003dd4                HAL_ADCEx_InjectedConvCpltCallback
 .text.__NVIC_SetPriorityGrouping
                0x0000000008003de8       0x48 Drivers/STM32F7xx_HAL_Driver/Src/stm32f7xx_hal_cortex.o
 .text.__NVIC_GetPriorityGrouping
                0x0000000008003e30       0x1c Drivers/STM32F7xx_HAL_Driver/Src/stm32f7xx_hal_cortex.o
 .text.__NVIC_EnableIRQ
                0x0000000008003e4c       0x3c Drivers/STM32F7xx_HAL_Driver/Src/stm32f7xx_hal_cortex.o
 .text.__NVIC_SetPriority
                0x0000000008003e88       0x54 Drivers/STM32F7xx_HAL_Driver/Src/stm32f7xx_hal_cortex.o
 .text.NVIC_EncodePriority
                0x0000000008003edc       0x66 Drivers/STM32F7xx_HAL_Driver/Src/stm32f7xx_hal_cortex.o
 *fill*         0x0000000008003f42        0x2 
 .text.SysTick_Config
                0x0000000008003f44       0x44 Drivers/STM32F7xx_HAL_Driver/Src/stm32f7xx_hal_cortex.o
 .text.HAL_NVIC_SetPriorityGrouping
                0x0000000008003f88       0x16 Drivers/STM32F7xx_HAL_Driver/Src/stm32f7xx_hal_cortex.o
                0x0000000008003f88                HAL_NVIC_SetPriorityGrouping
 .text.HAL_NVIC_SetPriority
                0x0000000008003f9e       0x38 Drivers/STM32F7xx_HAL_Driver/Src/stm32f7xx_hal_cortex.o
                0x0000000008003f9e                HAL_NVIC_SetPriority
 .text.HAL_NVIC_EnableIRQ
                0x0000000008003fd6       0x1c Drivers/STM32F7xx_HAL_Driver/Src/stm32f7xx_hal_cortex.o
                0x0000000008003fd6                HAL_NVIC_EnableIRQ
 .text.HAL_SYSTICK_Config
                0x0000000008003ff2       0x18 Drivers/STM32F7xx_HAL_Driver/Src/stm32f7xx_hal_cortex.o
                0x0000000008003ff2                HAL_SYSTICK_Config
 *fill*         0x000000000800400a        0x2 
 .text.HAL_DCMI_Init
                0x000000000800400c       0xe4 Drivers/STM32F7xx_HAL_Driver/Src/stm32f7xx_hal_dcmi.o
                0x000000000800400c                HAL_DCMI_Init
 .text.HAL_DMA_Init
                0x00000000080040f0      0x15c Drivers/STM32F7xx_HAL_Driver/Src/stm32f7xx_hal_dma.o
                0x00000000080040f0                HAL_DMA_Init
 .text.HAL_DMA_DeInit
                0x000000000800424c       0xbc Drivers/STM32F7xx_HAL_Driver/Src/stm32f7xx_hal_dma.o
                0x000000000800424c                HAL_DMA_DeInit
 .text.HAL_DMA_Start_IT
                0x0000000008004308       0xc0 Drivers/STM32F7xx_HAL_Driver/Src/stm32f7xx_hal_dma.o
                0x0000000008004308                HAL_DMA_Start_IT
 .text.HAL_DMA_IRQHandler
                0x00000000080043c8      0x314 Drivers/STM32F7xx_HAL_Driver/Src/stm32f7xx_hal_dma.o
                0x00000000080043c8                HAL_DMA_IRQHandler
 .text.DMA_SetConfig
                0x00000000080046dc       0x5c Drivers/STM32F7xx_HAL_Driver/Src/stm32f7xx_hal_dma.o
 .text.DMA_CalcBaseAndBitshift
                0x0000000008004738       0x6c Drivers/STM32F7xx_HAL_Driver/Src/stm32f7xx_hal_dma.o
 .text.DMA_CheckFifoParam
                0x00000000080047a4       0xf4 Drivers/STM32F7xx_HAL_Driver/Src/stm32f7xx_hal_dma.o
 .text.HAL_DMA2D_Init
                0x0000000008004898       0x94 Drivers/STM32F7xx_HAL_Driver/Src/stm32f7xx_hal_dma2d.o
                0x0000000008004898                HAL_DMA2D_Init
 .text.HAL_DMA2D_Start
                0x000000000800492c       0x56 Drivers/STM32F7xx_HAL_Driver/Src/stm32f7xx_hal_dma2d.o
                0x000000000800492c                HAL_DMA2D_Start
 .text.HAL_DMA2D_PollForTransfer
                0x0000000008004982      0x1d2 Drivers/STM32F7xx_HAL_Driver/Src/stm32f7xx_hal_dma2d.o
                0x0000000008004982                HAL_DMA2D_PollForTransfer
 .text.HAL_DMA2D_IRQHandler
                0x0000000008004b54      0x1f8 Drivers/STM32F7xx_HAL_Driver/Src/stm32f7xx_hal_dma2d.o
                0x0000000008004b54                HAL_DMA2D_IRQHandler
 .text.HAL_DMA2D_LineEventCallback
                0x0000000008004d4c       0x14 Drivers/STM32F7xx_HAL_Driver/Src/stm32f7xx_hal_dma2d.o
                0x0000000008004d4c                HAL_DMA2D_LineEventCallback
 .text.HAL_DMA2D_CLUTLoadingCpltCallback
                0x0000000008004d60       0x14 Drivers/STM32F7xx_HAL_Driver/Src/stm32f7xx_hal_dma2d.o
                0x0000000008004d60                HAL_DMA2D_CLUTLoadingCpltCallback
 .text.HAL_DMA2D_ConfigLayer
                0x0000000008004d74      0x124 Drivers/STM32F7xx_HAL_Driver/Src/stm32f7xx_hal_dma2d.o
                0x0000000008004d74                HAL_DMA2D_ConfigLayer
 .text.DMA2D_SetConfig
                0x0000000008004e98      0x138 Drivers/STM32F7xx_HAL_Driver/Src/stm32f7xx_hal_dma2d.o
 .text.HAL_GPIO_Init
                0x0000000008004fd0      0x354 Drivers/STM32F7xx_HAL_Driver/Src/stm32f7xx_hal_gpio.o
                0x0000000008004fd0                HAL_GPIO_Init
 .text.HAL_GPIO_WritePin
                0x0000000008005324       0x32 Drivers/STM32F7xx_HAL_Driver/Src/stm32f7xx_hal_gpio.o
                0x0000000008005324                HAL_GPIO_WritePin
 *fill*         0x0000000008005356        0x2 
 .text.HAL_I2C_Init
                0x0000000008005358      0x120 Drivers/STM32F7xx_HAL_Driver/Src/stm32f7xx_hal_i2c.o
                0x0000000008005358                HAL_I2C_Init
 .text.HAL_I2C_DeInit
                0x0000000008005478       0x5e Drivers/STM32F7xx_HAL_Driver/Src/stm32f7xx_hal_i2c.o
                0x0000000008005478                HAL_I2C_DeInit
 .text.HAL_I2C_MspInit
                0x00000000080054d6       0x14 Drivers/STM32F7xx_HAL_Driver/Src/stm32f7xx_hal_i2c.o
                0x00000000080054d6                HAL_I2C_MspInit
 .text.HAL_I2C_MspDeInit
                0x00000000080054ea       0x14 Drivers/STM32F7xx_HAL_Driver/Src/stm32f7xx_hal_i2c.o
                0x00000000080054ea                HAL_I2C_MspDeInit
 *fill*         0x00000000080054fe        0x2 
 .text.HAL_I2C_Mem_Write
                0x0000000008005500      0x228 Drivers/STM32F7xx_HAL_Driver/Src/stm32f7xx_hal_i2c.o
                0x0000000008005500                HAL_I2C_Mem_Write
 .text.HAL_I2C_Mem_Read
                0x0000000008005728      0x234 Drivers/STM32F7xx_HAL_Driver/Src/stm32f7xx_hal_i2c.o
                0x0000000008005728                HAL_I2C_Mem_Read
 .text.HAL_I2C_GetState
                0x000000000800595c       0x1c Drivers/STM32F7xx_HAL_Driver/Src/stm32f7xx_hal_i2c.o
                0x000000000800595c                HAL_I2C_GetState
 .text.I2C_RequestMemoryWrite
                0x0000000008005978       0xa8 Drivers/STM32F7xx_HAL_Driver/Src/stm32f7xx_hal_i2c.o
 .text.I2C_RequestMemoryRead
                0x0000000008005a20       0xa8 Drivers/STM32F7xx_HAL_Driver/Src/stm32f7xx_hal_i2c.o
 .text.I2C_Flush_TXDR
                0x0000000008005ac8       0x48 Drivers/STM32F7xx_HAL_Driver/Src/stm32f7xx_hal_i2c.o
 .text.I2C_WaitOnFlagUntilTimeout
                0x0000000008005b10       0x80 Drivers/STM32F7xx_HAL_Driver/Src/stm32f7xx_hal_i2c.o
 .text.I2C_WaitOnTXISFlagUntilTimeout
                0x0000000008005b90       0x80 Drivers/STM32F7xx_HAL_Driver/Src/stm32f7xx_hal_i2c.o
 .text.I2C_WaitOnSTOPFlagUntilTimeout
                0x0000000008005c10       0x78 Drivers/STM32F7xx_HAL_Driver/Src/stm32f7xx_hal_i2c.o
 .text.I2C_IsAcknowledgeFailed
                0x0000000008005c88       0xcc Drivers/STM32F7xx_HAL_Driver/Src/stm32f7xx_hal_i2c.o
 .text.I2C_TransferConfig
                0x0000000008005d54       0x5c Drivers/STM32F7xx_HAL_Driver/Src/stm32f7xx_hal_i2c.o
 .text.HAL_LTDC_Init
                0x0000000008005db0      0x1a0 Drivers/STM32F7xx_HAL_Driver/Src/stm32f7xx_hal_ltdc.o
                0x0000000008005db0                HAL_LTDC_Init
 .text.HAL_LTDC_IRQHandler
                0x0000000008005f50      0x148 Drivers/STM32F7xx_HAL_Driver/Src/stm32f7xx_hal_ltdc.o
                0x0000000008005f50                HAL_LTDC_IRQHandler
 .text.HAL_LTDC_ErrorCallback
                0x0000000008006098       0x14 Drivers/STM32F7xx_HAL_Driver/Src/stm32f7xx_hal_ltdc.o
                0x0000000008006098                HAL_LTDC_ErrorCallback
 .text.HAL_LTDC_LineEventCallback
                0x00000000080060ac       0x14 Drivers/STM32F7xx_HAL_Driver/Src/stm32f7xx_hal_ltdc.o
                0x00000000080060ac                HAL_LTDC_LineEventCallback
 .text.HAL_LTDC_ReloadEventCallback
                0x00000000080060c0       0x14 Drivers/STM32F7xx_HAL_Driver/Src/stm32f7xx_hal_ltdc.o
                0x00000000080060c0                HAL_LTDC_ReloadEventCallback
 .text.HAL_LTDC_ConfigLayer
                0x00000000080060d4       0x7c Drivers/STM32F7xx_HAL_Driver/Src/stm32f7xx_hal_ltdc.o
                0x00000000080060d4                HAL_LTDC_ConfigLayer
 .text.HAL_LTDC_GetState
                0x0000000008006150       0x1c Drivers/STM32F7xx_HAL_Driver/Src/stm32f7xx_hal_ltdc.o
                0x0000000008006150                HAL_LTDC_GetState
 .text.LTDC_SetConfig
                0x000000000800616c      0x334 Drivers/STM32F7xx_HAL_Driver/Src/stm32f7xx_hal_ltdc.o
 .text.HAL_PWR_EnableBkUpAccess
                0x00000000080064a0       0x20 Drivers/STM32F7xx_HAL_Driver/Src/stm32f7xx_hal_pwr.o
                0x00000000080064a0                HAL_PWR_EnableBkUpAccess
 .text.HAL_PWREx_EnableOverDrive
                0x00000000080064c0       0xa0 Drivers/STM32F7xx_HAL_Driver/Src/stm32f7xx_hal_pwr_ex.o
                0x00000000080064c0                HAL_PWREx_EnableOverDrive
 .text.HAL_QSPI_Init
                0x0000000008006560      0x114 Drivers/STM32F7xx_HAL_Driver/Src/stm32f7xx_hal_qspi.o
                0x0000000008006560                HAL_QSPI_Init
 .text.HAL_QSPI_SetTimeout
                0x0000000008006674       0x1c Drivers/STM32F7xx_HAL_Driver/Src/stm32f7xx_hal_qspi.o
                0x0000000008006674                HAL_QSPI_SetTimeout
 .text.QSPI_WaitFlagStateUntilTimeout
                0x0000000008006690       0x6e Drivers/STM32F7xx_HAL_Driver/Src/stm32f7xx_hal_qspi.o
 *fill*         0x00000000080066fe        0x2 
 .text.HAL_RCC_OscConfig
                0x0000000008006700      0x4e0 Drivers/STM32F7xx_HAL_Driver/Src/stm32f7xx_hal_rcc.o
                0x0000000008006700                HAL_RCC_OscConfig
 .text.HAL_RCC_ClockConfig
                0x0000000008006be0      0x1d0 Drivers/STM32F7xx_HAL_Driver/Src/stm32f7xx_hal_rcc.o
                0x0000000008006be0                HAL_RCC_ClockConfig
 .text.HAL_RCC_GetSysClockFreq
                0x0000000008006db0      0x164 Drivers/STM32F7xx_HAL_Driver/Src/stm32f7xx_hal_rcc.o
                0x0000000008006db0                HAL_RCC_GetSysClockFreq
 .text.HAL_RCC_GetHCLKFreq
                0x0000000008006f14       0x18 Drivers/STM32F7xx_HAL_Driver/Src/stm32f7xx_hal_rcc.o
                0x0000000008006f14                HAL_RCC_GetHCLKFreq
 .text.HAL_RCC_GetPCLK1Freq
                0x0000000008006f2c       0x28 Drivers/STM32F7xx_HAL_Driver/Src/stm32f7xx_hal_rcc.o
                0x0000000008006f2c                HAL_RCC_GetPCLK1Freq
 .text.HAL_RCC_GetPCLK2Freq
                0x0000000008006f54       0x28 Drivers/STM32F7xx_HAL_Driver/Src/stm32f7xx_hal_rcc.o
                0x0000000008006f54                HAL_RCC_GetPCLK2Freq
 .text.HAL_RCCEx_PeriphCLKConfig
                0x0000000008006f7c      0x7dc Drivers/STM32F7xx_HAL_Driver/Src/stm32f7xx_hal_rcc_ex.o
                0x0000000008006f7c                HAL_RCCEx_PeriphCLKConfig
 .text.HAL_RTC_Init
                0x0000000008007758       0xf8 Drivers/STM32F7xx_HAL_Driver/Src/stm32f7xx_hal_rtc.o
                0x0000000008007758                HAL_RTC_Init
 .text.HAL_RTC_SetTime
                0x0000000008007850      0x17c Drivers/STM32F7xx_HAL_Driver/Src/stm32f7xx_hal_rtc.o
                0x0000000008007850                HAL_RTC_SetTime
 .text.HAL_RTC_SetDate
                0x00000000080079cc      0x150 Drivers/STM32F7xx_HAL_Driver/Src/stm32f7xx_hal_rtc.o
                0x00000000080079cc                HAL_RTC_SetDate
 .text.HAL_RTC_SetAlarm
                0x0000000008007b1c      0x230 Drivers/STM32F7xx_HAL_Driver/Src/stm32f7xx_hal_rtc.o
                0x0000000008007b1c                HAL_RTC_SetAlarm
 .text.HAL_RTC_WaitForSynchro
                0x0000000008007d4c       0x50 Drivers/STM32F7xx_HAL_Driver/Src/stm32f7xx_hal_rtc.o
                0x0000000008007d4c                HAL_RTC_WaitForSynchro
 .text.RTC_EnterInitMode
                0x0000000008007d9c       0x58 Drivers/STM32F7xx_HAL_Driver/Src/stm32f7xx_hal_rtc.o
                0x0000000008007d9c                RTC_EnterInitMode
 .text.RTC_ByteToBcd2
                0x0000000008007df4       0x3c Drivers/STM32F7xx_HAL_Driver/Src/stm32f7xx_hal_rtc.o
                0x0000000008007df4                RTC_ByteToBcd2
 .text.HAL_RTCEx_SetTimeStamp
                0x0000000008007e30       0xac Drivers/STM32F7xx_HAL_Driver/Src/stm32f7xx_hal_rtc_ex.o
                0x0000000008007e30                HAL_RTCEx_SetTimeStamp
 .text.HAL_SD_Init
                0x0000000008007edc       0x56 Drivers/STM32F7xx_HAL_Driver/Src/stm32f7xx_hal_sd.o
                0x0000000008007edc                HAL_SD_Init
 .text.HAL_SD_InitCard
                0x0000000008007f32       0xc8 Drivers/STM32F7xx_HAL_Driver/Src/stm32f7xx_hal_sd.o
                0x0000000008007f32                HAL_SD_InitCard
 .text.HAL_SD_GetCardCSD
                0x0000000008007ffa      0x450 Drivers/STM32F7xx_HAL_Driver/Src/stm32f7xx_hal_sd.o
                0x0000000008007ffa                HAL_SD_GetCardCSD
 .text.HAL_SD_ConfigWideBusOperation
                0x000000000800844a       0xf8 Drivers/STM32F7xx_HAL_Driver/Src/stm32f7xx_hal_sd.o
                0x000000000800844a                HAL_SD_ConfigWideBusOperation
 .text.SD_InitCard
                0x0000000008008542      0x192 Drivers/STM32F7xx_HAL_Driver/Src/stm32f7xx_hal_sd.o
 .text.SD_PowerON
                0x00000000080086d4      0x150 Drivers/STM32F7xx_HAL_Driver/Src/stm32f7xx_hal_sd.o
 .text.SD_WideBus_Enable
                0x0000000008008824       0x9a Drivers/STM32F7xx_HAL_Driver/Src/stm32f7xx_hal_sd.o
 .text.SD_WideBus_Disable
                0x00000000080088be       0x9a Drivers/STM32F7xx_HAL_Driver/Src/stm32f7xx_hal_sd.o
 .text.SD_FindSCR
                0x0000000008008958      0x192 Drivers/STM32F7xx_HAL_Driver/Src/stm32f7xx_hal_sd.o
 .text.HAL_SDRAM_Init
                0x0000000008008aea       0x68 Drivers/STM32F7xx_HAL_Driver/Src/stm32f7xx_hal_sdram.o
                0x0000000008008aea                HAL_SDRAM_Init
 .text.HAL_SDRAM_SendCommand
                0x0000000008008b52       0x56 Drivers/STM32F7xx_HAL_Driver/Src/stm32f7xx_hal_sdram.o
                0x0000000008008b52                HAL_SDRAM_SendCommand
 .text.HAL_SDRAM_ProgramRefreshRate
                0x0000000008008ba8       0x40 Drivers/STM32F7xx_HAL_Driver/Src/stm32f7xx_hal_sdram.o
                0x0000000008008ba8                HAL_SDRAM_ProgramRefreshRate
 .text.HAL_TIM_Base_Init
                0x0000000008008be8       0x56 Drivers/STM32F7xx_HAL_Driver/Src/stm32f7xx_hal_tim.o
                0x0000000008008be8                HAL_TIM_Base_Init
 *fill*         0x0000000008008c3e        0x2 
 .text.HAL_TIM_Base_Start_IT
                0x0000000008008c40       0x54 Drivers/STM32F7xx_HAL_Driver/Src/stm32f7xx_hal_tim.o
                0x0000000008008c40                HAL_TIM_Base_Start_IT
 .text.HAL_TIM_IRQHandler
                0x0000000008008c94      0x23e Drivers/STM32F7xx_HAL_Driver/Src/stm32f7xx_hal_tim.o
                0x0000000008008c94                HAL_TIM_IRQHandler
 *fill*         0x0000000008008ed2        0x2 
 .text.HAL_TIM_ConfigClockSource
                0x0000000008008ed4      0x174 Drivers/STM32F7xx_HAL_Driver/Src/stm32f7xx_hal_tim.o
                0x0000000008008ed4                HAL_TIM_ConfigClockSource
 .text.HAL_TIM_OC_DelayElapsedCallback
                0x0000000008009048       0x14 Drivers/STM32F7xx_HAL_Driver/Src/stm32f7xx_hal_tim.o
                0x0000000008009048                HAL_TIM_OC_DelayElapsedCallback
 .text.HAL_TIM_IC_CaptureCallback
                0x000000000800905c       0x14 Drivers/STM32F7xx_HAL_Driver/Src/stm32f7xx_hal_tim.o
                0x000000000800905c                HAL_TIM_IC_CaptureCallback
 .text.HAL_TIM_PWM_PulseFinishedCallback
                0x0000000008009070       0x14 Drivers/STM32F7xx_HAL_Driver/Src/stm32f7xx_hal_tim.o
                0x0000000008009070                HAL_TIM_PWM_PulseFinishedCallback
 .text.HAL_TIM_TriggerCallback
                0x0000000008009084       0x14 Drivers/STM32F7xx_HAL_Driver/Src/stm32f7xx_hal_tim.o
                0x0000000008009084                HAL_TIM_TriggerCallback
 .text.TIM_Base_SetConfig
                0x0000000008009098      0x140 Drivers/STM32F7xx_HAL_Driver/Src/stm32f7xx_hal_tim.o
                0x0000000008009098                TIM_Base_SetConfig
 .text.TIM_TI1_ConfigInputStage
                0x00000000080091d8       0x5e Drivers/STM32F7xx_HAL_Driver/Src/stm32f7xx_hal_tim.o
 .text.TIM_TI2_ConfigInputStage
                0x0000000008009236       0x60 Drivers/STM32F7xx_HAL_Driver/Src/stm32f7xx_hal_tim.o
 .text.TIM_ITRx_SetConfig
                0x0000000008009296       0x36 Drivers/STM32F7xx_HAL_Driver/Src/stm32f7xx_hal_tim.o
 .text.TIM_ETR_SetConfig
                0x00000000080092cc       0x40 Drivers/STM32F7xx_HAL_Driver/Src/stm32f7xx_hal_tim.o
                0x00000000080092cc                TIM_ETR_SetConfig
 .text.HAL_TIMEx_MasterConfigSynchronization
                0x000000000800930c       0xb8 Drivers/STM32F7xx_HAL_Driver/Src/stm32f7xx_hal_tim_ex.o
                0x000000000800930c                HAL_TIMEx_MasterConfigSynchronization
 .text.HAL_TIMEx_CommutCallback
                0x00000000080093c4       0x14 Drivers/STM32F7xx_HAL_Driver/Src/stm32f7xx_hal_tim_ex.o
                0x00000000080093c4                HAL_TIMEx_CommutCallback
 .text.HAL_TIMEx_BreakCallback
                0x00000000080093d8       0x14 Drivers/STM32F7xx_HAL_Driver/Src/stm32f7xx_hal_tim_ex.o
                0x00000000080093d8                HAL_TIMEx_BreakCallback
 .text.HAL_TIMEx_Break2Callback
                0x00000000080093ec       0x14 Drivers/STM32F7xx_HAL_Driver/Src/stm32f7xx_hal_tim_ex.o
                0x00000000080093ec                HAL_TIMEx_Break2Callback
 .text.HAL_UART_Init
                0x0000000008009400       0x9c Drivers/STM32F7xx_HAL_Driver/Src/stm32f7xx_hal_uart.o
                0x0000000008009400                HAL_UART_Init
 .text.UART_SetConfig
                0x000000000800949c      0x548 Drivers/STM32F7xx_HAL_Driver/Src/stm32f7xx_hal_uart.o
                0x000000000800949c                UART_SetConfig
 .text.UART_AdvFeatureConfig
                0x00000000080099e4      0x144 Drivers/STM32F7xx_HAL_Driver/Src/stm32f7xx_hal_uart.o
                0x00000000080099e4                UART_AdvFeatureConfig
 .text.UART_CheckIdleState
                0x0000000008009b28       0x5e Drivers/STM32F7xx_HAL_Driver/Src/stm32f7xx_hal_uart.o
                0x0000000008009b28                UART_CheckIdleState
 .text.UART_WaitOnFlagUntilTimeout
                0x0000000008009b86       0x90 Drivers/STM32F7xx_HAL_Driver/Src/stm32f7xx_hal_uart.o
                0x0000000008009b86                UART_WaitOnFlagUntilTimeout
 *fill*         0x0000000008009c16        0x2 
 .text.FMC_SDRAM_Init
                0x0000000008009c18       0xe4 Drivers/STM32F7xx_HAL_Driver/Src/stm32f7xx_ll_fmc.o
                0x0000000008009c18                FMC_SDRAM_Init
 .text.FMC_SDRAM_Timing_Init
                0x0000000008009cfc      0x100 Drivers/STM32F7xx_HAL_Driver/Src/stm32f7xx_ll_fmc.o
                0x0000000008009cfc                FMC_SDRAM_Timing_Init
 .text.FMC_SDRAM_SendCommand
                0x0000000008009dfc       0x42 Drivers/STM32F7xx_HAL_Driver/Src/stm32f7xx_ll_fmc.o
                0x0000000008009dfc                FMC_SDRAM_SendCommand
 .text.FMC_SDRAM_ProgramRefreshRate
                0x0000000008009e3e       0x26 Drivers/STM32F7xx_HAL_Driver/Src/stm32f7xx_ll_fmc.o
                0x0000000008009e3e                FMC_SDRAM_ProgramRefreshRate
 .text.SDMMC_Init
                0x0000000008009e64       0x58 Drivers/STM32F7xx_HAL_Driver/Src/stm32f7xx_ll_sdmmc.o
                0x0000000008009e64                SDMMC_Init
 .text.SDMMC_ReadFIFO
                0x0000000008009ebc       0x1a Drivers/STM32F7xx_HAL_Driver/Src/stm32f7xx_ll_sdmmc.o
                0x0000000008009ebc                SDMMC_ReadFIFO
 .text.SDMMC_PowerState_ON
                0x0000000008009ed6       0x1c Drivers/STM32F7xx_HAL_Driver/Src/stm32f7xx_ll_sdmmc.o
                0x0000000008009ed6                SDMMC_PowerState_ON
 .text.SDMMC_GetPowerState
                0x0000000008009ef2       0x1c Drivers/STM32F7xx_HAL_Driver/Src/stm32f7xx_ll_sdmmc.o
                0x0000000008009ef2                SDMMC_GetPowerState
 *fill*         0x0000000008009f0e        0x2 
 .text.SDMMC_SendCommand
                0x0000000008009f10       0x54 Drivers/STM32F7xx_HAL_Driver/Src/stm32f7xx_ll_sdmmc.o
                0x0000000008009f10                SDMMC_SendCommand
 .text.SDMMC_GetCommandResponse
                0x0000000008009f64       0x1a Drivers/STM32F7xx_HAL_Driver/Src/stm32f7xx_ll_sdmmc.o
                0x0000000008009f64                SDMMC_GetCommandResponse
 .text.SDMMC_GetResponse
                0x0000000008009f7e       0x2a Drivers/STM32F7xx_HAL_Driver/Src/stm32f7xx_ll_sdmmc.o
                0x0000000008009f7e                SDMMC_GetResponse
 .text.SDMMC_ConfigData
                0x0000000008009fa8       0x58 Drivers/STM32F7xx_HAL_Driver/Src/stm32f7xx_ll_sdmmc.o
                0x0000000008009fa8                SDMMC_ConfigData
 .text.SDMMC_CmdBlockLength
                0x000000000800a000       0x48 Drivers/STM32F7xx_HAL_Driver/Src/stm32f7xx_ll_sdmmc.o
                0x000000000800a000                SDMMC_CmdBlockLength
 .text.SDMMC_CmdSelDesel
                0x000000000800a048       0x4a Drivers/STM32F7xx_HAL_Driver/Src/stm32f7xx_ll_sdmmc.o
                0x000000000800a048                SDMMC_CmdSelDesel
 .text.SDMMC_CmdGoIdleState
                0x000000000800a092       0x40 Drivers/STM32F7xx_HAL_Driver/Src/stm32f7xx_ll_sdmmc.o
                0x000000000800a092                SDMMC_CmdGoIdleState
 .text.SDMMC_CmdOperCond
                0x000000000800a0d2       0x42 Drivers/STM32F7xx_HAL_Driver/Src/stm32f7xx_ll_sdmmc.o
                0x000000000800a0d2                SDMMC_CmdOperCond
 .text.SDMMC_CmdAppCommand
                0x000000000800a114       0x48 Drivers/STM32F7xx_HAL_Driver/Src/stm32f7xx_ll_sdmmc.o
                0x000000000800a114                SDMMC_CmdAppCommand
 .text.SDMMC_CmdAppOperCommand
                0x000000000800a15c       0x4c Drivers/STM32F7xx_HAL_Driver/Src/stm32f7xx_ll_sdmmc.o
                0x000000000800a15c                SDMMC_CmdAppOperCommand
 .text.SDMMC_CmdBusWidth
                0x000000000800a1a8       0x48 Drivers/STM32F7xx_HAL_Driver/Src/stm32f7xx_ll_sdmmc.o
                0x000000000800a1a8                SDMMC_CmdBusWidth
 .text.SDMMC_CmdSendSCR
                0x000000000800a1f0       0x46 Drivers/STM32F7xx_HAL_Driver/Src/stm32f7xx_ll_sdmmc.o
                0x000000000800a1f0                SDMMC_CmdSendSCR
 .text.SDMMC_CmdSendCID
                0x000000000800a236       0x40 Drivers/STM32F7xx_HAL_Driver/Src/stm32f7xx_ll_sdmmc.o
                0x000000000800a236                SDMMC_CmdSendCID
 .text.SDMMC_CmdSendCSD
                0x000000000800a276       0x42 Drivers/STM32F7xx_HAL_Driver/Src/stm32f7xx_ll_sdmmc.o
                0x000000000800a276                SDMMC_CmdSendCSD
 .text.SDMMC_CmdSetRelAdd
                0x000000000800a2b8       0x46 Drivers/STM32F7xx_HAL_Driver/Src/stm32f7xx_ll_sdmmc.o
                0x000000000800a2b8                SDMMC_CmdSetRelAdd
 *fill*         0x000000000800a2fe        0x2 
 .text.SDMMC_GetCmdError
                0x000000000800a300       0x54 Drivers/STM32F7xx_HAL_Driver/Src/stm32f7xx_ll_sdmmc.o
 .text.SDMMC_GetCmdResp1
                0x000000000800a354      0x1cc Drivers/STM32F7xx_HAL_Driver/Src/stm32f7xx_ll_sdmmc.o
 .text.SDMMC_GetCmdResp2
                0x000000000800a520       0x80 Drivers/STM32F7xx_HAL_Driver/Src/stm32f7xx_ll_sdmmc.o
 .text.SDMMC_GetCmdResp3
                0x000000000800a5a0       0x68 Drivers/STM32F7xx_HAL_Driver/Src/stm32f7xx_ll_sdmmc.o
 .text.SDMMC_GetCmdResp6
                0x000000000800a608       0xdc Drivers/STM32F7xx_HAL_Driver/Src/stm32f7xx_ll_sdmmc.o
 .text.SDMMC_GetCmdResp7
                0x000000000800a6e4       0x74 Drivers/STM32F7xx_HAL_Driver/Src/stm32f7xx_ll_sdmmc.o
 .text.Init_Display
                0x000000000800a758       0x54 Src/display_lcd.o
                0x000000000800a758                Init_Display
 .text.Display_Render
                0x000000000800a7ac       0x4c Src/display_lcd.o
                0x000000000800a7ac                Display_Render
 .text.Draw_GUI
                0x000000000800a7f8      0x18c Src/display_lcd.o
                0x000000000800a7f8                Draw_GUI
 .text.Plot_Signal
                0x000000000800a984      0x100 Src/display_lcd.o
                0x000000000800a984                Plot_Signal
 .text.Plot_Threshold
                0x000000000800aa84       0xa0 Src/display_lcd.o
                0x000000000800aa84                Plot_Threshold
 .text.Draw_Signal_Marker
                0x000000000800ab24       0x28 Src/display_lcd.o
                0x000000000800ab24                Draw_Signal_Marker
 .text.active_button
                0x000000000800ab4c       0x68 Src/display_lcd.o
                0x000000000800ab4c                active_button
 .text.TouchScreen_Polling
                0x000000000800abb4       0xe4 Src/display_lcd.o
                0x000000000800abb4                TouchScreen_Polling
 .text.get_current_plot_ID
                0x000000000800ac98       0x18 Src/display_lcd.o
                0x000000000800ac98                get_current_plot_ID
 .text.SCB_EnableICache
                0x000000000800acb0       0x40 Src/main.o
 .text.SCB_EnableDCache
                0x000000000800acf0       0x80 Src/main.o
 .text.HAL_TIM_PeriodElapsedCallback
                0x000000000800ad70       0x30 Src/main.o
                0x000000000800ad70                HAL_TIM_PeriodElapsedCallback
 .text.main     0x000000000800ada0       0xf0 Src/main.o
                0x000000000800ada0                main
 .text.SystemClock_Config
                0x000000000800ae90      0x15c Src/main.o
                0x000000000800ae90                SystemClock_Config
 .text.MX_ADC1_Init
                0x000000000800afec       0xa8 Src/main.o
 .text.MX_DCMI_Init
                0x000000000800b094       0x68 Src/main.o
 .text.MX_DMA2D_Init
                0x000000000800b0fc       0x64 Src/main.o
 .text.MX_LTDC_Init
                0x000000000800b160      0x104 Src/main.o
 .text.MX_QUADSPI_Init
                0x000000000800b264       0x58 Src/main.o
 .text.MX_RTC_Init
                0x000000000800b2bc      0x150 Src/main.o
 .text.MX_SDMMC1_SD_Init
                0x000000000800b40c       0x60 Src/main.o
 .text.MX_TIM3_Init
                0x000000000800b46c       0x9c Src/main.o
 .text.MX_TIM7_Init
                0x000000000800b508       0x6c Src/main.o
 .text.MX_USART1_UART_Init
                0x000000000800b574       0x60 Src/main.o
 .text.MX_DMA_Init
                0x000000000800b5d4       0x3c Src/main.o
 .text.MX_FMC_Init
                0x000000000800b610       0xa0 Src/main.o
 .text.MX_GPIO_Init
                0x000000000800b6b0      0x5d8 Src/main.o
 .text.Error_Handler
                0x000000000800bc88        0xe Src/main.o
                0x000000000800bc88                Error_Handler
 *fill*         0x000000000800bc96        0x2 
 .text.HAL_ADC_ConvCpltCallback
                0x000000000800bc98       0x20 Src/signal_handler.o
                0x000000000800bc98                HAL_ADC_ConvCpltCallback
 .text.Init_Sampling
                0x000000000800bcb8       0x28 Src/signal_handler.o
                0x000000000800bcb8                Init_Sampling
 .text.signal_handler_process
                0x000000000800bce0       0x28 Src/signal_handler.o
                0x000000000800bce0                signal_handler_process
 .text.signals_analyse
                0x000000000800bd08       0x9c Src/signal_handler.o
                0x000000000800bd08                signals_analyse
 *fill*         0x000000000800bda4        0x4 
 .text.search_signal
                0x000000000800bda8       0x74 Src/signal_handler.o
                0x000000000800bda8                search_signal
 .text.crosscorrelation
                0x000000000800be1c      0x580 Src/signal_handler.o
                0x000000000800be1c                crosscorrelation
 .text.can_display
                0x000000000800c39c       0x18 Src/signal_handler.o
                0x000000000800c39c                can_display
 .text.disable_signal_display
                0x000000000800c3b4       0x18 Src/signal_handler.o
                0x000000000800c3b4                disable_signal_display
 *fill*         0x000000000800c3cc        0x4 
 .text.get_threshold
                0x000000000800c3d0       0x3c Src/signal_handler.o
                0x000000000800c3d0                get_threshold
 .text.is_signal_here
                0x000000000800c40c       0x18 Src/signal_handler.o
                0x000000000800c40c                is_signal_here
 .text.get_signal_data
                0x000000000800c424       0x54 Src/signal_handler.o
                0x000000000800c424                get_signal_data
 .text.HAL_MspInit
                0x000000000800c478       0x48 Src/stm32f7xx_hal_msp.o
                0x000000000800c478                HAL_MspInit
 .text.HAL_ADC_MspInit
                0x000000000800c4c0       0xf8 Src/stm32f7xx_hal_msp.o
                0x000000000800c4c0                HAL_ADC_MspInit
 .text.HAL_DCMI_MspInit
                0x000000000800c5b8      0x17c Src/stm32f7xx_hal_msp.o
                0x000000000800c5b8                HAL_DCMI_MspInit
 .text.HAL_DMA2D_MspInit
                0x000000000800c734       0x4c Src/stm32f7xx_hal_msp.o
                0x000000000800c734                HAL_DMA2D_MspInit
 .text.HAL_LTDC_MspInit
                0x000000000800c780      0x190 Src/stm32f7xx_hal_msp.o
                0x000000000800c780                HAL_LTDC_MspInit
 .text.HAL_QSPI_MspInit
                0x000000000800c910      0x120 Src/stm32f7xx_hal_msp.o
                0x000000000800c910                HAL_QSPI_MspInit
 .text.HAL_RTC_MspInit
                0x000000000800ca30       0x34 Src/stm32f7xx_hal_msp.o
                0x000000000800ca30                HAL_RTC_MspInit
 .text.HAL_SD_MspInit
                0x000000000800ca64       0xc4 Src/stm32f7xx_hal_msp.o
                0x000000000800ca64                HAL_SD_MspInit
 .text.HAL_TIM_Base_MspInit
                0x000000000800cb28       0xd0 Src/stm32f7xx_hal_msp.o
                0x000000000800cb28                HAL_TIM_Base_MspInit
 .text.HAL_UART_MspInit
                0x000000000800cbf8       0xc4 Src/stm32f7xx_hal_msp.o
                0x000000000800cbf8                HAL_UART_MspInit
 .text.HAL_FMC_MspInit
                0x000000000800ccbc      0x120 Src/stm32f7xx_hal_msp.o
 .text.HAL_SDRAM_MspInit
                0x000000000800cddc       0x14 Src/stm32f7xx_hal_msp.o
                0x000000000800cddc                HAL_SDRAM_MspInit
 .text.SysTick_Handler
                0x000000000800cdf0        0xc Src/stm32f7xx_it.o
                0x000000000800cdf0                SysTick_Handler
 .text.NMI_Handler
                0x000000000800cdfc        0xe Src/stm32f7xx_it.o
                0x000000000800cdfc                NMI_Handler
 .text.HardFault_Handler
                0x000000000800ce0a        0x6 Src/stm32f7xx_it.o
                0x000000000800ce0a                HardFault_Handler
 .text.MemManage_Handler
                0x000000000800ce10        0x6 Src/stm32f7xx_it.o
                0x000000000800ce10                MemManage_Handler
 .text.BusFault_Handler
                0x000000000800ce16        0x6 Src/stm32f7xx_it.o
                0x000000000800ce16                BusFault_Handler
 .text.UsageFault_Handler
                0x000000000800ce1c        0x6 Src/stm32f7xx_it.o
                0x000000000800ce1c                UsageFault_Handler
 .text.SVC_Handler
                0x000000000800ce22        0xe Src/stm32f7xx_it.o
                0x000000000800ce22                SVC_Handler
 .text.DebugMon_Handler
                0x000000000800ce30        0xe Src/stm32f7xx_it.o
                0x000000000800ce30                DebugMon_Handler
 .text.PendSV_Handler
                0x000000000800ce3e        0xe Src/stm32f7xx_it.o
                0x000000000800ce3e                PendSV_Handler
 .text.ADC_IRQHandler
                0x000000000800ce4c       0x14 Src/stm32f7xx_it.o
                0x000000000800ce4c                ADC_IRQHandler
 .text.TIM3_IRQHandler
                0x000000000800ce60       0x14 Src/stm32f7xx_it.o
                0x000000000800ce60                TIM3_IRQHandler
 .text.TIM7_IRQHandler
                0x000000000800ce74       0x14 Src/stm32f7xx_it.o
                0x000000000800ce74                TIM7_IRQHandler
 .text.DMA2_Stream4_IRQHandler
                0x000000000800ce88       0x14 Src/stm32f7xx_it.o
                0x000000000800ce88                DMA2_Stream4_IRQHandler
 .text.LTDC_IRQHandler
                0x000000000800ce9c       0x14 Src/stm32f7xx_it.o
                0x000000000800ce9c                LTDC_IRQHandler
 .text.DMA2D_IRQHandler
                0x000000000800ceb0       0x14 Src/stm32f7xx_it.o
                0x000000000800ceb0                DMA2D_IRQHandler
 .text.SystemInit
                0x000000000800cec4       0x6c Src/system_stm32f7xx.o
                0x000000000800cec4                SystemInit
 .text.Reset_Handler
                0x000000000800cf30       0x50 Startup/startup_stm32f746nghx.o
                0x000000000800cf30                Reset_Handler
 .text.Default_Handler
                0x000000000800cf80        0x2 Startup/startup_stm32f746nghx.o
                0x000000000800cf80                RTC_Alarm_IRQHandler
                0x000000000800cf80                EXTI2_IRQHandler
                0x000000000800cf80                TIM8_CC_IRQHandler
                0x000000000800cf80                UART8_IRQHandler
                0x000000000800cf80                SPI4_IRQHandler
                0x000000000800cf80                TIM1_CC_IRQHandler
                0x000000000800cf80                DMA2_Stream5_IRQHandler
                0x000000000800cf80                DMA1_Stream5_IRQHandler
                0x000000000800cf80                PVD_IRQHandler
                0x000000000800cf80                TAMP_STAMP_IRQHandler
                0x000000000800cf80                CAN2_RX1_IRQHandler
                0x000000000800cf80                EXTI3_IRQHandler
                0x000000000800cf80                TIM8_TRG_COM_TIM14_IRQHandler
                0x000000000800cf80                TIM1_UP_TIM10_IRQHandler
                0x000000000800cf80                TIM8_UP_TIM13_IRQHandler
                0x000000000800cf80                I2C3_ER_IRQHandler
                0x000000000800cf80                EXTI0_IRQHandler
                0x000000000800cf80                I2C2_EV_IRQHandler
                0x000000000800cf80                DMA1_Stream2_IRQHandler
                0x000000000800cf80                CAN1_RX0_IRQHandler
                0x000000000800cf80                FPU_IRQHandler
                0x000000000800cf80                OTG_HS_WKUP_IRQHandler
                0x000000000800cf80                LTDC_ER_IRQHandler
                0x000000000800cf80                CAN2_SCE_IRQHandler
                0x000000000800cf80                DMA2_Stream2_IRQHandler
                0x000000000800cf80                SPI1_IRQHandler
                0x000000000800cf80                TIM6_DAC_IRQHandler
                0x000000000800cf80                TIM1_BRK_TIM9_IRQHandler
                0x000000000800cf80                DCMI_IRQHandler
                0x000000000800cf80                CAN2_RX0_IRQHandler
                0x000000000800cf80                DMA2_Stream3_IRQHandler
                0x000000000800cf80                SAI2_IRQHandler
                0x000000000800cf80                USART6_IRQHandler
                0x000000000800cf80                USART3_IRQHandler
                0x000000000800cf80                CAN1_RX1_IRQHandler
                0x000000000800cf80                UART5_IRQHandler
                0x000000000800cf80                DMA2_Stream0_IRQHandler
                0x000000000800cf80                TIM4_IRQHandler
                0x000000000800cf80                QUADSPI_IRQHandler
                0x000000000800cf80                I2C1_EV_IRQHandler
                0x000000000800cf80                DMA1_Stream6_IRQHandler
                0x000000000800cf80                DMA1_Stream1_IRQHandler
                0x000000000800cf80                UART4_IRQHandler
                0x000000000800cf80                RCC_IRQHandler
                0x000000000800cf80                TIM8_BRK_TIM12_IRQHandler
                0x000000000800cf80                Default_Handler
                0x000000000800cf80                CEC_IRQHandler
                0x000000000800cf80                EXTI15_10_IRQHandler
                0x000000000800cf80                DMA1_Stream7_IRQHandler
                0x000000000800cf80                SPI5_IRQHandler
                0x000000000800cf80                SDMMC1_IRQHandler
                0x000000000800cf80                CAN2_TX_IRQHandler
                0x000000000800cf80                TIM5_IRQHandler
                0x000000000800cf80                DMA2_Stream7_IRQHandler
                0x000000000800cf80                I2C3_EV_IRQHandler
                0x000000000800cf80                EXTI9_5_IRQHandler
                0x000000000800cf80                RTC_WKUP_IRQHandler
                0x000000000800cf80                ETH_WKUP_IRQHandler
                0x000000000800cf80                SPDIF_RX_IRQHandler
                0x000000000800cf80                SPI2_IRQHandler
                0x000000000800cf80                OTG_HS_EP1_IN_IRQHandler
                0x000000000800cf80                DMA1_Stream0_IRQHandler
                0x000000000800cf80                CAN1_TX_IRQHandler
                0x000000000800cf80                EXTI4_IRQHandler
                0x000000000800cf80                RNG_IRQHandler
                0x000000000800cf80                ETH_IRQHandler
                0x000000000800cf80                OTG_HS_EP1_OUT_IRQHandler
                0x000000000800cf80                WWDG_IRQHandler
                0x000000000800cf80                SPI6_IRQHandler
                0x000000000800cf80                I2C4_EV_IRQHandler
                0x000000000800cf80                TIM2_IRQHandler
                0x000000000800cf80                OTG_FS_WKUP_IRQHandler
                0x000000000800cf80                TIM1_TRG_COM_TIM11_IRQHandler
                0x000000000800cf80                OTG_HS_IRQHandler
                0x000000000800cf80                EXTI1_IRQHandler
                0x000000000800cf80                UART7_IRQHandler
                0x000000000800cf80                USART2_IRQHandler
                0x000000000800cf80                I2C2_ER_IRQHandler
                0x000000000800cf80                DMA2_Stream1_IRQHandler
                0x000000000800cf80                CAN1_SCE_IRQHandler
                0x000000000800cf80                FLASH_IRQHandler
                0x000000000800cf80                USART1_IRQHandler
                0x000000000800cf80                OTG_FS_IRQHandler
                0x000000000800cf80                SPI3_IRQHandler
                0x000000000800cf80                DMA1_Stream4_IRQHandler
                0x000000000800cf80                I2C1_ER_IRQHandler
                0x000000000800cf80                FMC_IRQHandler
                0x000000000800cf80                LPTIM1_IRQHandler
                0x000000000800cf80                I2C4_ER_IRQHandler
                0x000000000800cf80                DMA2_Stream6_IRQHandler
                0x000000000800cf80                SAI1_IRQHandler
                0x000000000800cf80                DMA1_Stream3_IRQHandler
 *fill*         0x000000000800cf82        0x2 
 .text.__libc_init_array
                0x000000000800cf84       0x48 d:/stm32cubeide_1.0.0/stm32cubeide/plugins/com.st.stm32cube.ide.mcu.externaltools.gnu-tools-for-stm32.7-2018-q2-update.win32_1.0.0.201904181610/tools/bin/../lib/gcc/arm-none-eabi/7.3.1/../../../../arm-none-eabi/lib/thumb/v7e-m/fpv4-sp/hard\libc_nano.a(lib_a-init.o)
                0x000000000800cf84                __libc_init_array
 .text.memset   0x000000000800cfcc       0x10 d:/stm32cubeide_1.0.0/stm32cubeide/plugins/com.st.stm32cube.ide.mcu.externaltools.gnu-tools-for-stm32.7-2018-q2-update.win32_1.0.0.201904181610/tools/bin/../lib/gcc/arm-none-eabi/7.3.1/../../../../arm-none-eabi/lib/thumb/v7e-m/fpv4-sp/hard\libc_nano.a(lib_a-memset.o)
                0x000000000800cfcc                memset
 .text.sqrt     0x000000000800cfdc       0xb4 d:/stm32cubeide_1.0.0/stm32cubeide/plugins/com.st.stm32cube.ide.mcu.externaltools.gnu-tools-for-stm32.7-2018-q2-update.win32_1.0.0.201904181610/tools/bin/../lib/gcc/arm-none-eabi/7.3.1/../../../../arm-none-eabi/lib/thumb/v7e-m/fpv4-sp/hard\libm.a(lib_a-w_sqrt.o)
                0x000000000800cfdc                sqrt
 .text.__ieee754_sqrt
                0x000000000800d090      0x160 d:/stm32cubeide_1.0.0/stm32cubeide/plugins/com.st.stm32cube.ide.mcu.externaltools.gnu-tools-for-stm32.7-2018-q2-update.win32_1.0.0.201904181610/tools/bin/../lib/gcc/arm-none-eabi/7.3.1/../../../../arm-none-eabi/lib/thumb/v7e-m/fpv4-sp/hard\libm.a(lib_a-e_sqrt.o)
                0x000000000800d090                __ieee754_sqrt
 .text.matherr  0x000000000800d1f0        0x4 d:/stm32cubeide_1.0.0/stm32cubeide/plugins/com.st.stm32cube.ide.mcu.externaltools.gnu-tools-for-stm32.7-2018-q2-update.win32_1.0.0.201904181610/tools/bin/../lib/gcc/arm-none-eabi/7.3.1/../../../../arm-none-eabi/lib/thumb/v7e-m/fpv4-sp/hard\libm.a(lib_a-s_matherr.o)
                0x000000000800d1f0                matherr
 .text.__errno  0x000000000800d1f4        0xc d:/stm32cubeide_1.0.0/stm32cubeide/plugins/com.st.stm32cube.ide.mcu.externaltools.gnu-tools-for-stm32.7-2018-q2-update.win32_1.0.0.201904181610/tools/bin/../lib/gcc/arm-none-eabi/7.3.1/../../../../arm-none-eabi/lib/thumb/v7e-m/fpv4-sp/hard\libc_nano.a(lib_a-errno.o)
                0x000000000800d1f4                __errno
 *(.glue_7)
 .glue_7        0x000000000800d200        0x0 linker stubs
 *(.glue_7t)
 .glue_7t       0x000000000800d200        0x0 linker stubs
 *(.eh_frame)
 .eh_frame      0x000000000800d200        0x0 d:/stm32cubeide_1.0.0/stm32cubeide/plugins/com.st.stm32cube.ide.mcu.externaltools.gnu-tools-for-stm32.7-2018-q2-update.win32_1.0.0.201904181610/tools/bin/../lib/gcc/arm-none-eabi/7.3.1/thumb/v7e-m/fpv4-sp/hard/crtbegin.o
 *(.init)
 .init          0x000000000800d200        0x4 d:/stm32cubeide_1.0.0/stm32cubeide/plugins/com.st.stm32cube.ide.mcu.externaltools.gnu-tools-for-stm32.7-2018-q2-update.win32_1.0.0.201904181610/tools/bin/../lib/gcc/arm-none-eabi/7.3.1/thumb/v7e-m/fpv4-sp/hard/crti.o
                0x000000000800d200                _init
 .init          0x000000000800d204        0x8 d:/stm32cubeide_1.0.0/stm32cubeide/plugins/com.st.stm32cube.ide.mcu.externaltools.gnu-tools-for-stm32.7-2018-q2-update.win32_1.0.0.201904181610/tools/bin/../lib/gcc/arm-none-eabi/7.3.1/thumb/v7e-m/fpv4-sp/hard/crtn.o
 *(.fini)
 .fini          0x000000000800d20c        0x4 d:/stm32cubeide_1.0.0/stm32cubeide/plugins/com.st.stm32cube.ide.mcu.externaltools.gnu-tools-for-stm32.7-2018-q2-update.win32_1.0.0.201904181610/tools/bin/../lib/gcc/arm-none-eabi/7.3.1/thumb/v7e-m/fpv4-sp/hard/crti.o
                0x000000000800d20c                _fini
 .fini          0x000000000800d210        0x8 d:/stm32cubeide_1.0.0/stm32cubeide/plugins/com.st.stm32cube.ide.mcu.externaltools.gnu-tools-for-stm32.7-2018-q2-update.win32_1.0.0.201904181610/tools/bin/../lib/gcc/arm-none-eabi/7.3.1/thumb/v7e-m/fpv4-sp/hard/crtn.o
                0x000000000800d218                . = ALIGN (0x4)
                0x000000000800d218                _etext = .

.vfp11_veneer   0x000000000800d218        0x0
 .vfp11_veneer  0x000000000800d218        0x0 linker stubs

.v4_bx          0x000000000800d218        0x0
 .v4_bx         0x000000000800d218        0x0 linker stubs

.iplt           0x000000000800d218        0x0
 .iplt          0x000000000800d218        0x0 d:/stm32cubeide_1.0.0/stm32cubeide/plugins/com.st.stm32cube.ide.mcu.externaltools.gnu-tools-for-stm32.7-2018-q2-update.win32_1.0.0.201904181610/tools/bin/../lib/gcc/arm-none-eabi/7.3.1/thumb/v7e-m/fpv4-sp/hard/crtbegin.o

.rodata         0x000000000800d218     0x29f8
                0x000000000800d218                . = ALIGN (0x4)
 *(.rodata)
 .rodata        0x000000000800d218       0x40 Src/display_lcd.o
 *(.rodata*)
 .rodata.Font24_Table
                0x000000000800d258     0x1ab8 Drivers/BSP/stm32746g_discovery_lcd.o
                0x000000000800d258                Font24_Table
 .rodata.Font16_Table
                0x000000000800ed10      0xbe0 Drivers/BSP/stm32746g_discovery_lcd.o
                0x000000000800ed10                Font16_Table
 .rodata.Font8_Table
                0x000000000800f8f0      0x2f8 Drivers/BSP/stm32746g_discovery_lcd.o
                0x000000000800f8f0                Font8_Table
 .rodata.flagBitshiftOffset.10195
                0x000000000800fbe8        0x8 Drivers/STM32F7xx_HAL_Driver/Src/stm32f7xx_hal_dma.o
 .rodata.AHBPrescTable
                0x000000000800fbf0       0x10 Src/system_stm32f7xx.o
                0x000000000800fbf0                AHBPrescTable
 .rodata.APBPrescTable
                0x000000000800fc00        0x8 Src/system_stm32f7xx.o
                0x000000000800fc00                APBPrescTable
 .rodata.sqrt.str1.1
                0x000000000800fc08        0x5 d:/stm32cubeide_1.0.0/stm32cubeide/plugins/com.st.stm32cube.ide.mcu.externaltools.gnu-tools-for-stm32.7-2018-q2-update.win32_1.0.0.201904181610/tools/bin/../lib/gcc/arm-none-eabi/7.3.1/../../../../arm-none-eabi/lib/thumb/v7e-m/fpv4-sp/hard\libm.a(lib_a-w_sqrt.o)
                0x000000000800fc10                . = ALIGN (0x4)
 *fill*         0x000000000800fc0d        0x3 

.ARM.extab      0x000000000800fc10        0x0
                0x000000000800fc10                . = ALIGN (0x4)
 *(.ARM.extab* .gnu.linkonce.armextab.*)
                0x000000000800fc10                . = ALIGN (0x4)

.ARM            0x000000000800fc10        0x8
                0x000000000800fc10                . = ALIGN (0x4)
                0x000000000800fc10                __exidx_start = .
 *(.ARM.exidx*)
 .ARM.exidx     0x000000000800fc10        0x8 d:/stm32cubeide_1.0.0/stm32cubeide/plugins/com.st.stm32cube.ide.mcu.externaltools.gnu-tools-for-stm32.7-2018-q2-update.win32_1.0.0.201904181610/tools/bin/../lib/gcc/arm-none-eabi/7.3.1/thumb/v7e-m/fpv4-sp/hard\libgcc.a(_udivmoddi4.o)
                0x000000000800fc18                __exidx_end = .
                0x000000000800fc18                . = ALIGN (0x4)

.rel.dyn        0x000000000800fc18        0x0
 .rel.iplt      0x000000000800fc18        0x0 d:/stm32cubeide_1.0.0/stm32cubeide/plugins/com.st.stm32cube.ide.mcu.externaltools.gnu-tools-for-stm32.7-2018-q2-update.win32_1.0.0.201904181610/tools/bin/../lib/gcc/arm-none-eabi/7.3.1/thumb/v7e-m/fpv4-sp/hard/crtbegin.o

.preinit_array  0x000000000800fc18        0x0
                0x000000000800fc18                . = ALIGN (0x4)
                0x000000000800fc18                PROVIDE (__preinit_array_start = .)
 *(.preinit_array*)
                0x000000000800fc18                PROVIDE (__preinit_array_end = .)
                0x000000000800fc18                . = ALIGN (0x4)

.init_array     0x000000000800fc18        0x4
                0x000000000800fc18                . = ALIGN (0x4)
                0x000000000800fc18                PROVIDE (__init_array_start = .)
 *(SORT_BY_NAME(.init_array.*))
 *(.init_array*)
 .init_array    0x000000000800fc18        0x4 d:/stm32cubeide_1.0.0/stm32cubeide/plugins/com.st.stm32cube.ide.mcu.externaltools.gnu-tools-for-stm32.7-2018-q2-update.win32_1.0.0.201904181610/tools/bin/../lib/gcc/arm-none-eabi/7.3.1/thumb/v7e-m/fpv4-sp/hard/crtbegin.o
                0x000000000800fc1c                PROVIDE (__init_array_end = .)
                0x000000000800fc1c                . = ALIGN (0x4)

.fini_array     0x000000000800fc1c        0x4
                0x000000000800fc1c                . = ALIGN (0x4)
                [!provide]                        PROVIDE (__fini_array_start = .)
 *(SORT_BY_NAME(.fini_array.*))
 *(.fini_array*)
 .fini_array    0x000000000800fc1c        0x4 d:/stm32cubeide_1.0.0/stm32cubeide/plugins/com.st.stm32cube.ide.mcu.externaltools.gnu-tools-for-stm32.7-2018-q2-update.win32_1.0.0.201904181610/tools/bin/../lib/gcc/arm-none-eabi/7.3.1/thumb/v7e-m/fpv4-sp/hard/crtbegin.o
                [!provide]                        PROVIDE (__fini_array_end = .)
                0x000000000800fc20                . = ALIGN (0x4)
                0x000000000800fc20                _sidata = LOADADDR (.data)

.data           0x0000000020000000      0x114 load address 0x000000000800fc20
                0x0000000020000000                . = ALIGN (0x4)
                0x0000000020000000                _sdata = .
 *(.data)
 *(.data*)
 .data.ft5336_ts_drv
                0x0000000020000000       0x28 Drivers/BSP/Components/ft5336/ft5336.o
                0x0000000020000000                ft5336_ts_drv
 .data.Font24   0x0000000020000028        0x8 Drivers/BSP/stm32746g_discovery_lcd.o
                0x0000000020000028                Font24
 .data.Font16   0x0000000020000030        0x8 Drivers/BSP/stm32746g_discovery_lcd.o
                0x0000000020000030                Font16
 .data.Font8    0x0000000020000038        0x8 Drivers/BSP/stm32746g_discovery_lcd.o
                0x0000000020000038                Font8
 .data.sdramstatus.10111
                0x0000000020000040        0x1 Drivers/BSP/stm32746g_discovery_sdram.o
 *fill*         0x0000000020000041        0x3 
 .data.uwTickPrio
                0x0000000020000044        0x4 Drivers/STM32F7xx_HAL_Driver/Src/stm32f7xx_hal.o
                0x0000000020000044                uwTickPrio
 .data.uwTickFreq
                0x0000000020000048        0x1 Drivers/STM32F7xx_HAL_Driver/Src/stm32f7xx_hal.o
                0x0000000020000048                uwTickFreq
 *fill*         0x0000000020000049        0x3 
 .data.button_list
                0x000000002000004c       0x3c Src/display_lcd.o
                0x000000002000004c                button_list
 .data.detection_label
                0x0000000020000088       0x20 Src/display_lcd.o
                0x0000000020000088                detection_label
 .data.SystemCoreClock
                0x00000000200000a8        0x4 Src/system_stm32f7xx.o
                0x00000000200000a8                SystemCoreClock
 .data._impure_ptr
                0x00000000200000ac        0x4 d:/stm32cubeide_1.0.0/stm32cubeide/plugins/com.st.stm32cube.ide.mcu.externaltools.gnu-tools-for-stm32.7-2018-q2-update.win32_1.0.0.201904181610/tools/bin/../lib/gcc/arm-none-eabi/7.3.1/../../../../arm-none-eabi/lib/thumb/v7e-m/fpv4-sp/hard\libc_nano.a(lib_a-impure.o)
                0x00000000200000ac                _impure_ptr
 .data.impure_data
                0x00000000200000b0       0x60 d:/stm32cubeide_1.0.0/stm32cubeide/plugins/com.st.stm32cube.ide.mcu.externaltools.gnu-tools-for-stm32.7-2018-q2-update.win32_1.0.0.201904181610/tools/bin/../lib/gcc/arm-none-eabi/7.3.1/../../../../arm-none-eabi/lib/thumb/v7e-m/fpv4-sp/hard\libc_nano.a(lib_a-impure.o)
 .data.__fdlib_version
                0x0000000020000110        0x1 d:/stm32cubeide_1.0.0/stm32cubeide/plugins/com.st.stm32cube.ide.mcu.externaltools.gnu-tools-for-stm32.7-2018-q2-update.win32_1.0.0.201904181610/tools/bin/../lib/gcc/arm-none-eabi/7.3.1/../../../../arm-none-eabi/lib/thumb/v7e-m/fpv4-sp/hard\libm.a(lib_a-s_lib_ver.o)
                0x0000000020000110                __fdlib_version
                0x0000000020000114                . = ALIGN (0x4)
 *fill*         0x0000000020000111        0x3 
                0x0000000020000114                _edata = .

.igot.plt       0x0000000020000114        0x0 load address 0x000000000800fd34
 .igot.plt      0x0000000020000114        0x0 d:/stm32cubeide_1.0.0/stm32cubeide/plugins/com.st.stm32cube.ide.mcu.externaltools.gnu-tools-for-stm32.7-2018-q2-update.win32_1.0.0.201904181610/tools/bin/../lib/gcc/arm-none-eabi/7.3.1/thumb/v7e-m/fpv4-sp/hard/crtbegin.o
                0x0000000020000114                . = ALIGN (0x4)

.bss            0x0000000020000114     0x4730 load address 0x000000000800fd34
                0x0000000020000114                _sbss = .
                0x0000000020000114                __bss_start__ = _sbss
 *(.bss)
 .bss           0x0000000020000114       0x1c d:/stm32cubeide_1.0.0/stm32cubeide/plugins/com.st.stm32cube.ide.mcu.externaltools.gnu-tools-for-stm32.7-2018-q2-update.win32_1.0.0.201904181610/tools/bin/../lib/gcc/arm-none-eabi/7.3.1/thumb/v7e-m/fpv4-sp/hard/crtbegin.o
 *(.bss*)
 .bss.ft5336_handle
                0x0000000020000130        0x3 Drivers/BSP/Components/ft5336/ft5336.o
 *fill*         0x0000000020000133        0x1 
 .bss.coord.5529
                0x0000000020000134        0x2 Drivers/BSP/Components/ft5336/ft5336.o
 *fill*         0x0000000020000136        0x2 
 .bss.hI2cAudioHandler
                0x0000000020000138       0x4c Drivers/BSP/stm32746g_discovery.o
 .bss.hDma2dHandler
                0x0000000020000184       0x40 Drivers/BSP/stm32746g_discovery_lcd.o
 .bss.ActiveLayer
                0x00000000200001c4        0x4 Drivers/BSP/stm32746g_discovery_lcd.o
 .bss.DrawProp  0x00000000200001c8       0x18 Drivers/BSP/stm32746g_discovery_lcd.o
 .bss.periph_clk_init_struct.10698
                0x00000000200001e0       0x84 Drivers/BSP/stm32746g_discovery_lcd.o
 .bss.Timing    0x0000000020000264       0x1c Drivers/BSP/stm32746g_discovery_sdram.o
 .bss.Command   0x0000000020000280       0x10 Drivers/BSP/stm32746g_discovery_sdram.o
 .bss.dma_handle.10147
                0x0000000020000290       0x60 Drivers/BSP/stm32746g_discovery_sdram.o
 .bss.tsDriver  0x00000000200002f0        0x4 Drivers/BSP/stm32746g_discovery_ts.o
 .bss.tsXBoundary
                0x00000000200002f4        0x2 Drivers/BSP/stm32746g_discovery_ts.o
 .bss.tsYBoundary
                0x00000000200002f6        0x2 Drivers/BSP/stm32746g_discovery_ts.o
 .bss.tsOrientation
                0x00000000200002f8        0x1 Drivers/BSP/stm32746g_discovery_ts.o
 .bss.I2cAddress
                0x00000000200002f9        0x1 Drivers/BSP/stm32746g_discovery_ts.o
 *fill*         0x00000000200002fa        0x2 
 .bss._x.10263  0x00000000200002fc       0x14 Drivers/BSP/stm32746g_discovery_ts.o
 .bss._y.10264  0x0000000020000310       0x14 Drivers/BSP/stm32746g_discovery_ts.o
 .bss.TS_State  0x0000000020000324       0x2c Src/display_lcd.o
 .bss.plot_id   0x0000000020000350        0x1 Src/display_lcd.o
                0x0000000020000350                plot_id
 .bss.ref_threshold
                0x0000000020000351        0x1 Src/signal_handler.o
                0x0000000020000351                ref_threshold
 .bss.signal_detected
                0x0000000020000352        0x1 Src/signal_handler.o
                0x0000000020000352                signal_detected
 .bss.display_ready
                0x0000000020000353        0x1 Src/signal_handler.o
                0x0000000020000353                display_ready
 .bss.FMC_Initialized
                0x0000000020000354        0x4 Src/stm32f7xx_hal_msp.o
 *(COMMON)
 COMMON         0x0000000020000358       0xa8 Drivers/BSP/stm32746g_discovery_lcd.o
                0x0000000020000358                hLtdcHandler
 COMMON         0x0000000020000400       0x34 Drivers/BSP/stm32746g_discovery_sdram.o
                0x0000000020000400                sdramHandle
 COMMON         0x0000000020000434        0x4 Drivers/STM32F7xx_HAL_Driver/Src/stm32f7xx_hal.o
                0x0000000020000434                uwTick
 COMMON         0x0000000020000438      0x404 Src/main.o
                0x0000000020000438                hsd1
                0x00000000200004bc                htim3
                0x00000000200004fc                hltdc
                0x00000000200005a4                hadc1
                0x00000000200005ec                hdcmi
                0x000000002000063c                huart1
                0x00000000200006bc                hdma_adc1
                0x000000002000071c                hrtc
                0x000000002000073c                hdma2d
                0x000000002000077c                hsdram1
                0x00000000200007b0                htim7
                0x00000000200007f0                hqspi
 COMMON         0x000000002000083c     0x4008 Src/signal_handler.o
                0x000000002000083c                corr_max
                0x000000002000083d                ref_sampled
                0x000000002000083e                sample_corr_max
                0x0000000020000840                corr_func
                0x0000000020001840                sampling_buff
                0x0000000020003840                result_ready
                0x0000000020003841                is_ready
                0x0000000020003844                ref_signal
                0x0000000020004044                raw_signal
                0x0000000020004844                . = ALIGN (0x4)
                0x0000000020004844                _ebss = .
                0x0000000020004844                __bss_end__ = _ebss

._user_heap_stack
                0x0000000020004844      0x604 load address 0x000000000800fd34
                0x0000000020004848                . = ALIGN (0x8)
 *fill*         0x0000000020004844        0x4 
                [!provide]                        PROVIDE (end = .)
                [!provide]                        PROVIDE (_end = .)
                0x0000000020004a48                . = (. + _Min_Heap_Size)
 *fill*         0x0000000020004848      0x200 
                0x0000000020004e48                . = (. + _Min_Stack_Size)
 *fill*         0x0000000020004a48      0x400 
                0x0000000020004e48                . = ALIGN (0x8)

/DISCARD/
 libc.a(*)
 libm.a(*)
 libgcc.a(*)

.ARM.attributes
                0x0000000000000000       0x30
 *(.ARM.attributes)
 .ARM.attributes
                0x0000000000000000       0x22 d:/stm32cubeide_1.0.0/stm32cubeide/plugins/com.st.stm32cube.ide.mcu.externaltools.gnu-tools-for-stm32.7-2018-q2-update.win32_1.0.0.201904181610/tools/bin/../lib/gcc/arm-none-eabi/7.3.1/thumb/v7e-m/fpv4-sp/hard/crti.o
 .ARM.attributes
                0x0000000000000022       0x34 d:/stm32cubeide_1.0.0/stm32cubeide/plugins/com.st.stm32cube.ide.mcu.externaltools.gnu-tools-for-stm32.7-2018-q2-update.win32_1.0.0.201904181610/tools/bin/../lib/gcc/arm-none-eabi/7.3.1/thumb/v7e-m/fpv4-sp/hard/crtbegin.o
 .ARM.attributes
                0x0000000000000056       0x39 Drivers/BSP/Components/ft5336/ft5336.o
 .ARM.attributes
                0x000000000000008f       0x39 Drivers/BSP/stm32746g_discovery.o
 .ARM.attributes
                0x00000000000000c8       0x39 Drivers/BSP/stm32746g_discovery_lcd.o
 .ARM.attributes
                0x0000000000000101       0x39 Drivers/BSP/stm32746g_discovery_sdram.o
 .ARM.attributes
                0x000000000000013a       0x39 Drivers/BSP/stm32746g_discovery_ts.o
 .ARM.attributes
                0x0000000000000173       0x39 Drivers/STM32F7xx_HAL_Driver/Src/stm32f7xx_hal.o
 .ARM.attributes
                0x00000000000001ac       0x39 Drivers/STM32F7xx_HAL_Driver/Src/stm32f7xx_hal_adc.o
 .ARM.attributes
                0x00000000000001e5       0x39 Drivers/STM32F7xx_HAL_Driver/Src/stm32f7xx_hal_adc_ex.o
 .ARM.attributes
                0x000000000000021e       0x39 Drivers/STM32F7xx_HAL_Driver/Src/stm32f7xx_hal_cortex.o
 .ARM.attributes
                0x0000000000000257       0x39 Drivers/STM32F7xx_HAL_Driver/Src/stm32f7xx_hal_dcmi.o
 .ARM.attributes
                0x0000000000000290       0x39 Drivers/STM32F7xx_HAL_Driver/Src/stm32f7xx_hal_dma.o
 .ARM.attributes
                0x00000000000002c9       0x39 Drivers/STM32F7xx_HAL_Driver/Src/stm32f7xx_hal_dma2d.o
 .ARM.attributes
                0x0000000000000302       0x39 Drivers/STM32F7xx_HAL_Driver/Src/stm32f7xx_hal_gpio.o
 .ARM.attributes
                0x000000000000033b       0x39 Drivers/STM32F7xx_HAL_Driver/Src/stm32f7xx_hal_i2c.o
 .ARM.attributes
                0x0000000000000374       0x39 Drivers/STM32F7xx_HAL_Driver/Src/stm32f7xx_hal_ltdc.o
 .ARM.attributes
                0x00000000000003ad       0x39 Drivers/STM32F7xx_HAL_Driver/Src/stm32f7xx_hal_pwr.o
 .ARM.attributes
                0x00000000000003e6       0x39 Drivers/STM32F7xx_HAL_Driver/Src/stm32f7xx_hal_pwr_ex.o
 .ARM.attributes
                0x000000000000041f       0x39 Drivers/STM32F7xx_HAL_Driver/Src/stm32f7xx_hal_qspi.o
 .ARM.attributes
                0x0000000000000458       0x39 Drivers/STM32F7xx_HAL_Driver/Src/stm32f7xx_hal_rcc.o
 .ARM.attributes
                0x0000000000000491       0x39 Drivers/STM32F7xx_HAL_Driver/Src/stm32f7xx_hal_rcc_ex.o
 .ARM.attributes
                0x00000000000004ca       0x39 Drivers/STM32F7xx_HAL_Driver/Src/stm32f7xx_hal_rtc.o
 .ARM.attributes
                0x0000000000000503       0x39 Drivers/STM32F7xx_HAL_Driver/Src/stm32f7xx_hal_rtc_ex.o
 .ARM.attributes
                0x000000000000053c       0x39 Drivers/STM32F7xx_HAL_Driver/Src/stm32f7xx_hal_sd.o
 .ARM.attributes
                0x0000000000000575       0x39 Drivers/STM32F7xx_HAL_Driver/Src/stm32f7xx_hal_sdram.o
 .ARM.attributes
                0x00000000000005ae       0x39 Drivers/STM32F7xx_HAL_Driver/Src/stm32f7xx_hal_tim.o
 .ARM.attributes
                0x00000000000005e7       0x39 Drivers/STM32F7xx_HAL_Driver/Src/stm32f7xx_hal_tim_ex.o
 .ARM.attributes
                0x0000000000000620       0x39 Drivers/STM32F7xx_HAL_Driver/Src/stm32f7xx_hal_uart.o
 .ARM.attributes
                0x0000000000000659       0x39 Drivers/STM32F7xx_HAL_Driver/Src/stm32f7xx_ll_fmc.o
 .ARM.attributes
                0x0000000000000692       0x39 Drivers/STM32F7xx_HAL_Driver/Src/stm32f7xx_ll_sdmmc.o
 .ARM.attributes
                0x00000000000006cb       0x39 Src/display_lcd.o
 .ARM.attributes
                0x0000000000000704       0x39 Src/main.o
 .ARM.attributes
                0x000000000000073d       0x39 Src/signal_handler.o
 .ARM.attributes
                0x0000000000000776       0x39 Src/stm32f7xx_hal_msp.o
 .ARM.attributes
                0x00000000000007af       0x39 Src/stm32f7xx_it.o
 .ARM.attributes
                0x00000000000007e8       0x39 Src/system_stm32f7xx.o
 .ARM.attributes
                0x0000000000000821       0x21 Startup/startup_stm32f746nghx.o
 .ARM.attributes
                0x0000000000000842       0x34 d:/stm32cubeide_1.0.0/stm32cubeide/plugins/com.st.stm32cube.ide.mcu.externaltools.gnu-tools-for-stm32.7-2018-q2-update.win32_1.0.0.201904181610/tools/bin/../lib/gcc/arm-none-eabi/7.3.1/../../../../arm-none-eabi/lib/thumb/v7e-m/fpv4-sp/hard\libc_nano.a(lib_a-impure.o)
 .ARM.attributes
                0x0000000000000876       0x34 d:/stm32cubeide_1.0.0/stm32cubeide/plugins/com.st.stm32cube.ide.mcu.externaltools.gnu-tools-for-stm32.7-2018-q2-update.win32_1.0.0.201904181610/tools/bin/../lib/gcc/arm-none-eabi/7.3.1/../../../../arm-none-eabi/lib/thumb/v7e-m/fpv4-sp/hard\libc_nano.a(lib_a-init.o)
 .ARM.attributes
                0x00000000000008aa       0x34 d:/stm32cubeide_1.0.0/stm32cubeide/plugins/com.st.stm32cube.ide.mcu.externaltools.gnu-tools-for-stm32.7-2018-q2-update.win32_1.0.0.201904181610/tools/bin/../lib/gcc/arm-none-eabi/7.3.1/../../../../arm-none-eabi/lib/thumb/v7e-m/fpv4-sp/hard\libc_nano.a(lib_a-memset.o)
 .ARM.attributes
                0x00000000000008de       0x34 d:/stm32cubeide_1.0.0/stm32cubeide/plugins/com.st.stm32cube.ide.mcu.externaltools.gnu-tools-for-stm32.7-2018-q2-update.win32_1.0.0.201904181610/tools/bin/../lib/gcc/arm-none-eabi/7.3.1/../../../../arm-none-eabi/lib/thumb/v7e-m/fpv4-sp/hard\libm.a(lib_a-w_sqrt.o)
 .ARM.attributes
                0x0000000000000912       0x34 d:/stm32cubeide_1.0.0/stm32cubeide/plugins/com.st.stm32cube.ide.mcu.externaltools.gnu-tools-for-stm32.7-2018-q2-update.win32_1.0.0.201904181610/tools/bin/../lib/gcc/arm-none-eabi/7.3.1/../../../../arm-none-eabi/lib/thumb/v7e-m/fpv4-sp/hard\libm.a(lib_a-e_sqrt.o)
 .ARM.attributes
                0x0000000000000946       0x34 d:/stm32cubeide_1.0.0/stm32cubeide/plugins/com.st.stm32cube.ide.mcu.externaltools.gnu-tools-for-stm32.7-2018-q2-update.win32_1.0.0.201904181610/tools/bin/../lib/gcc/arm-none-eabi/7.3.1/../../../../arm-none-eabi/lib/thumb/v7e-m/fpv4-sp/hard\libm.a(lib_a-s_lib_ver.o)
 .ARM.attributes
                0x000000000000097a       0x34 d:/stm32cubeide_1.0.0/stm32cubeide/plugins/com.st.stm32cube.ide.mcu.externaltools.gnu-tools-for-stm32.7-2018-q2-update.win32_1.0.0.201904181610/tools/bin/../lib/gcc/arm-none-eabi/7.3.1/../../../../arm-none-eabi/lib/thumb/v7e-m/fpv4-sp/hard\libm.a(lib_a-s_matherr.o)
 .ARM.attributes
                0x00000000000009ae       0x34 d:/stm32cubeide_1.0.0/stm32cubeide/plugins/com.st.stm32cube.ide.mcu.externaltools.gnu-tools-for-stm32.7-2018-q2-update.win32_1.0.0.201904181610/tools/bin/../lib/gcc/arm-none-eabi/7.3.1/../../../../arm-none-eabi/lib/thumb/v7e-m/fpv4-sp/hard\libc_nano.a(lib_a-errno.o)
 .ARM.attributes
                0x00000000000009e2       0x22 d:/stm32cubeide_1.0.0/stm32cubeide/plugins/com.st.stm32cube.ide.mcu.externaltools.gnu-tools-for-stm32.7-2018-q2-update.win32_1.0.0.201904181610/tools/bin/../lib/gcc/arm-none-eabi/7.3.1/thumb/v7e-m/fpv4-sp/hard\libgcc.a(_arm_addsubdf3.o)
 .ARM.attributes
                0x0000000000000a04       0x22 d:/stm32cubeide_1.0.0/stm32cubeide/plugins/com.st.stm32cube.ide.mcu.externaltools.gnu-tools-for-stm32.7-2018-q2-update.win32_1.0.0.201904181610/tools/bin/../lib/gcc/arm-none-eabi/7.3.1/thumb/v7e-m/fpv4-sp/hard\libgcc.a(_arm_muldivdf3.o)
 .ARM.attributes
                0x0000000000000a26       0x22 d:/stm32cubeide_1.0.0/stm32cubeide/plugins/com.st.stm32cube.ide.mcu.externaltools.gnu-tools-for-stm32.7-2018-q2-update.win32_1.0.0.201904181610/tools/bin/../lib/gcc/arm-none-eabi/7.3.1/thumb/v7e-m/fpv4-sp/hard\libgcc.a(_arm_cmpdf2.o)
 .ARM.attributes
                0x0000000000000a48       0x22 d:/stm32cubeide_1.0.0/stm32cubeide/plugins/com.st.stm32cube.ide.mcu.externaltools.gnu-tools-for-stm32.7-2018-q2-update.win32_1.0.0.201904181610/tools/bin/../lib/gcc/arm-none-eabi/7.3.1/thumb/v7e-m/fpv4-sp/hard\libgcc.a(_arm_unorddf2.o)
 .ARM.attributes
                0x0000000000000a6a       0x22 d:/stm32cubeide_1.0.0/stm32cubeide/plugins/com.st.stm32cube.ide.mcu.externaltools.gnu-tools-for-stm32.7-2018-q2-update.win32_1.0.0.201904181610/tools/bin/../lib/gcc/arm-none-eabi/7.3.1/thumb/v7e-m/fpv4-sp/hard\libgcc.a(_arm_fixunsdfsi.o)
 .ARM.attributes
                0x0000000000000a8c       0x22 d:/stm32cubeide_1.0.0/stm32cubeide/plugins/com.st.stm32cube.ide.mcu.externaltools.gnu-tools-for-stm32.7-2018-q2-update.win32_1.0.0.201904181610/tools/bin/../lib/gcc/arm-none-eabi/7.3.1/thumb/v7e-m/fpv4-sp/hard\libgcc.a(_arm_truncdfsf2.o)
 .ARM.attributes
                0x0000000000000aae       0x22 d:/stm32cubeide_1.0.0/stm32cubeide/plugins/com.st.stm32cube.ide.mcu.externaltools.gnu-tools-for-stm32.7-2018-q2-update.win32_1.0.0.201904181610/tools/bin/../lib/gcc/arm-none-eabi/7.3.1/thumb/v7e-m/fpv4-sp/hard\libgcc.a(_aeabi_uldivmod.o)
 .ARM.attributes
                0x0000000000000ad0       0x34 d:/stm32cubeide_1.0.0/stm32cubeide/plugins/com.st.stm32cube.ide.mcu.externaltools.gnu-tools-for-stm32.7-2018-q2-update.win32_1.0.0.201904181610/tools/bin/../lib/gcc/arm-none-eabi/7.3.1/thumb/v7e-m/fpv4-sp/hard\libgcc.a(_udivmoddi4.o)
 .ARM.attributes
                0x0000000000000b04       0x22 d:/stm32cubeide_1.0.0/stm32cubeide/plugins/com.st.stm32cube.ide.mcu.externaltools.gnu-tools-for-stm32.7-2018-q2-update.win32_1.0.0.201904181610/tools/bin/../lib/gcc/arm-none-eabi/7.3.1/thumb/v7e-m/fpv4-sp/hard\libgcc.a(_dvmd_tls.o)
 .ARM.attributes
                0x0000000000000b26       0x22 d:/stm32cubeide_1.0.0/stm32cubeide/plugins/com.st.stm32cube.ide.mcu.externaltools.gnu-tools-for-stm32.7-2018-q2-update.win32_1.0.0.201904181610/tools/bin/../lib/gcc/arm-none-eabi/7.3.1/thumb/v7e-m/fpv4-sp/hard/crtn.o
OUTPUT(Signal_Detector.elf elf32-littlearm)

.debug_info     0x0000000000000000    0x26be7
 .debug_info    0x0000000000000000      0x58d Drivers/BSP/Components/ft5336/ft5336.o
 .debug_info    0x000000000000058d     0x19bb Drivers/BSP/stm32746g_discovery.o
 .debug_info    0x0000000000001f48     0x2264 Drivers/BSP/stm32746g_discovery_lcd.o
 .debug_info    0x00000000000041ac      0xf1e Drivers/BSP/stm32746g_discovery_sdram.o
 .debug_info    0x00000000000050ca      0x9dd Drivers/BSP/stm32746g_discovery_ts.o