main.c:142:6:HAL_TIM_PeriodElapsedCallback	24	static
main.c:171:6:Generate_signal	16	static
main.c:190:6:Stop_signal	8	static
main.c:194:6:Generate_noise	8	static
main.c:204:5:main	8	static
main.c:270:6:SystemClock_Config	216	static
main.c:341:13:MX_DCMI_Init	8	static
main.c:378:13:MX_DMA2D_Init	8	static
main.c:415:13:MX_LTDC_Init	64	static
main.c:477:13:MX_QUADSPI_Init	8	static
main.c:512:13:MX_RTC_Init	80	static
main.c:605:13:MX_SDMMC1_SD_Init	8	static
main.c:641:13:MX_TIM2_Init	48	static
main.c:690:13:MX_TIM4_Init	48	static
main.c:739:13:MX_TIM6_Init	24	static
main.c:777:13:MX_TIM7_Init	24	static
main.c:815:13:MX_USART1_UART_Init	8	static
main.c:846:13:MX_FMC_Init	40	static
main.c:897:13:MX_GPIO_Init	72	static
main.c:1201:6:Error_Handler	4	static
