stm32f7xx_hal_msp.c:66:6:HAL_MspInit	16	static
stm32f7xx_hal_msp.c:88:6:HAL_DCMI_MspInit	64	static
stm32f7xx_hal_msp.c:166:6:HAL_DCMI_MspDeInit	16	static
stm32f7xx_hal_msp.c:213:6:HAL_DMA2D_MspInit	24	static
stm32f7xx_hal_msp.c:238:6:HAL_DMA2D_MspDeInit	16	static
stm32f7xx_hal_msp.c:263:6:HAL_LTDC_MspInit	64	static
stm32f7xx_hal_msp.c:364:6:HAL_LTDC_MspDeInit	16	static
stm32f7xx_hal_msp.c:433:6:HAL_QSPI_MspInit	56	static
stm32f7xx_hal_msp.c:496:6:HAL_QSPI_MspDeInit	16	static
stm32f7xx_hal_msp.c:533:6:HAL_RTC_MspInit	16	static
stm32f7xx_hal_msp.c:555:6:HAL_RTC_MspDeInit	16	static
stm32f7xx_hal_msp.c:577:6:HAL_SD_MspInit	48	static
stm32f7xx_hal_msp.c:626:6:HAL_SD_MspDeInit	16	static
stm32f7xx_hal_msp.c:662:6:HAL_TIM_PWM_MspInit	24	static
stm32f7xx_hal_msp.c:695:6:HAL_TIM_Base_MspInit	24	static
stm32f7xx_hal_msp.c:728:6:HAL_TIM_MspPostInit	48	static
stm32f7xx_hal_msp.c:780:6:HAL_TIM_PWM_MspDeInit	16	static
stm32f7xx_hal_msp.c:813:6:HAL_TIM_Base_MspDeInit	16	static
stm32f7xx_hal_msp.c:852:6:HAL_UART_MspInit	48	static
stm32f7xx_hal_msp.c:896:6:HAL_UART_MspDeInit	16	static
stm32f7xx_hal_msp.c:923:13:HAL_FMC_MspInit	32	static
stm32f7xx_hal_msp.c:1028:6:HAL_SDRAM_MspInit	16	static
stm32f7xx_hal_msp.c:1040:13:HAL_FMC_MspDeInit	8	static
stm32f7xx_hal_msp.c:1114:6:HAL_SDRAM_MspDeInit	16	static
