09:33:44 **** Incremental Build of configuration Debug for project Signal_Detector ****
make -j8 all 
arm-none-eabi-gcc "../Src/display_lcd.c" -mcpu=cortex-m7 -std=gnu11 -g3 -DUSE_HAL_DRIVER -DSTM32F746xx -DDEBUG -c -I../Middlewares/Third_Party/FreeRTOS/Source/include -I../Inc -I"C:/Users/BEYNARD/Documents/GitHub/-CPE-Lyon-ESE-Signal_Detector/Signal_Detector/Drivers/BSP/Components" -I../Drivers/CMSIS/Include -I"C:/Users/BEYNARD/Documents/GitHub/-CPE-Lyon-ESE-Signal_Detector/Signal_Detector/Drivers/BSP" -I../Drivers/CMSIS/Device/ST/STM32F7xx/Include -I"C:/Users/BEYNARD/Documents/GitHub/-CPE-Lyon-ESE-Signal_Detector/Signal_Detector/Utilities/Fonts" -I../Drivers/STM32F7xx_HAL_Driver/Inc -I../Middlewares/Third_Party/FreeRTOS/Source/portable/GCC/ARM_CM7/r0p1 -I../Middlewares/Third_Party/FreeRTOS/Source/CMSIS_RTOS -I../Drivers/STM32F7xx_HAL_Driver/Inc/Legacy -O0 -ffunction-sections -fdata-sections -Wall -fstack-usage -MMD -MP -MF"Src/display_lcd.d" -MT"Src/display_lcd.o" --specs=nano.specs -mfpu=fpv5-sp-d16 -mfloat-abi=hard -mthumb -o "Src/display_lcd.o"
../Src/display_lcd.c: In function 'Display_Render':
../Src/display_lcd.c:92:2: warning: implicit declaration of function 'Plot_Signal' [-Wimplicit-function-declaration]
  Plot_Signal(signal_test_buffer, SIGNAL_BUFF);
  ^~~~~~~~~~~
../Src/display_lcd.c: At top level:
../Src/display_lcd.c:95:6: warning: conflicting types for 'Plot_Signal'
 void Plot_Signal(uint16_t *buffer, uint16_t nbr_pts)
      ^~~~~~~~~~~
../Src/display_lcd.c:92:2: note: previous implicit declaration of 'Plot_Signal' was here
  Plot_Signal(signal_test_buffer, SIGNAL_BUFF);
  ^~~~~~~~~~~
../Src/display_lcd.c: In function 'Plot_Signal':
../Src/display_lcd.c:98:8: warning: unused variable 'pts2' [-Wunused-variable]
  float pts2 = 0;
        ^~~~
arm-none-eabi-gcc -o "Signal_Detector.elf" @"objects.list"   -mcpu=cortex-m7 -T"C:\Users\BEYNARD\Documents\GitHub\-CPE-Lyon-ESE-Signal_Detector\Signal_Detector\STM32F746NGHX_FLASH.ld" --specs=nosys.specs -Wl,-Map="Signal_Detector.map" -Wl,--gc-sections -static --specs=nano.specs -mfpu=fpv5-sp-d16 -mfloat-abi=hard -mthumb -Wl,--start-group -lc -lm -Wl,--end-group
Finished building target: Signal_Detector.elf
 
arm-none-eabi-objdump -h -S  Signal_Detector.elf  > "Signal_Detector.list"
arm-none-eabi-size   Signal_Detector.elf 
   text	   data	    bss	    dec	    hex	filename
  43088	     40	   2888	  46016	   b3c0	Signal_Detector.elf
Finished building: default.size.stdout
 
Finished building: Signal_Detector.list
 
09:33:55 **** Incremental Build of configuration Debug for project Signal_Detector ****
make -j8 all 
arm-none-eabi-size   Signal_Detector.elf 
   text	   data	    bss	    dec	    hex	filename
  43088	     40	   2888	  46016	   b3c0	Signal_Detector.elf
Finished building: default.size.stdout
 
